Archive member included to satisfy reference by file (symbol)

e:/nxp/mcuxpressoide_11.0.0_2516/ide/plugins/com.nxp.mcuxpresso.tools.win32_11.0.0.201905131304/tools/bin/../lib/gcc/arm-none-eabi/8.2.1/../../../../arm-none-eabi/lib/thumb/v6-m/nofp\libcr_semihost_nf.a(_cr__main.o)
                              ./startup/startup_mkl46z4.o (__main)
e:/nxp/mcuxpressoide_11.0.0_2516/ide/plugins/com.nxp.mcuxpresso.tools.win32_11.0.0.201905131304/tools/bin/../lib/gcc/arm-none-eabi/8.2.1/../../../../arm-none-eabi/lib/thumb/v6-m/nofp\libcr_semihost_nf.a(_cr_assert.o)
                              ./utilities/fsl_debug_console.o (__assertion_failed)
e:/nxp/mcuxpressoide_11.0.0_2516/ide/plugins/com.nxp.mcuxpresso.tools.win32_11.0.0.201905131304/tools/bin/../lib/gcc/arm-none-eabi/8.2.1/../../../../arm-none-eabi/lib/thumb/v6-m/nofp\libcr_semihost_nf.a(__ciob.o)
                              e:/nxp/mcuxpressoide_11.0.0_2516/ide/plugins/com.nxp.mcuxpresso.tools.win32_11.0.0.201905131304/tools/bin/../lib/gcc/arm-none-eabi/8.2.1/../../../../arm-none-eabi/lib/thumb/v6-m/nofp\libcr_semihost_nf.a(_cr_assert.o) (__Ciob)
e:/nxp/mcuxpressoide_11.0.0_2516/ide/plugins/com.nxp.mcuxpresso.tools.win32_11.0.0.201905131304/tools/bin/../lib/gcc/arm-none-eabi/8.2.1/../../../../arm-none-eabi/lib/thumb/v6-m/nofp\libcr_semihost_nf.a(__sys_appexit.o)
                              e:/nxp/mcuxpressoide_11.0.0_2516/ide/plugins/com.nxp.mcuxpresso.tools.win32_11.0.0.201905131304/tools/bin/../lib/gcc/arm-none-eabi/8.2.1/../../../../arm-none-eabi/lib/thumb/v6-m/nofp\libcr_semihost_nf.a(_cr_assert.o) (__sys_appexit)
e:/nxp/mcuxpressoide_11.0.0_2516/ide/plugins/com.nxp.mcuxpresso.tools.win32_11.0.0.201905131304/tools/bin/../lib/gcc/arm-none-eabi/8.2.1/../../../../arm-none-eabi/lib/thumb/v6-m/nofp\libcr_c.a(memcpy.o)
                              ./drivers/fsl_ftfx_cache.o (memcpy)
e:/nxp/mcuxpressoide_11.0.0_2516/ide/plugins/com.nxp.mcuxpresso.tools.win32_11.0.0.201905131304/tools/bin/../lib/gcc/arm-none-eabi/8.2.1/../../../../arm-none-eabi/lib/thumb/v6-m/nofp\libcr_c.a(memset.o)
                              ./drivers/fsl_ftfx_cache.o (memset)
e:/nxp/mcuxpressoide_11.0.0_2516/ide/plugins/com.nxp.mcuxpresso.tools.win32_11.0.0.201905131304/tools/bin/../lib/gcc/arm-none-eabi/8.2.1/../../../../arm-none-eabi/lib/thumb/v6-m/nofp\libcr_c.a(_deferredlazyseek.o)
                              e:/nxp/mcuxpressoide_11.0.0_2516/ide/plugins/com.nxp.mcuxpresso.tools.win32_11.0.0.201905131304/tools/bin/../lib/gcc/arm-none-eabi/8.2.1/../../../../arm-none-eabi/lib/thumb/v6-m/nofp\libcr_semihost_nf.a(_cr_assert.o) (__flsbuf)
e:/nxp/mcuxpressoide_11.0.0_2516/ide/plugins/com.nxp.mcuxpresso.tools.win32_11.0.0.201905131304/tools/bin/../lib/gcc/arm-none-eabi/8.2.1/../../../../arm-none-eabi/lib/thumb/v6-m/nofp\libcr_c.a(_fflush.o)
                              e:/nxp/mcuxpressoide_11.0.0_2516/ide/plugins/com.nxp.mcuxpresso.tools.win32_11.0.0.201905131304/tools/bin/../lib/gcc/arm-none-eabi/8.2.1/../../../../arm-none-eabi/lib/thumb/v6-m/nofp\libcr_c.a(_deferredlazyseek.o) (_fflush)
e:/nxp/mcuxpressoide_11.0.0_2516/ide/plugins/com.nxp.mcuxpresso.tools.win32_11.0.0.201905131304/tools/bin/../lib/gcc/arm-none-eabi/8.2.1/../../../../arm-none-eabi/lib/thumb/v6-m/nofp\libcr_c.a(_writebuf.o)
                              e:/nxp/mcuxpressoide_11.0.0_2516/ide/plugins/com.nxp.mcuxpresso.tools.win32_11.0.0.201905131304/tools/bin/../lib/gcc/arm-none-eabi/8.2.1/../../../../arm-none-eabi/lib/thumb/v6-m/nofp\libcr_c.a(_deferredlazyseek.o) (_Cwritebuf)
e:/nxp/mcuxpressoide_11.0.0_2516/ide/plugins/com.nxp.mcuxpresso.tools.win32_11.0.0.201905131304/tools/bin/../lib/gcc/arm-none-eabi/8.2.1/../../../../arm-none-eabi/lib/thumb/v6-m/nofp\libcr_c.a(alloc.o)
                              ./drivers/fsl_common.o (malloc)
e:/nxp/mcuxpressoide_11.0.0_2516/ide/plugins/com.nxp.mcuxpresso.tools.win32_11.0.0.201905131304/tools/bin/../lib/gcc/arm-none-eabi/8.2.1/../../../../arm-none-eabi/lib/thumb/v6-m/nofp\libcr_c.a(atan2.o)
                              ./source/frdm_accel.o (atan2)
e:/nxp/mcuxpressoide_11.0.0_2516/ide/plugins/com.nxp.mcuxpresso.tools.win32_11.0.0.201905131304/tools/bin/../lib/gcc/arm-none-eabi/8.2.1/../../../../arm-none-eabi/lib/thumb/v6-m/nofp\libcr_c.a(errno.o)
                              e:/nxp/mcuxpressoide_11.0.0_2516/ide/plugins/com.nxp.mcuxpresso.tools.win32_11.0.0.201905131304/tools/bin/../lib/gcc/arm-none-eabi/8.2.1/../../../../arm-none-eabi/lib/thumb/v6-m/nofp\libcr_c.a(atan2.o) (errno)
e:/nxp/mcuxpressoide_11.0.0_2516/ide/plugins/com.nxp.mcuxpresso.tools.win32_11.0.0.201905131304/tools/bin/../lib/gcc/arm-none-eabi/8.2.1/../../../../arm-none-eabi/lib/thumb/v6-m/nofp\libcr_c.a(fabs.o)
                              e:/nxp/mcuxpressoide_11.0.0_2516/ide/plugins/com.nxp.mcuxpresso.tools.win32_11.0.0.201905131304/tools/bin/../lib/gcc/arm-none-eabi/8.2.1/../../../../arm-none-eabi/lib/thumb/v6-m/nofp\libcr_c.a(atan2.o) (fabs)
[...]
Memory Configuration

Name             Origin             Length             Attributes
PROGRAM_FLASH    0x00000000         0x00040000         xr
SRAM             0x1fffe000         0x00008000         xrw
*default*        0x00000000         0xffffffff

Linker script and memory map

LOAD ./utilities/fsl_debug_console.o
LOAD ./utilities/fsl_io.o
LOAD ./utilities/fsl_log.o
LOAD ./utilities/fsl_str.o
LOAD ./startup/startup_mkl46z4.o
LOAD ./source/Project4.o
LOAD ./source/frdm_accel.o
LOAD ./source/frdm_i2c.o
LOAD ./source/mtb.o
LOAD ./source/semihost_hardfault.o
LOAD ./drivers/fsl_clock.o
LOAD ./drivers/fsl_common.o
LOAD ./drivers/fsl_ftfx_cache.o
LOAD ./drivers/fsl_ftfx_controller.o
LOAD ./drivers/fsl_ftfx_flash.o
LOAD ./drivers/fsl_ftfx_flexnvm.o
LOAD ./drivers/fsl_gpio.o
LOAD ./drivers/fsl_i2c.o
LOAD ./drivers/fsl_lpsci.o
LOAD ./drivers/fsl_smc.o
LOAD ./drivers/fsl_uart.o
LOAD ./board/board.o
LOAD ./board/clock_config.o
LOAD ./board/peripherals.o
LOAD ./board/pin_mux.o
LOAD ./CMSIS/system_MKL46Z4.o
START GROUP
LOAD e:/nxp/mcuxpressoide_11.0.0_2516/ide/plugins/com.nxp.mcuxpresso.tools.win32_11.0.0.201905131304/tools/bin/../lib/gcc/arm-none-eabi/8.2.1/../../../../arm-none-eabi/lib/thumb/v6-m/nofp\libcr_semihost_nf.a
LOAD e:/nxp/mcuxpressoide_11.0.0_2516/ide/plugins/com.nxp.mcuxpresso.tools.win32_11.0.0.201905131304/tools/bin/../lib/gcc/arm-none-eabi/8.2.1/../../../../arm-none-eabi/lib/thumb/v6-m/nofp\libcr_c.a
LOAD e:/nxp/mcuxpressoide_11.0.0_2516/ide/plugins/com.nxp.mcuxpresso.tools.win32_11.0.0.201905131304/tools/bin/../lib/gcc/arm-none-eabi/8.2.1/thumb/v6-m/nofp\libcr_eabihelpers.a
LOAD e:/nxp/mcuxpressoide_11.0.0_2516/ide/plugins/com.nxp.mcuxpresso.tools.win32_11.0.0.201905131304/tools/bin/../lib/gcc/arm-none-eabi/8.2.1/thumb/v6-m/nofp\libgcc.a
END GROUP
                0x00000000                __base_PROGRAM_FLASH = 0x0
                0x00000000                __base_Flash = 0x0
                0x00040000                __top_PROGRAM_FLASH = 0x40000
                0x00040000                __top_Flash = 0x40000
                0x1fffe000                __base_SRAM = 0x1fffe000
                0x1fffe000                __base_RAM = 0x1fffe000
                0x20006000                __top_SRAM = 0x20006000
                0x20006000                __top_RAM = 0x20006000

.text           0x00000000     0x614c
 FILL mask 0xff
                0x00000000                __vectors_start__ = ABSOLUTE (.)
 *(SORT_BY_ALIGNMENT(.isr_vector))
 .isr_vector    0x00000000       0xc0 ./startup/startup_mkl46z4.o
                0x00000000                g_pfnVectors
                0x00000000                __Vectors
                0x000000c0                . = ALIGN (0x4)
                0x000000c0                __section_table_start = .
                0x000000c0                __data_section_table = .
                0x000000c0        0x4 LONG 0x614c LOADADDR (.data)
                0x000000c4        0x4 LONG 0x1fffe080 ADDR (.data)
                0x000000c8        0x4 LONG 0xfc SIZEOF (.data)
                0x000000cc                __data_section_table_end = .
                0x000000cc                __bss_section_table = .
                0x000000cc        0x4 LONG 0x1fffe17c ADDR (.bss)
                0x000000d0        0x4 LONG 0x10c SIZEOF (.bss)
                0x000000d4                __bss_section_table_end = .
                0x000000d4                __section_table_end = .
 *(SORT_BY_ALIGNMENT(.after_vectors*))
 .after_vectors.reset
                0x000000d4       0x4c ./startup/startup_mkl46z4.o
                0x000000d4                ResetISR
 .after_vectors.init_data
                0x00000120       0x12 ./startup/startup_mkl46z4.o
                0x00000120                data_init
 .after_vectors.init_bss
                0x00000132       0x10 ./startup/startup_mkl46z4.o
                0x00000132                bss_init
 .after_vectors
                0x00000142      0x10c ./startup/startup_mkl46z4.o
                0x00000142                NMI_Handler
                0x00000146                SVC_Handler
                0x00000148                PendSV_Handler
                0x0000014a                SysTick_Handler
                0x0000014c                LPTMR0_DriverIRQHandler
                0x0000014c                PORTC_PORTD_DriverIRQHandler
                0x0000014c                SPI1_DriverIRQHandler
                0x0000014c                DMA0_DriverIRQHandler
                0x0000014c                DMA2_DriverIRQHandler
                0x0000014c                CMP0_DriverIRQHandler
                0x0000014c                ADC0_DriverIRQHandler
                0x0000014c                I2S0_DriverIRQHandler
                0x0000014c                SPI0_DriverIRQHandler
                0x0000014c                DMA3_DriverIRQHandler
                0x0000014c                TPM2_DriverIRQHandler
                0x0000014c                DMA1_DriverIRQHandler
                0x0000014c                PIT_DriverIRQHandler
                0x0000014c                TSI0_DriverIRQHandler
                0x0000014c                RTC_Seconds_DriverIRQHandler
                0x0000014c                LCD_DriverIRQHandler
                0x0000014c                RTC_DriverIRQHandler
                0x0000014c                LLWU_DriverIRQHandler
                0x0000014c                MCG_DriverIRQHandler
                0x0000014c                TPM1_DriverIRQHandler
                0x0000014c                PORTA_DriverIRQHandler
                0x0000014c                FTFA_DriverIRQHandler
                0x0000014c                IntDefaultHandler
                0x0000014c                USB0_DriverIRQHandler
                0x0000014c                DAC0_DriverIRQHandler
                0x0000014c                LVD_LVW_DriverIRQHandler
                0x0000014c                TPM0_DriverIRQHandler
                0x0000014c                Reserved20_DriverIRQHandler
                0x0000014e                DMA0_IRQHandler
                0x00000156                DMA1_IRQHandler
                0x0000015e                DMA2_IRQHandler
                0x00000166                DMA3_IRQHandler
                0x0000016e                Reserved20_IRQHandler
                0x00000176                FTFA_IRQHandler
                0x0000017e                LVD_LVW_IRQHandler
                0x00000186                LLWU_IRQHandler
                0x0000018e                I2C0_IRQHandler
                0x00000196                I2C1_IRQHandler
                0x0000019e                SPI0_IRQHandler
                0x000001a6                SPI1_IRQHandler
                0x000001ae                UART0_IRQHandler
                0x000001b6                UART1_IRQHandler
                0x000001be                UART2_IRQHandler
                0x000001c6                ADC0_IRQHandler
                0x000001ce                CMP0_IRQHandler
                0x000001de                TPM1_IRQHandler
                0x000001e6                TPM2_IRQHandler
                0x000001ee                RTC_IRQHandler
                0x000001f6                RTC_Seconds_IRQHandler
                0x000001fe                PIT_IRQHandler
                0x00000206                I2S0_IRQHandler
                0x0000020e                USB0_IRQHandler
                0x00000216                DAC0_IRQHandler
                0x0000021e                TSI0_IRQHandler
                0x00000226                MCG_IRQHandler
                0x0000022e                LPTMR0_IRQHandler
                0x00000236                LCD_IRQHandler
                0x0000023e                PORTA_IRQHandler
                0x00000246                PORTC_PORTD_IRQHandler
                0x00000400                . = 0x400
 *fill*         0x0000024e      0x1b2 ff
                0x00000400                PROVIDE (__FLASH_CONFIG_START__ = .)
 *(SORT_BY_ALIGNMENT(.FlashConfig))
 .FlashConfig   0x00000400       0x10 ./startup/startup_mkl46z4.o
                0x00000400                Flash_Config
                0x00000410                PROVIDE (__FLASH_CONFIG_END__ = .)
                0x00000001                ASSERT (! ((__FLASH_CONFIG_START__ == __FLASH_CONFIG_END__)), Linker Flash Config Support Enabled, but no .FlashConfig section provided within application)
 *(SORT_BY_ALIGNMENT(.text*))
 .text.DbgConsole_Init
                0x00000410       0x40 ./utilities/fsl_debug_console.o
                0x00000410                DbgConsole_Init
 .text.IO_Init  0x00000450       0xc4 ./utilities/fsl_io.o
                0x00000450                IO_Init
 .text.__NVIC_EnableIRQ
                0x00000514       0x34 ./source/Project4.o
 .text.delay_ms
                0x00000548       0x2c ./source/Project4.o
                0x00000548                delay_ms
 .text.setupLEDs
                0x00000574       0xf8 ./source/Project4.o
                0x00000574                setupLEDs
 .text.turnOnLed
                0x0000066c       0x4c ./source/Project4.o
                0x0000066c                turnOnLed
 .text.turnOffLed
                0x000006b8       0x4c ./source/Project4.o
                0x000006b8                turnOffLed
 .text.angleLightOn
                0x00000704       0x74 ./source/Project4.o
                0x00000704                angleLightOn
 .text.angleLightOff
                0x00000778       0x74 ./source/Project4.o
                0x00000778                angleLightOff
 .text.win      0x000007ec       0xa4 ./source/Project4.o
                0x000007ec                win
 .text.lose     0x00000890       0x88 ./source/Project4.o
                0x00000890                lose
 .text.TPM0_IRQHandler
                0x00000918       0x38 ./source/Project4.o
                0x00000918                TPM0_IRQHandler
 .text.init_timer
                0x00000950       0x54 ./source/Project4.o
                0x00000950                init_timer
 .text.setup_switch
                0x000009a4       0x3c ./source/Project4.o
                0x000009a4                setup_switch
 .text.waitToStart
                0x000009e0       0x30 ./source/Project4.o
                0x000009e0                waitToStart
 .text.runGame  0x00000a10      0x3bc ./source/Project4.o
                0x00000a10                runGame
 .text.startLevel
                0x00000dcc       0x70 ./source/Project4.o
                0x00000dcc                startLevel
 .text.getPosition
                0x00000e3c       0x68 ./source/frdm_accel.o
                0x00000e3c                getPosition
 .text.getAngle
                0x00000ea4       0xa4 ./source/frdm_accel.o
                0x00000ea4                getAngle
 .text.initI2C  0x00000f48       0xc8 ./source/frdm_i2c.o
                0x00000f48                initI2C
 .text.clearStatusFlags
                0x00001010       0x30 ./source/frdm_i2c.o
                0x00001010                clearStatusFlags
 .text.TCFWait  0x00001040       0x1c ./source/frdm_i2c.o
                0x00001040                TCFWait
 .text.IICIFWait
                0x0000105c       0x20 ./source/frdm_i2c.o
                0x0000105c                IICIFWait
 .text.SendStart
                0x0000107c       0x20 ./source/frdm_i2c.o
                0x0000107c                SendStart
 .text.RepeatStart
                0x0000109c       0x38 ./source/frdm_i2c.o
                0x0000109c                RepeatStart
 .text.SendStop
                0x000010d4       0x30 ./source/frdm_i2c.o
                0x000010d4                SendStop
 .text.clearIICIF
                0x00001104       0x20 ./source/frdm_i2c.o
                0x00001104                clearIICIF
 .text.RxAK     0x00001124       0x24 ./source/frdm_i2c.o
                0x00001124                RxAK
 .text.WriteByte
                0x00001148       0xa8 ./source/frdm_i2c.o
                0x00001148                WriteByte
 .text.ReadBlock
                0x000011f0      0x150 ./source/frdm_i2c.o
                0x000011f0                ReadBlock
 .text.HardFault_Handler
                0x00001340       0x30 ./source/semihost_hardfault.o
                0x00001340                HardFault_Handler
 .text.CLOCK_SetEr32kClock
                0x00001370       0x34 ./drivers/fsl_clock.o
 .text.CLOCK_SetPllFllSelClock
                0x000013a4       0x38 ./drivers/fsl_clock.o
 .text.CLOCK_GetMcgExtClkFreq
                0x000013dc       0x28 ./drivers/fsl_clock.o
 .text.CLOCK_GetFllExtRefClkFreq
                0x00001404       0xa4 ./drivers/fsl_clock.o
 .text.CLOCK_GetFllRefClkFreq
                0x000014a8       0x2c ./drivers/fsl_clock.o
 .text.CLOCK_GetOscRangeFromFreq
                0x000014d4       0x4c ./drivers/fsl_clock.o
 .text.CLOCK_GetPllFllSelClkFreq
                0x00001520       0x4c ./drivers/fsl_clock.o
                0x00001520                CLOCK_GetPllFllSelClkFreq
 .text.CLOCK_SetSimConfig
                0x0000156c       0x38 ./drivers/fsl_clock.o
                0x0000156c                CLOCK_SetSimConfig
 .text.CLOCK_GetFllFreq
                0x000015a4       0x84 ./drivers/fsl_clock.o
                0x000015a4                CLOCK_GetFllFreq
 .text.CLOCK_GetPll0Freq
                0x00001628       0x70 ./drivers/fsl_clock.o
                0x00001628                CLOCK_GetPll0Freq
 .text.CLOCK_EnablePll0
                0x00001698       0x90 ./drivers/fsl_clock.o
                0x00001698                CLOCK_EnablePll0
 .text.CLOCK_InitOsc0
                0x00001728       0x94 ./drivers/fsl_clock.o
                0x00001728                CLOCK_InitOsc0
 .text.CLOCK_SetPbeMode
                0x000017bc       0xb0 ./drivers/fsl_clock.o
                0x000017bc                CLOCK_SetPbeMode
 .text.CLOCK_BootToPeeMode
                0x0000186c       0x70 ./drivers/fsl_clock.o
                0x0000186c                CLOCK_BootToPeeMode
 .text.I2C_TransferCommonIRQHandler
                0x000018dc       0x54 ./drivers/fsl_i2c.o
 .text.I2C0_DriverIRQHandler
                0x00001930       0x20 ./drivers/fsl_i2c.o
                0x00001930                I2C0_DriverIRQHandler
 .text.I2C1_DriverIRQHandler
                0x00001950       0x20 ./drivers/fsl_i2c.o
                0x00001950                I2C1_DriverIRQHandler
 .text.CLOCK_EnableClock
                0x00001970       0x34 ./drivers/fsl_lpsci.o
 .text.LPSCI_GetInstance
                0x000019a4       0x48 ./drivers/fsl_lpsci.o
                0x000019a4                LPSCI_GetInstance
 .text.LPSCI_Init
                0x000019ec      0x270 ./drivers/fsl_lpsci.o
                0x000019ec                LPSCI_Init
 .text.LPSCI_GetDefaultConfig
                0x00001c5c       0x48 ./drivers/fsl_lpsci.o
                0x00001c5c                LPSCI_GetDefaultConfig
 .text.UART0_DriverIRQHandler
                0x00001ca4       0x24 ./drivers/fsl_lpsci.o
                0x00001ca4                UART0_DriverIRQHandler
 .text.CLOCK_EnableClock
                0x00001cc8       0x34 ./drivers/fsl_uart.o
 .text.UART_GetInstance
                0x00001cfc       0x54 ./drivers/fsl_uart.o
                0x00001cfc                UART_GetInstance
 .text.UART_Init
                0x00001d50      0x1f8 ./drivers/fsl_uart.o
                0x00001d50                UART_Init
 .text.UART_GetDefaultConfig
                0x00001f48       0x48 ./drivers/fsl_uart.o
                0x00001f48                UART_GetDefaultConfig
 .text.UART1_DriverIRQHandler
                0x00001f90       0x24 ./drivers/fsl_uart.o
                0x00001f90                UART1_DriverIRQHandler
 .text.UART2_DriverIRQHandler
                0x00001fb4       0x24 ./drivers/fsl_uart.o
                0x00001fb4                UART2_DriverIRQHandler
 .text.CLOCK_SetLpsci0Clock
                0x00001fd8       0x38 ./board/board.o
 .text.BOARD_InitDebugConsole
                0x00002010       0x30 ./board/board.o
                0x00002010                BOARD_InitDebugConsole
 .text.CLOCK_SetSimSafeDivs
                0x00002040       0x20 ./board/clock_config.o
 .text.CLOCK_SetXtal0Freq
                0x00002060       0x1c ./board/clock_config.o
 .text.CLOCK_CONFIG_SetFllExtRefDiv
                0x0000207c       0x3c ./board/clock_config.o
 .text.BOARD_BootClockRUN
                0x000020b8       0x58 ./board/clock_config.o
                0x000020b8                BOARD_BootClockRUN
 .text.CLOCK_EnableClock
                0x00002110       0x34 ./board/pin_mux.o
 .text.PORT_SetPinConfig
                0x00002144       0x38 ./board/pin_mux.o
 .text.BOARD_InitDEBUG_UART
                0x0000217c       0x80 ./board/pin_mux.o
                0x0000217c                BOARD_InitDEBUG_UART
 .text.SystemInit
                0x000021fc       0x1c ./CMSIS/system_MKL46Z4.o
                0x000021fc                SystemInit
 .text.__assertion_failed
                0x00002218       0x4c e:/nxp/mcuxpressoide_11.0.0_2516/ide/plugins/com.nxp.mcuxpresso.tools.win32_11.0.0.201905131304/tools/bin/../lib/gcc/arm-none-eabi/8.2.1/../../../../arm-none-eabi/lib/thumb/v6-m/nofp\libcr_semihost_nf.a(_cr_assert.o)
                0x00002218                __assertion_failed
 .text.__sys_appexit
                0x00002264        0xc e:/nxp/mcuxpressoide_11.0.0_2516/ide/plugins/com.nxp.mcuxpresso.tools.win32_11.0.0.201905131304/tools/bin/../lib/gcc/arm-none-eabi/8.2.1/../../../../arm-none-eabi/lib/thumb/v6-m/nofp\libcr_semihost_nf.a(__sys_appexit.o)
                0x00002264                __sys_appexit
                0x00002264                __exit
 .text._deferredlazyseek
                0x00002270       0x40 e:/nxp/mcuxpressoide_11.0.0_2516/ide/plugins/com.nxp.mcuxpresso.tools.win32_11.0.0.201905131304/tools/bin/../lib/gcc/arm-none-eabi/8.2.1/../../../../arm-none-eabi/lib/thumb/v6-m/nofp\libcr_c.a(_deferredlazyseek.o)
                0x00002270                _deferredlazyseek
 .text.__flsbuf
                0x000022b0      0x14c e:/nxp/mcuxpressoide_11.0.0_2516/ide/plugins/com.nxp.mcuxpresso.tools.win32_11.0.0.201905131304/tools/bin/../lib/gcc/arm-none-eabi/8.2.1/../../../../arm-none-eabi/lib/thumb/v6-m/nofp\libcr_c.a(_deferredlazyseek.o)
                0x000022b0                __flsbuf
 .text._fflush  0x000023fc       0x5c e:/nxp/mcuxpressoide_11.0.0_2516/ide/plugins/com.nxp.mcuxpresso.tools.win32_11.0.0.201905131304/tools/bin/../lib/gcc/arm-none-eabi/8.2.1/../../../../arm-none-eabi/lib/thumb/v6-m/nofp\libcr_c.a(_fflush.o)
                0x000023fc                _fflush
 .text._Cwritebuf
                0x00002458       0x68 e:/nxp/mcuxpressoide_11.0.0_2516/ide/plugins/com.nxp.mcuxpresso.tools.win32_11.0.0.201905131304/tools/bin/../lib/gcc/arm-none-eabi/8.2.1/../../../../arm-none-eabi/lib/thumb/v6-m/nofp\libcr_c.a(_writebuf.o)
                0x00002458                _Cwritebuf
 .text.malloc   0x000024c0       0xcc e:/nxp/mcuxpressoide_11.0.0_2516/ide/plugins/com.nxp.mcuxpresso.tools.win32_11.0.0.201905131304/tools/bin/../lib/gcc/arm-none-eabi/8.2.1/../../../../arm-none-eabi/lib/thumb/v6-m/nofp\libcr_c.a(alloc.o)
                0x000024c0                malloc
 .text._Csys_alloc
                0x0000258c       0x20 e:/nxp/mcuxpressoide_11.0.0_2516/ide/plugins/com.nxp.mcuxpresso.tools.win32_11.0.0.201905131304/tools/bin/../lib/gcc/arm-none-eabi/8.2.1/../../../../arm-none-eabi/lib/thumb/v6-m/nofp\libcr_c.a(alloc.o)
                0x0000258c                _Csys_alloc
 .text.atan2    0x000025ac      0x108 e:/nxp/mcuxpressoide_11.0.0_2516/ide/plugins/com.nxp.mcuxpresso.tools.win32_11.0.0.201905131304/tools/bin/../lib/gcc/arm-none-eabi/8.2.1/../../../../arm-none-eabi/lib/thumb/v6-m/nofp\libcr_c.a(atan2.o)
                0x000025ac                atan2
 .text.sprintf  0x000026b4       0x6c e:/nxp/mcuxpressoide_11.0.0_2516/ide/plugins/com.nxp.mcuxpresso.tools.win32_11.0.0.201905131304/tools/bin/../lib/gcc/arm-none-eabi/8.2.1/../../../../arm-none-eabi/lib/thumb/v6-m/nofp\libcr_c.a(fpprintf.o)
                0x000026b4                sprintf
 .text.fp_display
                0x00002720      0x964 e:/nxp/mcuxpressoide_11.0.0_2516/ide/plugins/com.nxp.mcuxpresso.tools.win32_11.0.0.201905131304/tools/bin/../lib/gcc/arm-none-eabi/8.2.1/../../../../arm-none-eabi/lib/thumb/v6-m/nofp\libcr_c.a(fpprintf.o)
 .text.vsnprintf
                0x00003084       0x70 e:/nxp/mcuxpressoide_11.0.0_2516/ide/plugins/com.nxp.mcuxpresso.tools.win32_11.0.0.201905131304/tools/bin/../lib/gcc/arm-none-eabi/8.2.1/../../../../arm-none-eabi/lib/thumb/v6-m/nofp\libcr_c.a(fpprintf.o)
                0x00003084                vsnprintf
 .text.printf   0x000030f4       0x50 e:/nxp/mcuxpressoide_11.0.0_2516/ide/plugins/com.nxp.mcuxpresso.tools.win32_11.0.0.201905131304/tools/bin/../lib/gcc/arm-none-eabi/8.2.1/../../../../arm-none-eabi/lib/thumb/v6-m/nofp\libcr_c.a(fpprintf.o)
                0x000030f4                printf
 .text.fseek    0x00003144       0xf0 e:/nxp/mcuxpressoide_11.0.0_2516/ide/plugins/com.nxp.mcuxpresso.tools.win32_11.0.0.201905131304/tools/bin/../lib/gcc/arm-none-eabi/8.2.1/../../../../arm-none-eabi/lib/thumb/v6-m/nofp\libcr_c.a(fseek.o)
                0x00003144                fseek
 .text.ftell    0x00003234       0x48 e:/nxp/mcuxpressoide_11.0.0_2516/ide/plugins/com.nxp.mcuxpresso.tools.win32_11.0.0.201905131304/tools/bin/../lib/gcc/arm-none-eabi/8.2.1/../../../../arm-none-eabi/lib/thumb/v6-m/nofp\libcr_c.a(ftell.o)
                0x00003234                ftell
 .text._initio  0x0000327c       0x7c e:/nxp/mcuxpressoide_11.0.0_2516/ide/plugins/com.nxp.mcuxpresso.tools.win32_11.0.0.201905131304/tools/bin/../lib/gcc/arm-none-eabi/8.2.1/../../../../arm-none-eabi/lib/thumb/v6-m/nofp\libcr_c.a(initio.o)
                0x0000327c                _initio
 .text.__vfprintf
                0x000032f8      0xcd8 e:/nxp/mcuxpressoide_11.0.0_2516/ide/plugins/com.nxp.mcuxpresso.tools.win32_11.0.0.201905131304/tools/bin/../lib/gcc/arm-none-eabi/8.2.1/../../../../arm-none-eabi/lib/thumb/v6-m/nofp\libcr_c.a(printf.o)
                0x000032f8                __vfprintf
 .text.setvbuf  0x00003fd0       0x4c e:/nxp/mcuxpressoide_11.0.0_2516/ide/plugins/com.nxp.mcuxpresso.tools.win32_11.0.0.201905131304/tools/bin/../lib/gcc/arm-none-eabi/8.2.1/../../../../arm-none-eabi/lib/thumb/v6-m/nofp\libcr_c.a(setvbuf.o)
                0x00003fd0                setvbuf
 .text.rand     0x0000401c       0x44 e:/nxp/mcuxpressoide_11.0.0_2516/ide/plugins/com.nxp.mcuxpresso.tools.win32_11.0.0.201905131304/tools/bin/../lib/gcc/arm-none-eabi/8.2.1/../../../../arm-none-eabi/lib/thumb/v6-m/nofp\libcr_c.a(stdlib.o)
                0x0000401c                rand
 .text.strlen   0x00004060       0x58 e:/nxp/mcuxpressoide_11.0.0_2516/ide/plugins/com.nxp.mcuxpresso.tools.win32_11.0.0.201905131304/tools/bin/../lib/gcc/arm-none-eabi/8.2.1/../../../../arm-none-eabi/lib/thumb/v6-m/nofp\libcr_c.a(strlen.o)
                0x00004060                strlen
 .text._sbrk    0x000040b8       0x40 e:/nxp/mcuxpressoide_11.0.0_2516/ide/plugins/com.nxp.mcuxpresso.tools.win32_11.0.0.201905131304/tools/bin/../lib/gcc/arm-none-eabi/8.2.1/../../../../arm-none-eabi/lib/thumb/v6-m/nofp\libcr_c.a(_cr_sbrk.o)
                0x000040b8                _sbrk
 .text._fdopen  0x000040f8       0x74 e:/nxp/mcuxpressoide_11.0.0_2516/ide/plugins/com.nxp.mcuxpresso.tools.win32_11.0.0.201905131304/tools/bin/../lib/gcc/arm-none-eabi/8.2.1/../../../../arm-none-eabi/lib/thumb/v6-m/nofp\libcr_c.a(_fdopen.o)
                0x000040f8                _fdopen
 .text._frexpl  0x0000416c       0x80 e:/nxp/mcuxpressoide_11.0.0_2516/ide/plugins/com.nxp.mcuxpresso.tools.win32_11.0.0.201905131304/tools/bin/../lib/gcc/arm-none-eabi/8.2.1/../../../../arm-none-eabi/lib/thumb/v6-m/nofp\libcr_c.a(_frexpl.o)
                0x0000416c                _frexpl
 .text._ldexpl  0x000041ec       0x58 e:/nxp/mcuxpressoide_11.0.0_2516/ide/plugins/com.nxp.mcuxpresso.tools.win32_11.0.0.201905131304/tools/bin/../lib/gcc/arm-none-eabi/8.2.1/../../../../arm-none-eabi/lib/thumb/v6-m/nofp\libcr_c.a(_ldexpl.o)
                0x000041ec                _ldexpl
 .text.atan     0x00004244      0x204 e:/nxp/mcuxpressoide_11.0.0_2516/ide/plugins/com.nxp.mcuxpresso.tools.win32_11.0.0.201905131304/tools/bin/../lib/gcc/arm-none-eabi/8.2.1/../../../../arm-none-eabi/lib/thumb/v6-m/nofp\libcr_c.a(atan.o)
                0x00004244                atan
 .text.fclose   0x00004448       0x5c e:/nxp/mcuxpressoide_11.0.0_2516/ide/plugins/com.nxp.mcuxpresso.tools.win32_11.0.0.201905131304/tools/bin/../lib/gcc/arm-none-eabi/8.2.1/../../../../arm-none-eabi/lib/thumb/v6-m/nofp\libcr_c.a(fclose.o)
                0x00004448                fclose
 .text.fflush   0x000044a4       0x44 e:/nxp/mcuxpressoide_11.0.0_2516/ide/plugins/com.nxp.mcuxpresso.tools.win32_11.0.0.201905131304/tools/bin/../lib/gcc/arm-none-eabi/8.2.1/../../../../arm-none-eabi/lib/thumb/v6-m/nofp\libcr_c.a(fflush.o)
                0x000044a4                fflush
 .text.__check_heap_overflow
                0x000044e8       0x14 e:/nxp/mcuxpressoide_11.0.0_2516/ide/plugins/com.nxp.mcuxpresso.tools.win32_11.0.0.201905131304/tools/bin/../lib/gcc/arm-none-eabi/8.2.1/../../../../arm-none-eabi/lib/thumb/v6-m/nofp\libcr_c.a(_cr_check_heap.o)
                0x000044e8                __check_heap_overflow
 .text._do_fflush
                0x000044fc       0x44 e:/nxp/mcuxpressoide_11.0.0_2516/ide/plugins/com.nxp.mcuxpresso.tools.win32_11.0.0.201905131304/tools/bin/../lib/gcc/arm-none-eabi/8.2.1/../../../../arm-none-eabi/lib/thumb/v6-m/nofp\libcr_c.a(_do_fflush.o)
                0x000044fc                _do_fflush
 .text.__aeabi_dmul
                0x00004540      0x188 e:/nxp/mcuxpressoide_11.0.0_2516/ide/plugins/com.nxp.mcuxpresso.tools.win32_11.0.0.201905131304/tools/bin/../lib/gcc/arm-none-eabi/8.2.1/thumb/v6-m/nofp\libcr_eabihelpers.a(double.o)
                0x00004540                __aeabi_dmul
 .text.__aeabi_ddiv
                0x000046c8      0x148 e:/nxp/mcuxpressoide_11.0.0_2516/ide/plugins/com.nxp.mcuxpresso.tools.win32_11.0.0.201905131304/tools/bin/../lib/gcc/arm-none-eabi/8.2.1/thumb/v6-m/nofp\libcr_eabihelpers.a(double.o)
                0x000046c8                __aeabi_ddiv
 .text.__aeabi_dsub
                0x00004810      0x1c4 e:/nxp/mcuxpressoide_11.0.0_2516/ide/plugins/com.nxp.mcuxpresso.tools.win32_11.0.0.201905131304/tools/bin/../lib/gcc/arm-none-eabi/8.2.1/thumb/v6-m/nofp\libcr_eabihelpers.a(double.o)
                0x00004810                __aeabi_dsub
 .text.__aeabi_dadd
                0x000049d4      0x12c e:/nxp/mcuxpressoide_11.0.0_2516/ide/plugins/com.nxp.mcuxpresso.tools.win32_11.0.0.201905131304/tools/bin/../lib/gcc/arm-none-eabi/8.2.1/thumb/v6-m/nofp\libcr_eabihelpers.a(double.o)
                0x000049d4                __aeabi_dadd
 .text.__aeabi_d2f
                0x00004b00       0x60 e:/nxp/mcuxpressoide_11.0.0_2516/ide/plugins/com.nxp.mcuxpresso.tools.win32_11.0.0.201905131304/tools/bin/../lib/gcc/arm-none-eabi/8.2.1/thumb/v6-m/nofp\libcr_eabihelpers.a(double.o)
                0x00004b00                __aeabi_d2f
 .text.__aeabi_d2iz
                0x00004b60       0x4c e:/nxp/mcuxpressoide_11.0.0_2516/ide/plugins/com.nxp.mcuxpresso.tools.win32_11.0.0.201905131304/tools/bin/../lib/gcc/arm-none-eabi/8.2.1/thumb/v6-m/nofp\libcr_eabihelpers.a(double.o)
                0x00004b60                __aeabi_d2iz
 .text.__aeabi_dcmpeq
                0x00004bac       0x30 e:/nxp/mcuxpressoide_11.0.0_2516/ide/plugins/com.nxp.mcuxpresso.tools.win32_11.0.0.201905131304/tools/bin/../lib/gcc/arm-none-eabi/8.2.1/thumb/v6-m/nofp\libcr_eabihelpers.a(double.o)
                0x00004bac                __aeabi_dcmpeq
 .text.__aeabi_dcmplt
                0x00004bdc       0x60 e:/nxp/mcuxpressoide_11.0.0_2516/ide/plugins/com.nxp.mcuxpresso.tools.win32_11.0.0.201905131304/tools/bin/../lib/gcc/arm-none-eabi/8.2.1/thumb/v6-m/nofp\libcr_eabihelpers.a(double.o)
                0x00004bdc                __aeabi_dcmplt
 .text.__aeabi_dcmpgt
                0x00004c3c       0x58 e:/nxp/mcuxpressoide_11.0.0_2516/ide/plugins/com.nxp.mcuxpresso.tools.win32_11.0.0.201905131304/tools/bin/../lib/gcc/arm-none-eabi/8.2.1/thumb/v6-m/nofp\libcr_eabihelpers.a(double.o)
                0x00004c3c                __aeabi_dcmpgt
 .text.__aeabi_dcmple
                0x00004c94       0x58 e:/nxp/mcuxpressoide_11.0.0_2516/ide/plugins/com.nxp.mcuxpresso.tools.win32_11.0.0.201905131304/tools/bin/../lib/gcc/arm-none-eabi/8.2.1/thumb/v6-m/nofp\libcr_eabihelpers.a(double.o)
                0x00004c94                __aeabi_dcmple
 .text.__aeabi_dcmpge
                0x00004cec       0x60 e:/nxp/mcuxpressoide_11.0.0_2516/ide/plugins/com.nxp.mcuxpresso.tools.win32_11.0.0.201905131304/tools/bin/../lib/gcc/arm-none-eabi/8.2.1/thumb/v6-m/nofp\libcr_eabihelpers.a(double.o)
                0x00004cec                __aeabi_dcmpge
 .text.__aeabi_fsub
                0x00004d4c      0x128 e:/nxp/mcuxpressoide_11.0.0_2516/ide/plugins/com.nxp.mcuxpresso.tools.win32_11.0.0.201905131304/tools/bin/../lib/gcc/arm-none-eabi/8.2.1/thumb/v6-m/nofp\libcr_eabihelpers.a(float.o)
                0x00004d4c                __aeabi_fsub
 .text.__aeabi_fadd
                0x00004e74       0xac e:/nxp/mcuxpressoide_11.0.0_2516/ide/plugins/com.nxp.mcuxpresso.tools.win32_11.0.0.201905131304/tools/bin/../lib/gcc/arm-none-eabi/8.2.1/thumb/v6-m/nofp\libcr_eabihelpers.a(float.o)
                0x00004e74                __aeabi_fadd
 .text.UART_EnableTx
                0x00004f20       0x40 ./utilities/fsl_io.o
 .text.UART_EnableRx
                0x00004f60       0x40 ./utilities/fsl_io.o
 .text.LPSCI_EnableTx
                0x00004fa0       0x40 ./utilities/fsl_io.o
 .text.LPSCI_EnableRx
                0x00004fe0       0x40 ./utilities/fsl_io.o
 .text.LOG_Init
                0x00005020       0x3a ./utilities/fsl_log.o
                0x00005020                LOG_Init
 .text.main     0x0000505a       0x38 ./source/Project4.o
                0x0000505a                main
 .text.initAccel
                0x00005092       0x12 ./source/frdm_accel.o
                0x00005092                initAccel
 .text.OSC_SetExtRefClkConfig
                0x000050a4       0x3e ./drivers/fsl_clock.o
 .text.OSC_SetCapLoad
                0x000050e2       0x42 ./drivers/fsl_clock.o
 .text.CLOCK_GetPll0RefFreq
                0x00005124       0x10 ./drivers/fsl_clock.o
 .text.CLOCK_SetExternalRefClkConfig
                0x00005134       0x16 ./drivers/fsl_clock.o
                0x00005134                CLOCK_SetExternalRefClkConfig
 .text.BOARD_InitBootClocks
                0x0000514a        0xe ./board/clock_config.o
                0x0000514a                BOARD_InitBootClocks
 .text.BOARD_InitPeripherals
                0x00005158        0xa ./board/peripherals.o
                0x00005158                BOARD_InitPeripherals
 .text.BOARD_InitBootPeripherals
                0x00005162        0xe ./board/peripherals.o
                0x00005162                BOARD_InitBootPeripherals
 .text.BOARD_InitBootPins
                0x00005170       0x12 ./board/pin_mux.o
                0x00005170                BOARD_InitBootPins
 .text.BOARD_InitPins
                0x00005182        0xa ./board/pin_mux.o
                0x00005182                BOARD_InitPins
 .text.SystemInitHook
                0x0000518c        0xa ./CMSIS/system_MKL46Z4.o
                0x0000518c                SystemInitHook
 .text.__main   0x00005196        0xc e:/nxp/mcuxpressoide_11.0.0_2516/ide/plugins/com.nxp.mcuxpresso.tools.win32_11.0.0.201905131304/tools/bin/../lib/gcc/arm-none-eabi/8.2.1/../../../../arm-none-eabi/lib/thumb/v6-m/nofp\libcr_semihost_nf.a(_cr__main.o)
                0x00005196                __CR_SEMIHOST
                0x00005196                __main
 .text.memset   0x000051a2        0x8 e:/nxp/mcuxpressoide_11.0.0_2516/ide/plugins/com.nxp.mcuxpresso.tools.win32_11.0.0.201905131304/tools/bin/../lib/gcc/arm-none-eabi/8.2.1/../../../../arm-none-eabi/lib/thumb/v6-m/nofp\libcr_c.a(memset.o)
                0x000051a2                memset
 .text.free     0x000051aa       0x2c e:/nxp/mcuxpressoide_11.0.0_2516/ide/plugins/com.nxp.mcuxpresso.tools.win32_11.0.0.201905131304/tools/bin/../lib/gcc/arm-none-eabi/8.2.1/../../../../arm-none-eabi/lib/thumb/v6-m/nofp\libcr_c.a(alloc.o)
                0x000051aa                free
 .text.fabs     0x000051d6       0x22 e:/nxp/mcuxpressoide_11.0.0_2516/ide/plugins/com.nxp.mcuxpresso.tools.win32_11.0.0.201905131304/tools/bin/../lib/gcc/arm-none-eabi/8.2.1/../../../../arm-none-eabi/lib/thumb/v6-m/nofp\libcr_c.a(fabs.o)
                0x000051d6                fabs
 .text.fp_round
                0x000051f8       0x4a e:/nxp/mcuxpressoide_11.0.0_2516/ide/plugins/com.nxp.mcuxpresso.tools.win32_11.0.0.201905131304/tools/bin/../lib/gcc/arm-none-eabi/8.2.1/../../../../arm-none-eabi/lib/thumb/v6-m/nofp\libcr_c.a(fpprintf.o)
 .text.pr_dec.constprop.1
                0x00005242       0x30 e:/nxp/mcuxpressoide_11.0.0_2516/ide/plugins/com.nxp.mcuxpresso.tools.win32_11.0.0.201905131304/tools/bin/../lib/gcc/arm-none-eabi/8.2.1/../../../../arm-none-eabi/lib/thumb/v6-m/nofp\libcr_c.a(fpprintf.o)
 .text.fputs    0x00005272       0x2e e:/nxp/mcuxpressoide_11.0.0_2516/ide/plugins/com.nxp.mcuxpresso.tools.win32_11.0.0.201905131304/tools/bin/../lib/gcc/arm-none-eabi/8.2.1/../../../../arm-none-eabi/lib/thumb/v6-m/nofp\libcr_c.a(fputs.o)
                0x00005272                fputs
 .text.remove   0x000052a0       0x12 e:/nxp/mcuxpressoide_11.0.0_2516/ide/plugins/com.nxp.mcuxpresso.tools.win32_11.0.0.201905131304/tools/bin/../lib/gcc/arm-none-eabi/8.2.1/../../../../arm-none-eabi/lib/thumb/v6-m/nofp\libcr_c.a(remove.o)
                0x000052a0                remove
 .text.__aeabi_division_idivmod
                0x000052b2       0x78 e:/nxp/mcuxpressoide_11.0.0_2516/ide/plugins/com.nxp.mcuxpresso.tools.win32_11.0.0.201905131304/tools/bin/../lib/gcc/arm-none-eabi/8.2.1/thumb/v6-m/nofp\libcr_eabihelpers.a(division_32.o)
                0x000052b2                __aeabi_idivmod
                0x000052b2                __aeabi_idiv
                0x000052b8                __aeabi_uidivmod
                0x000052b8                __aeabi_uidiv
 .text.__aeabi_division_idiv0
                0x0000532a        0x2 e:/nxp/mcuxpressoide_11.0.0_2516/ide/plugins/com.nxp.mcuxpresso.tools.win32_11.0.0.201905131304/tools/bin/../lib/gcc/arm-none-eabi/8.2.1/thumb/v6-m/nofp\libcr_eabihelpers.a(division_idiv0.o)
                0x0000532a                __aeabi_idiv0
 .text.__bhs_ui2d
                0x0000532c       0x5e e:/nxp/mcuxpressoide_11.0.0_2516/ide/plugins/com.nxp.mcuxpresso.tools.win32_11.0.0.201905131304/tools/bin/../lib/gcc/arm-none-eabi/8.2.1/thumb/v6-m/nofp\libcr_eabihelpers.a(double.o)
                0x0000532c                __bhs_ui2d
 .text.__aeabi_i2d
                0x0000538a       0x18 e:/nxp/mcuxpressoide_11.0.0_2516/ide/plugins/com.nxp.mcuxpresso.tools.win32_11.0.0.201905131304/tools/bin/../lib/gcc/arm-none-eabi/8.2.1/thumb/v6-m/nofp\libcr_eabihelpers.a(double.o)
                0x0000538a                __aeabi_i2d
 .text.__aeabi_fcmplt
                0x000053a2       0x44 e:/nxp/mcuxpressoide_11.0.0_2516/ide/plugins/com.nxp.mcuxpresso.tools.win32_11.0.0.201905131304/tools/bin/../lib/gcc/arm-none-eabi/8.2.1/thumb/v6-m/nofp\libcr_eabihelpers.a(float.o)
                0x000053a2                __aeabi_fcmplt
 .text.__aeabi_fcmpgt
                0x000053e6       0x3e e:/nxp/mcuxpressoide_11.0.0_2516/ide/plugins/com.nxp.mcuxpresso.tools.win32_11.0.0.201905131304/tools/bin/../lib/gcc/arm-none-eabi/8.2.1/thumb/v6-m/nofp\libcr_eabihelpers.a(float.o)
                0x000053e6                __aeabi_fcmpgt
 .text.__aeabi_llong_lmul
                0x00005424       0x2e e:/nxp/mcuxpressoide_11.0.0_2516/ide/plugins/com.nxp.mcuxpresso.tools.win32_11.0.0.201905131304/tools/bin/../lib/gcc/arm-none-eabi/8.2.1/thumb/v6-m/nofp\libcr_eabihelpers.a(llong.o)
                0x00005424                __aeabi_lmul
 .text.__aeabi_memset_lowlevel
                0x00005452       0x2a e:/nxp/mcuxpressoide_11.0.0_2516/ide/plugins/com.nxp.mcuxpresso.tools.win32_11.0.0.201905131304/tools/bin/../lib/gcc/arm-none-eabi/8.2.1/thumb/v6-m/nofp\libcr_eabihelpers.a(memcpy.o)
                0x00005452                __aeabi_lowlevel_memset
 .text.__sys_close
                0x0000547c        0xc e:/nxp/mcuxpressoide_11.0.0_2516/ide/plugins/com.nxp.mcuxpresso.tools.win32_11.0.0.201905131304/tools/bin/../lib/gcc/arm-none-eabi/8.2.1/../../../../arm-none-eabi/lib/thumb/v6-m/nofp\libcr_semihost_nf.a(__sys_close.o)
                0x0000547c                __sys_close
 .text.__sys_flen
                0x00005488        0xc e:/nxp/mcuxpressoide_11.0.0_2516/ide/plugins/com.nxp.mcuxpresso.tools.win32_11.0.0.201905131304/tools/bin/../lib/gcc/arm-none-eabi/8.2.1/../../../../arm-none-eabi/lib/thumb/v6-m/nofp\libcr_semihost_nf.a(__sys_flen.o)
                0x00005488                __sys_flen
 .text.__sys_istty
                0x00005494        0xc e:/nxp/mcuxpressoide_11.0.0_2516/ide/plugins/com.nxp.mcuxpresso.tools.win32_11.0.0.201905131304/tools/bin/../lib/gcc/arm-none-eabi/8.2.1/../../../../arm-none-eabi/lib/thumb/v6-m/nofp\libcr_semihost_nf.a(__sys_istty.o)
                0x00005494                __sys_istty
 .text.__sys_remove
                0x000054a0        0xc e:/nxp/mcuxpressoide_11.0.0_2516/ide/plugins/com.nxp.mcuxpresso.tools.win32_11.0.0.201905131304/tools/bin/../lib/gcc/arm-none-eabi/8.2.1/../../../../arm-none-eabi/lib/thumb/v6-m/nofp\libcr_semihost_nf.a(__sys_remove.o)
                0x000054a0                __sys_remove
 .text.__sys_seek
                0x000054ac        0xc e:/nxp/mcuxpressoide_11.0.0_2516/ide/plugins/com.nxp.mcuxpresso.tools.win32_11.0.0.201905131304/tools/bin/../lib/gcc/arm-none-eabi/8.2.1/../../../../arm-none-eabi/lib/thumb/v6-m/nofp\libcr_semihost_nf.a(__sys_seek.o)
                0x000054ac                __sys_seek
 .text.__sys_tmpnam
                0x000054b8        0xc e:/nxp/mcuxpressoide_11.0.0_2516/ide/plugins/com.nxp.mcuxpresso.tools.win32_11.0.0.201905131304/tools/bin/../lib/gcc/arm-none-eabi/8.2.1/../../../../arm-none-eabi/lib/thumb/v6-m/nofp\libcr_semihost_nf.a(__sys_tmpnam.o)
                0x000054b8                __sys_tmpnam
 .text.__sys_write
                0x000054c4        0xc e:/nxp/mcuxpressoide_11.0.0_2516/ide/plugins/com.nxp.mcuxpresso.tools.win32_11.0.0.201905131304/tools/bin/../lib/gcc/arm-none-eabi/8.2.1/../../../../arm-none-eabi/lib/thumb/v6-m/nofp\libcr_semihost_nf.a(__sys_write.o)
                0x000054c4                __sys_write
 *(SORT_BY_ALIGNMENT(.rodata) SORT_BY_ALIGNMENT(.rodata.*) SORT_BY_ALIGNMENT(.constdata) SORT_BY_ALIGNMENT(.constdata.*))
 .rodata.a.3969
                0x000054d0       0x20 e:/nxp/mcuxpressoide_11.0.0_2516/ide/plugins/com.nxp.mcuxpresso.tools.win32_11.0.0.201905131304/tools/bin/../lib/gcc/arm-none-eabi/8.2.1/../../../../arm-none-eabi/lib/thumb/v6-m/nofp\libcr_c.a(atan.o)
 .rodata        0x000054f0       0x50 ./utilities/fsl_debug_console.o
 .rodata        0x00005540       0x27 ./utilities/fsl_io.o
 *fill*         0x00005567        0x1 ff
 .rodata        0x00005568       0x3d ./source/Project4.o
 *fill*         0x000055a5        0x3 ff
 .rodata.angleLightOn
                0x000055a8       0x1c ./source/Project4.o
 .rodata.angleLightOff
                0x000055c4       0x1c ./source/Project4.o
 .rodata        0x000055e0       0x5e ./source/frdm_i2c.o
 *fill*         0x0000563e        0x2 ff
 .rodata        0x00005640      0x11d ./drivers/fsl_clock.o
 *fill*         0x0000575d        0x3 ff
 .rodata.fllFactorTable.5423
                0x00005760       0x10 ./drivers/fsl_clock.o
 .rodata        0x00005770      0x48c ./drivers/fsl_lpsci.o
 .rodata.s_uartBases
                0x00005bfc        0xc ./drivers/fsl_uart.o
 .rodata.s_uartClock
                0x00005c08        0xc ./drivers/fsl_uart.o
 .rodata        0x00005c14      0x45b ./drivers/fsl_uart.o
 *fill*         0x0000606f        0x1 ff
 .rodata.mcgConfig_BOARD_BootClockRUN
                0x00006070        0xa ./board/clock_config.o
                0x00006070                mcgConfig_BOARD_BootClockRUN
 *fill*         0x0000607a        0x2 ff
 .rodata.simConfig_BOARD_BootClockRUN
                0x0000607c        0x8 ./board/clock_config.o
                0x0000607c                simConfig_BOARD_BootClockRUN
 .rodata.oscConfig_BOARD_BootClockRUN
                0x00006084        0x8 ./board/clock_config.o
                0x00006084                oscConfig_BOARD_BootClockRUN
 .rodata        0x0000608c       0x26 ./board/pin_mux.o
 *fill*         0x000060b2        0x2 ff
 .rodata.__num_Ciob_streams
                0x000060b4        0x4 e:/nxp/mcuxpressoide_11.0.0_2516/ide/plugins/com.nxp.mcuxpresso.tools.win32_11.0.0.201905131304/tools/bin/../lib/gcc/arm-none-eabi/8.2.1/../../../../arm-none-eabi/lib/thumb/v6-m/nofp\libcr_semihost_nf.a(__ciob.o)
                0x000060b4                __num_Ciob_streams
 .rodata.__assertion_failed.str1.1
                0x000060b8       0x15 e:/nxp/mcuxpressoide_11.0.0_2516/ide/plugins/com.nxp.mcuxpresso.tools.win32_11.0.0.201905131304/tools/bin/../lib/gcc/arm-none-eabi/8.2.1/../../../../arm-none-eabi/lib/thumb/v6-m/nofp\libcr_semihost_nf.a(_cr_assert.o)
 .rodata._Csys_alloc.str1.1
                0x000060cd       0x18 e:/nxp/mcuxpressoide_11.0.0_2516/ide/plugins/com.nxp.mcuxpresso.tools.win32_11.0.0.201905131304/tools/bin/../lib/gcc/arm-none-eabi/8.2.1/../../../../arm-none-eabi/lib/thumb/v6-m/nofp\libcr_c.a(alloc.o)
 .rodata.fp_display.str1.1
                0x000060e5       0x32 e:/nxp/mcuxpressoide_11.0.0_2516/ide/plugins/com.nxp.mcuxpresso.tools.win32_11.0.0.201905131304/tools/bin/../lib/gcc/arm-none-eabi/8.2.1/../../../../arm-none-eabi/lib/thumb/v6-m/nofp\libcr_c.a(fpprintf.o)
                                 0x35 (size before relaxing)
 .rodata._initio.str1.1
                0x00006117        0x4 e:/nxp/mcuxpressoide_11.0.0_2516/ide/plugins/com.nxp.mcuxpresso.tools.win32_11.0.0.201905131304/tools/bin/../lib/gcc/arm-none-eabi/8.2.1/../../../../arm-none-eabi/lib/thumb/v6-m/nofp\libcr_c.a(initio.o)
 .rodata.__vfprintf.str1.1
                0x0000611b       0x31 e:/nxp/mcuxpressoide_11.0.0_2516/ide/plugins/com.nxp.mcuxpresso.tools.win32_11.0.0.201905131304/tools/bin/../lib/gcc/arm-none-eabi/8.2.1/../../../../arm-none-eabi/lib/thumb/v6-m/nofp\libcr_c.a(printf.o)
                                 0x38 (size before relaxing)
                0x0000614c                . = ALIGN (0x4)

.glue_7         0x0000614c        0x0
 .glue_7        0x0000614c        0x0 linker stubs

.glue_7t        0x0000614c        0x0
 .glue_7t       0x0000614c        0x0 linker stubs

.vfp11_veneer   0x0000614c        0x0
 .vfp11_veneer  0x0000614c        0x0 linker stubs

.v4_bx          0x0000614c        0x0
 .v4_bx         0x0000614c        0x0 linker stubs

.iplt           0x0000614c        0x0
 .iplt          0x0000614c        0x0 ./utilities/fsl_debug_console.o

.rel.dyn        0x0000614c        0x0
 .rel.iplt      0x0000614c        0x0 ./utilities/fsl_debug_console.o

.ARM.extab
 *(SORT_BY_ALIGNMENT(.ARM.extab*) SORT_BY_ALIGNMENT(.gnu.linkonce.armextab.*))
                0x0000614c                __exidx_start = .

.ARM.exidx
 *(SORT_BY_ALIGNMENT(.ARM.exidx*) SORT_BY_ALIGNMENT(.gnu.linkonce.armexidx.*))
                0x0000614c                __exidx_end = .
                0x0000614c                _etext = .

.m_usb_data
 *(SORT_BY_ALIGNMENT(m_usb_bdt))

.mtb_buffer_default
                0x1fffe000       0x80
 *(SORT_BY_ALIGNMENT(.mtb*))
 .mtb.$RAM1     0x1fffe000       0x80 ./source/mtb.o
                0x1fffe000                __mtb_buffer__

.uninit_RESERVED
                0x1fffe080        0x0
                0x1fffe080                . = ALIGN (0x4)
 *(SORT_BY_ALIGNMENT(.bss.$RESERVED*))
                0x1fffe080                . = ALIGN (0x4)
                0x1fffe080                _end_uninit_RESERVED = .

.data           0x1fffe080       0xfc load address 0x0000614c
 FILL mask 0xff
                0x1fffe080                _data = .
 *(SORT_BY_ALIGNMENT(vtable))
 *(SORT_BY_ALIGNMENT(.ramfunc*))
 *(SORT_BY_ALIGNMENT(.data*))
 .data.targetAngle
                0x1fffe080        0x4 ./source/Project4.o
                0x1fffe080                targetAngle
 .data.speed    0x1fffe084        0x4 ./source/Project4.o
                0x1fffe084                speed
 .data.level    0x1fffe088        0x4 ./source/Project4.o
                0x1fffe088                level
 .data.currentAngle
                0x1fffe08c        0x4 ./source/Project4.o
                0x1fffe08c                currentAngle
 .data.s_slowIrcFreq
                0x1fffe090        0x4 ./drivers/fsl_clock.o
 .data.SystemCoreClock
                0x1fffe094        0x4 ./CMSIS/system_MKL46Z4.o
                0x1fffe094                SystemCoreClock
 .data._random_j
                0x1fffe098        0x4 e:/nxp/mcuxpressoide_11.0.0_2516/ide/plugins/com.nxp.mcuxpresso.tools.win32_11.0.0.201905131304/tools/bin/../lib/gcc/arm-none-eabi/8.2.1/../../../../arm-none-eabi/lib/thumb/v6-m/nofp\libcr_c.a(stdlib.o)
 .data._random_k
                0x1fffe09c        0x4 e:/nxp/mcuxpressoide_11.0.0_2516/ide/plugins/com.nxp.mcuxpresso.tools.win32_11.0.0.201905131304/tools/bin/../lib/gcc/arm-none-eabi/8.2.1/../../../../arm-none-eabi/lib/thumb/v6-m/nofp\libcr_c.a(stdlib.o)
 .data._random_number_seed
                0x1fffe0a0       0xdc e:/nxp/mcuxpressoide_11.0.0_2516/ide/plugins/com.nxp.mcuxpresso.tools.win32_11.0.0.201905131304/tools/bin/../lib/gcc/arm-none-eabi/8.2.1/../../../../arm-none-eabi/lib/thumb/v6-m/nofp\libcr_c.a(stdlib.o)
                0x1fffe17c                . = ALIGN (0x4)
                0x1fffe17c                _edata = .

.igot.plt       0x1fffe17c        0x0 load address 0x00006248
 .igot.plt      0x1fffe17c        0x0 ./utilities/fsl_debug_console.o

.bss            0x1fffe17c      0x10c load address 0x00006248
                0x1fffe17c                . = ALIGN (0x4)
                0x1fffe17c                _bss = .
 *(SORT_BY_ALIGNMENT(.bss*))
 .bss.s_debugConsoleIO
                0x1fffe17c        0x8 ./utilities/fsl_io.o
 .bss.timer     0x1fffe184        0x4 ./source/Project4.o
                0x1fffe184                timer
 .bss.delay     0x1fffe188        0x4 ./source/Project4.o
                0x1fffe188                delay
 .bss.angle     0x1fffe18c        0x4 ./source/Project4.o
                0x1fffe18c                angle
 .bss.xa        0x1fffe190        0x4 ./source/frdm_accel.o
                0x1fffe190                xa
 .bss.ya        0x1fffe194        0x4 ./source/frdm_accel.o
                0x1fffe194                ya
 .bss.za        0x1fffe198        0x4 ./source/frdm_accel.o
                0x1fffe198                za
 .bss.g_xtal0Freq
                0x1fffe19c        0x4 ./drivers/fsl_clock.o
                0x1fffe19c                g_xtal0Freq
 .bss.s_i2cHandle
                0x1fffe1a0        0x8 ./drivers/fsl_i2c.o
 .bss.s_i2cMasterIsr
                0x1fffe1a8        0x4 ./drivers/fsl_i2c.o
 .bss.s_i2cSlaveIsr
                0x1fffe1ac        0x4 ./drivers/fsl_i2c.o
 .bss.s_lpsciHandle
                0x1fffe1b0        0x4 ./drivers/fsl_lpsci.o
 .bss.s_lpsciIsr
                0x1fffe1b4        0x4 ./drivers/fsl_lpsci.o
 .bss.s_uartHandle
                0x1fffe1b8        0xc ./drivers/fsl_uart.o
 .bss.s_uartIsr
                0x1fffe1c4        0x4 ./drivers/fsl_uart.o
 .bss.__Ciob    0x1fffe1c8       0xb4 e:/nxp/mcuxpressoide_11.0.0_2516/ide/plugins/com.nxp.mcuxpresso.tools.win32_11.0.0.201905131304/tools/bin/../lib/gcc/arm-none-eabi/8.2.1/../../../../arm-none-eabi/lib/thumb/v6-m/nofp\libcr_semihost_nf.a(__ciob.o)
                0x1fffe1c8                __Ciob
 .bss.errno     0x1fffe27c        0x4 e:/nxp/mcuxpressoide_11.0.0_2516/ide/plugins/com.nxp.mcuxpresso.tools.win32_11.0.0.201905131304/tools/bin/../lib/gcc/arm-none-eabi/8.2.1/../../../../arm-none-eabi/lib/thumb/v6-m/nofp\libcr_c.a(errno.o)
                0x1fffe27c                errno
 .bss.__end_of_heap
                0x1fffe280        0x4 e:/nxp/mcuxpressoide_11.0.0_2516/ide/plugins/com.nxp.mcuxpresso.tools.win32_11.0.0.201905131304/tools/bin/../lib/gcc/arm-none-eabi/8.2.1/../../../../arm-none-eabi/lib/thumb/v6-m/nofp\libcr_c.a(__init_alloc.o)
                0x1fffe280                __end_of_heap
 .bss.__heaps   0x1fffe284        0x4 e:/nxp/mcuxpressoide_11.0.0_2516/ide/plugins/com.nxp.mcuxpresso.tools.win32_11.0.0.201905131304/tools/bin/../lib/gcc/arm-none-eabi/8.2.1/../../../../arm-none-eabi/lib/thumb/v6-m/nofp\libcr_c.a(__init_alloc.o)
                0x1fffe284                __heaps
 *(SORT_BY_ALIGNMENT(COMMON))
                0x1fffe288                . = ALIGN (0x4)
                0x1fffe288                _ebss = .
                [!provide]                PROVIDE (end = .)

.noinit         0x1fffe288        0x0 load address 0x00006248
                0x1fffe288                . = ALIGN (0x4)
                0x1fffe288                _noinit = .
 *(SORT_BY_ALIGNMENT(.noinit*))
                0x1fffe288                . = ALIGN (0x4)
                0x1fffe288                _end_noinit = .
                0x00000800                _HeapSize = 0x800

.heap           0x1fffe288      0x800 load address 0x00006248
                0x1fffe288                _pvHeapStart = .
                0x1fffea88                . = (. + _HeapSize)
 *fill*         0x1fffe288      0x800 
                0x1fffea88                . = ALIGN (0x4)
                0x1fffea88                _pvHeapLimit = .
                0x00000800                _StackSize = 0x800

.heap2stackfill
                0x1fffea88      0x800 load address 0x00006248
                0x1ffff288                . = (. + _StackSize)
 *fill*         0x1fffea88      0x800 

.stack          0x20005800        0x0
                0x20005800                _vStackBase = .
                0x20005800                . = ALIGN (0x4)
                0x20006000                _vStackTop = (. + _StackSize)
                0x00000000                _image_start = LOADADDR (.text)
                0x00006248                _image_end = (LOADADDR (.data) + SIZEOF (.data))
                0x00006248                _image_size = (_image_end - _image_start)
OUTPUT(Project4.axf elf32-littlearm)

.debug_info     0x00000000     0xbfcf
 .debug_info    0x00000000      0x2d0 ./utilities/fsl_debug_console.o
 .debug_info    0x000002d0      0x922 ./utilities/fsl_io.o
 .debug_info    0x00000bf2      0x351 ./utilities/fsl_log.o
 .debug_info    0x00000f43      0x4df ./startup/startup_mkl46z4.o
 .debug_info    0x00001422     0x1095 ./source/Project4.o
 .debug_info    0x000024b7      0x8e0 ./source/frdm_accel.o
 .debug_info    0x00002d97      0xa50 ./source/frdm_i2c.o
 .debug_info    0x000037e7       0x53 ./source/mtb.o
 .debug_info    0x0000383a       0x3c ./source/semihost_hardfault.o
 .debug_info    0x00003876     0x1ac8 ./drivers/fsl_clock.o
 .debug_info    0x0000533e     0x1afd ./drivers/fsl_i2c.o
 .debug_info    0x00006e3b     0x1508 ./drivers/fsl_lpsci.o
 .debug_info    0x00008343     0x14a9 ./drivers/fsl_uart.o
 .debug_info    0x000097ec      0x80b ./board/board.o
 .debug_info    0x00009ff7      0xb45 ./board/clock_config.o
 .debug_info    0x0000ab3c      0x58b ./board/peripherals.o
 .debug_info    0x0000b0c7      0xac2 ./board/pin_mux.o
 .debug_info    0x0000bb89      0x446 ./CMSIS/system_MKL46Z4.o

.debug_abbrev   0x00000000     0x2469
 .debug_abbrev  0x00000000      0x112 ./utilities/fsl_debug_console.o
 .debug_abbrev  0x00000112      0x20f ./utilities/fsl_io.o
 .debug_abbrev  0x00000321      0x197 ./utilities/fsl_log.o
 .debug_abbrev  0x000004b8      0x18d ./startup/startup_mkl46z4.o
 .debug_abbrev  0x00000645      0x318 ./source/Project4.o
 .debug_abbrev  0x0000095d      0x1c0 ./source/frdm_accel.o
 .debug_abbrev  0x00000b1d      0x22b ./source/frdm_i2c.o
 .debug_abbrev  0x00000d48       0x46 ./source/mtb.o
 .debug_abbrev  0x00000d8e       0x31 ./source/semihost_hardfault.o
 .debug_abbrev  0x00000dbf      0x363 ./drivers/fsl_clock.o
 .debug_abbrev  0x00001122      0x38e ./drivers/fsl_i2c.o
 .debug_abbrev  0x000014b0      0x325 ./drivers/fsl_lpsci.o
 .debug_abbrev  0x000017d5      0x325 ./drivers/fsl_uart.o
 .debug_abbrev  0x00001afa      0x1a7 ./board/board.o
 .debug_abbrev  0x00001ca1      0x1f7 ./board/clock_config.o
 .debug_abbrev  0x00001e98      0x194 ./board/peripherals.o
 .debug_abbrev  0x0000202c      0x2cd ./board/pin_mux.o
 .debug_abbrev  0x000022f9      0x170 ./CMSIS/system_MKL46Z4.o

.debug_aranges  0x00000000      0xb18
 .debug_aranges
                0x00000000       0x30 ./utilities/fsl_debug_console.o
 .debug_aranges
                0x00000030       0x58 ./utilities/fsl_io.o
 .debug_aranges
                0x00000088       0x58 ./utilities/fsl_log.o
 .debug_aranges
                0x000000e0      0x160 ./startup/startup_mkl46z4.o
 .debug_aranges
                0x00000240       0x98 ./source/Project4.o
 .debug_aranges
                0x000002d8       0x30 ./source/frdm_accel.o
 .debug_aranges
                0x00000308       0x70 ./source/frdm_i2c.o
 .debug_aranges
                0x00000378       0x18 ./source/mtb.o
 .debug_aranges
                0x00000390       0x20 ./source/semihost_hardfault.o
 .debug_aranges
                0x000003b0      0x1d8 ./drivers/fsl_clock.o
 .debug_aranges
                0x00000588      0x178 ./drivers/fsl_i2c.o
 .debug_aranges
                0x00000700      0x118 ./drivers/fsl_lpsci.o
 .debug_aranges
                0x00000818      0x130 ./drivers/fsl_uart.o
 .debug_aranges
                0x00000948       0x28 ./board/board.o
 .debug_aranges
                0x00000970       0x58 ./board/clock_config.o
 .debug_aranges
                0x000009c8       0x98 ./board/peripherals.o
 .debug_aranges
                0x00000a60       0x88 ./board/pin_mux.o
 .debug_aranges
                0x00000ae8       0x30 ./CMSIS/system_MKL46Z4.o

.debug_ranges   0x00000000      0x9f0
 .debug_ranges  0x00000000       0x20 ./utilities/fsl_debug_console.o
 .debug_ranges  0x00000020       0x48 ./utilities/fsl_io.o
 .debug_ranges  0x00000068       0x48 ./utilities/fsl_log.o
 .debug_ranges  0x000000b0      0x150 ./startup/startup_mkl46z4.o
 .debug_ranges  0x00000200       0x88 ./source/Project4.o
 .debug_ranges  0x00000288       0x20 ./source/frdm_accel.o
 .debug_ranges  0x000002a8       0x60 ./source/frdm_i2c.o
 .debug_ranges  0x00000308       0x10 ./source/semihost_hardfault.o
 .debug_ranges  0x00000318      0x1c8 ./drivers/fsl_clock.o
 .debug_ranges  0x000004e0      0x168 ./drivers/fsl_i2c.o
 .debug_ranges  0x00000648      0x108 ./drivers/fsl_lpsci.o
 .debug_ranges  0x00000750      0x120 ./drivers/fsl_uart.o
 .debug_ranges  0x00000870       0x18 ./board/board.o
 .debug_ranges  0x00000888       0x48 ./board/clock_config.o
 .debug_ranges  0x000008d0       0x88 ./board/peripherals.o
 .debug_ranges  0x00000958       0x78 ./board/pin_mux.o
 .debug_ranges  0x000009d0       0x20 ./CMSIS/system_MKL46Z4.o

.debug_macro    0x00000000     0xcd10
 .debug_macro   0x00000000      0x139 ./utilities/fsl_debug_console.o
 .debug_macro   0x00000139      0xaa2 ./utilities/fsl_debug_console.o
 .debug_macro   0x00000bdb       0x10 ./utilities/fsl_debug_console.o
 .debug_macro   0x00000beb       0x16 ./utilities/fsl_debug_console.o
 .debug_macro   0x00000c01       0x10 ./utilities/fsl_debug_console.o
 .debug_macro   0x00000c11      0x12e ./utilities/fsl_debug_console.o
 .debug_macro   0x00000d3f       0x28 ./utilities/fsl_debug_console.o
 .debug_macro   0x00000d67       0x16 ./utilities/fsl_debug_console.o
 .debug_macro   0x00000d7d       0x22 ./utilities/fsl_debug_console.o
 .debug_macro   0x00000d9f      0x5b3 ./utilities/fsl_debug_console.o
 .debug_macro   0x00001352       0x10 ./utilities/fsl_debug_console.o
 .debug_macro   0x00001362       0x3f ./utilities/fsl_debug_console.o
 .debug_macro   0x000013a1       0x1c ./utilities/fsl_debug_console.o
 .debug_macro   0x000013bd       0x22 ./utilities/fsl_debug_console.o
 .debug_macro   0x000013df       0xb5 ./utilities/fsl_debug_console.o
 .debug_macro   0x00001494      0x37c ./utilities/fsl_debug_console.o
 .debug_macro   0x00001810       0x38 ./utilities/fsl_debug_console.o
 .debug_macro   0x00001848     0x87f8 ./utilities/fsl_debug_console.o
 .debug_macro   0x0000a040     0x121a ./utilities/fsl_debug_console.o
 .debug_macro   0x0000b25a       0x52 ./utilities/fsl_debug_console.o
 .debug_macro   0x0000b2ac      0x10a ./utilities/fsl_debug_console.o
 .debug_macro   0x0000b3b6       0x74 ./utilities/fsl_debug_console.o
 .debug_macro   0x0000b42a       0x9a ./utilities/fsl_debug_console.o
 .debug_macro   0x0000b4c4       0x1c ./utilities/fsl_debug_console.o
 .debug_macro   0x0000b4e0       0x50 ./utilities/fsl_debug_console.o
 .debug_macro   0x0000b530      0x123 ./utilities/fsl_io.o
 .debug_macro   0x0000b653       0x1c ./utilities/fsl_io.o
 .debug_macro   0x0000b66f       0x22 ./utilities/fsl_io.o
 .debug_macro   0x0000b691       0x10 ./utilities/fsl_io.o
 .debug_macro   0x0000b6a1       0x10 ./utilities/fsl_io.o
 .debug_macro   0x0000b6b1      0x147 ./utilities/fsl_log.o
 .debug_macro   0x0000b7f8       0x29 ./startup/startup_mkl46z4.o
 .debug_macro   0x0000b821      0x184 ./source/Project4.o
 .debug_macro   0x0000b9a5       0xa0 ./source/Project4.o
 .debug_macro   0x0000ba45       0x16 ./source/Project4.o
 .debug_macro   0x0000ba5b       0x10 ./source/Project4.o
 .debug_macro   0x0000ba6b      0x15b ./source/Project4.o
 .debug_macro   0x0000bbc6       0x16 ./source/Project4.o
 .debug_macro   0x0000bbdc       0x1c ./source/Project4.o
 .debug_macro   0x0000bbf8       0x4c ./source/Project4.o
 .debug_macro   0x0000bc44      0x1c9 ./source/Project4.o
 .debug_macro   0x0000be0d       0x22 ./source/Project4.o
 .debug_macro   0x0000be2f       0xc4 ./source/Project4.o
 .debug_macro   0x0000bef3      0x18a ./source/frdm_accel.o
 .debug_macro   0x0000c07d      0x171 ./source/frdm_i2c.o
 .debug_macro   0x0000c1ee       0x2f ./source/mtb.o
 .debug_macro   0x0000c21d       0x82 ./source/mtb.o
 .debug_macro   0x0000c29f       0x10 ./source/mtb.o
 .debug_macro   0x0000c2af       0x11 ./source/semihost_hardfault.o
 .debug_macro   0x0000c2c0      0x1b8 ./drivers/fsl_clock.o
 .debug_macro   0x0000c478      0x107 ./drivers/fsl_i2c.o
 .debug_macro   0x0000c57f       0x16 ./drivers/fsl_i2c.o
 .debug_macro   0x0000c595      0x108 ./drivers/fsl_lpsci.o
 .debug_macro   0x0000c69d      0x10e ./drivers/fsl_uart.o
 .debug_macro   0x0000c7ab      0x144 ./board/board.o
 .debug_macro   0x0000c8ef       0x1c ./board/board.o
 .debug_macro   0x0000c90b      0x145 ./board/clock_config.o
 .debug_macro   0x0000ca50      0x11c ./board/peripherals.o
 .debug_macro   0x0000cb6c      0x10d ./board/pin_mux.o
 .debug_macro   0x0000cc79       0x97 ./CMSIS/system_MKL46Z4.o

.debug_line     0x00000000     0x7522
 .debug_line    0x00000000      0x327 ./utilities/fsl_debug_console.o
 .debug_line    0x00000327      0x4ac ./utilities/fsl_io.o
 .debug_line    0x000007d3      0x416 ./utilities/fsl_log.o
 .debug_line    0x00000be9      0x1e7 ./startup/startup_mkl46z4.o
 .debug_line    0x00000dd0      0x865 ./source/Project4.o
 .debug_line    0x00001635      0x398 ./source/frdm_accel.o
 .debug_line    0x000019cd      0x5cc ./source/frdm_i2c.o
 .debug_line    0x00001f99       0xd1 ./source/mtb.o
 .debug_line    0x0000206a       0x5a ./source/semihost_hardfault.o
 .debug_line    0x000020c4     0x12b7 ./drivers/fsl_clock.o
 .debug_line    0x0000337b     0x1372 ./drivers/fsl_i2c.o
 .debug_line    0x000046ed      0xd7e ./drivers/fsl_lpsci.o
 .debug_line    0x0000546b      0xd89 ./drivers/fsl_uart.o
 .debug_line    0x000061f4      0x30e ./board/board.o
 .debug_line    0x00006502      0x382 ./board/clock_config.o
 .debug_line    0x00006884      0x408 ./board/peripherals.o
 .debug_line    0x00006c8c      0x53b ./board/pin_mux.o
 .debug_line    0x000071c7      0x35b ./CMSIS/system_MKL46Z4.o

.debug_str      0x00000000    0x51a2e
 .debug_str     0x00000000    0x4a8ce ./utilities/fsl_debug_console.o
                              0x4aada (size before relaxing)
 .debug_str     0x0004a8ce      0xb9a ./utilities/fsl_io.o
                              0x4b291 (size before relaxing)
 .debug_str     0x0004b468      0x1d8 ./utilities/fsl_log.o
                              0x4a8f8 (size before relaxing)
 .debug_str     0x0004b640      0x3e4 ./startup/startup_mkl46z4.o
                               0x31a0 (size before relaxing)
 .debug_str     0x0004ba24     0x1e68 ./source/Project4.o
                              0x4cbe0 (size before relaxing)
 .debug_str     0x0004d88c       0x3c ./source/frdm_accel.o
                              0x4c7d2 (size before relaxing)
 .debug_str     0x0004d8c8       0xb1 ./source/frdm_i2c.o
                              0x4beb1 (size before relaxing)
 .debug_str     0x0004d979      0x532 ./source/mtb.o
                               0x32b3 (size before relaxing)
 .debug_str     0x0004deab       0x1f ./source/semihost_hardfault.o
                               0x2da0 (size before relaxing)
 .debug_str     0x0004deca     0x156c ./drivers/fsl_clock.o
                              0x4c3c5 (size before relaxing)
 .debug_str     0x0004f436      0xbcd ./drivers/fsl_i2c.o
                              0x4bb84 (size before relaxing)
 .debug_str     0x00050003      0x847 ./drivers/fsl_lpsci.o
                              0x4ba07 (size before relaxing)
 .debug_str     0x0005084a      0x777 ./drivers/fsl_uart.o
                              0x4ba24 (size before relaxing)
 .debug_str     0x00050fc1       0x4c ./board/board.o
                              0x4b5b9 (size before relaxing)
 .debug_str     0x0005100d      0x334 ./board/clock_config.o
                              0x4b29b (size before relaxing)
 .debug_str     0x00051341      0x15d ./board/peripherals.o
                              0x4af6e (size before relaxing)
 .debug_str     0x0005149e      0x532 ./board/pin_mux.o
                              0x4b3a1 (size before relaxing)
 .debug_str     0x000519d0       0x5e ./CMSIS/system_MKL46Z4.o
                              0x49833 (size before relaxing)

.comment        0x00000000       0x75
 .comment       0x00000000       0x75 ./utilities/fsl_debug_console.o
                                 0x76 (size before relaxing)
 .comment       0x00000075       0x76 ./utilities/fsl_io.o
 .comment       0x00000075       0x76 ./utilities/fsl_log.o
 .comment       0x00000075       0x76 ./startup/startup_mkl46z4.o
 .comment       0x00000075       0x76 ./source/Project4.o
 .comment       0x00000075       0x76 ./source/frdm_accel.o
 .comment       0x00000075       0x76 ./source/frdm_i2c.o
 .comment       0x00000075       0x76 ./source/mtb.o
 .comment       0x00000075       0x76 ./source/semihost_hardfault.o
 .comment       0x00000075       0x76 ./drivers/fsl_clock.o
 .comment       0x00000075       0x76 ./drivers/fsl_i2c.o
 .comment       0x00000075       0x76 ./drivers/fsl_lpsci.o
 .comment       0x00000075       0x76 ./drivers/fsl_uart.o
 .comment       0x00000075       0x76 ./board/board.o
 .comment       0x00000075       0x76 ./board/clock_config.o
 .comment       0x00000075       0x76 ./board/peripherals.o
 .comment       0x00000075       0x76 ./board/pin_mux.o
 .comment       0x00000075       0x76 ./CMSIS/system_MKL46Z4.o
 .comment       0x00000075       0x76 e:/nxp/mcuxpressoide_11.0.0_2516/ide/plugins/com.nxp.mcuxpresso.tools.win32_11.0.0.201905131304/tools/bin/../lib/gcc/arm-none-eabi/8.2.1/../../../../arm-none-eabi/lib/thumb/v6-m/nofp\libcr_semihost_nf.a(_cr__main.o)
 .comment       0x00000075       0x76 e:/nxp/mcuxpressoide_11.0.0_2516/ide/plugins/com.nxp.mcuxpresso.tools.win32_11.0.0.201905131304/tools/bin/../lib/gcc/arm-none-eabi/8.2.1/../../../../arm-none-eabi/lib/thumb/v6-m/nofp\libcr_semihost_nf.a(_cr_assert.o)
 .comment       0x00000075       0x76 e:/nxp/mcuxpressoide_11.0.0_2516/ide/plugins/com.nxp.mcuxpresso.tools.win32_11.0.0.201905131304/tools/bin/../lib/gcc/arm-none-eabi/8.2.1/../../../../arm-none-eabi/lib/thumb/v6-m/nofp\libcr_semihost_nf.a(__ciob.o)
 .comment       0x00000075       0x76 e:/nxp/mcuxpressoide_11.0.0_2516/ide/plugins/com.nxp.mcuxpresso.tools.win32_11.0.0.201905131304/tools/bin/../lib/gcc/arm-none-eabi/8.2.1/../../../../arm-none-eabi/lib/thumb/v6-m/nofp\libcr_c.a(memset.o)
 .comment       0x00000075       0x76 e:/nxp/mcuxpressoide_11.0.0_2516/ide/plugins/com.nxp.mcuxpresso.tools.win32_11.0.0.201905131304/tools/bin/../lib/gcc/arm-none-eabi/8.2.1/../../../../arm-none-eabi/lib/thumb/v6-m/nofp\libcr_c.a(_deferredlazyseek.o)
 .comment       0x00000075       0x76 e:/nxp/mcuxpressoide_11.0.0_2516/ide/plugins/com.nxp.mcuxpresso.tools.win32_11.0.0.201905131304/tools/bin/../lib/gcc/arm-none-eabi/8.2.1/../../../../arm-none-eabi/lib/thumb/v6-m/nofp\libcr_c.a(_fflush.o)
 .comment       0x00000075       0x76 e:/nxp/mcuxpressoide_11.0.0_2516/ide/plugins/com.nxp.mcuxpresso.tools.win32_11.0.0.201905131304/tools/bin/../lib/gcc/arm-none-eabi/8.2.1/../../../../arm-none-eabi/lib/thumb/v6-m/nofp\libcr_c.a(_writebuf.o)
 .comment       0x00000075       0x76 e:/nxp/mcuxpressoide_11.0.0_2516/ide/plugins/com.nxp.mcuxpresso.tools.win32_11.0.0.201905131304/tools/bin/../lib/gcc/arm-none-eabi/8.2.1/../../../../arm-none-eabi/lib/thumb/v6-m/nofp\libcr_c.a(alloc.o)
 .comment       0x00000075       0x76 e:/nxp/mcuxpressoide_11.0.0_2516/ide/plugins/com.nxp.mcuxpresso.tools.win32_11.0.0.201905131304/tools/bin/../lib/gcc/arm-none-eabi/8.2.1/../../../../arm-none-eabi/lib/thumb/v6-m/nofp\libcr_c.a(atan2.o)
 .comment       0x00000075       0x76 e:/nxp/mcuxpressoide_11.0.0_2516/ide/plugins/com.nxp.mcuxpresso.tools.win32_11.0.0.201905131304/tools/bin/../lib/gcc/arm-none-eabi/8.2.1/../../../../arm-none-eabi/lib/thumb/v6-m/nofp\libcr_c.a(errno.o)
 .comment       0x00000075       0x76 e:/nxp/mcuxpressoide_11.0.0_2516/ide/plugins/com.nxp.mcuxpresso.tools.win32_11.0.0.201905131304/tools/bin/../lib/gcc/arm-none-eabi/8.2.1/../../../../arm-none-eabi/lib/thumb/v6-m/nofp\libcr_c.a(fabs.o)
 .comment       0x00000075       0x76 e:/nxp/mcuxpressoide_11.0.0_2516/ide/plugins/com.nxp.mcuxpresso.tools.win32_11.0.0.201905131304/tools/bin/../lib/gcc/arm-none-eabi/8.2.1/../../../../arm-none-eabi/lib/thumb/v6-m/nofp\libcr_c.a(fpprintf.o)
 .comment       0x00000075       0x76 e:/nxp/mcuxpressoide_11.0.0_2516/ide/plugins/com.nxp.mcuxpresso.tools.win32_11.0.0.201905131304/tools/bin/../lib/gcc/arm-none-eabi/8.2.1/../../../../arm-none-eabi/lib/thumb/v6-m/nofp\libcr_c.a(fputs.o)
 .comment       0x00000075       0x76 e:/nxp/mcuxpressoide_11.0.0_2516/ide/plugins/com.nxp.mcuxpresso.tools.win32_11.0.0.201905131304/tools/bin/../lib/gcc/arm-none-eabi/8.2.1/../../../../arm-none-eabi/lib/thumb/v6-m/nofp\libcr_c.a(fseek.o)
 .comment       0x00000075       0x76 e:/nxp/mcuxpressoide_11.0.0_2516/ide/plugins/com.nxp.mcuxpresso.tools.win32_11.0.0.201905131304/tools/bin/../lib/gcc/arm-none-eabi/8.2.1/../../../../arm-none-eabi/lib/thumb/v6-m/nofp\libcr_c.a(ftell.o)
 .comment       0x00000075       0x76 e:/nxp/mcuxpressoide_11.0.0_2516/ide/plugins/com.nxp.mcuxpresso.tools.win32_11.0.0.201905131304/tools/bin/../lib/gcc/arm-none-eabi/8.2.1/../../../../arm-none-eabi/lib/thumb/v6-m/nofp\libcr_c.a(initio.o)
 .comment       0x00000075       0x76 e:/nxp/mcuxpressoide_11.0.0_2516/ide/plugins/com.nxp.mcuxpresso.tools.win32_11.0.0.201905131304/tools/bin/../lib/gcc/arm-none-eabi/8.2.1/../../../../arm-none-eabi/lib/thumb/v6-m/nofp\libcr_c.a(printf.o)
 .comment       0x00000075       0x76 e:/nxp/mcuxpressoide_11.0.0_2516/ide/plugins/com.nxp.mcuxpresso.tools.win32_11.0.0.201905131304/tools/bin/../lib/gcc/arm-none-eabi/8.2.1/../../../../arm-none-eabi/lib/thumb/v6-m/nofp\libcr_c.a(setvbuf.o)
 .comment       0x00000075       0x76 e:/nxp/mcuxpressoide_11.0.0_2516/ide/plugins/com.nxp.mcuxpresso.tools.win32_11.0.0.201905131304/tools/bin/../lib/gcc/arm-none-eabi/8.2.1/../../../../arm-none-eabi/lib/thumb/v6-m/nofp\libcr_c.a(stdlib.o)
 .comment       0x00000075       0x76 e:/nxp/mcuxpressoide_11.0.0_2516/ide/plugins/com.nxp.mcuxpresso.tools.win32_11.0.0.201905131304/tools/bin/../lib/gcc/arm-none-eabi/8.2.1/../../../../arm-none-eabi/lib/thumb/v6-m/nofp\libcr_c.a(strlen.o)
 .comment       0x00000075       0x76 e:/nxp/mcuxpressoide_11.0.0_2516/ide/plugins/com.nxp.mcuxpresso.tools.win32_11.0.0.201905131304/tools/bin/../lib/gcc/arm-none-eabi/8.2.1/../../../../arm-none-eabi/lib/thumb/v6-m/nofp\libcr_c.a(__init_alloc.o)
 .comment       0x00000075       0x76 e:/nxp/mcuxpressoide_11.0.0_2516/ide/plugins/com.nxp.mcuxpresso.tools.win32_11.0.0.201905131304/tools/bin/../lib/gcc/arm-none-eabi/8.2.1/../../../../arm-none-eabi/lib/thumb/v6-m/nofp\libcr_c.a(_cr_sbrk.o)
 .comment       0x00000075       0x76 e:/nxp/mcuxpressoide_11.0.0_2516/ide/plugins/com.nxp.mcuxpresso.tools.win32_11.0.0.201905131304/tools/bin/../lib/gcc/arm-none-eabi/8.2.1/../../../../arm-none-eabi/lib/thumb/v6-m/nofp\libcr_c.a(_fdopen.o)
 .comment       0x00000075       0x76 e:/nxp/mcuxpressoide_11.0.0_2516/ide/plugins/com.nxp.mcuxpresso.tools.win32_11.0.0.201905131304/tools/bin/../lib/gcc/arm-none-eabi/8.2.1/../../../../arm-none-eabi/lib/thumb/v6-m/nofp\libcr_c.a(_frexpl.o)
 .comment       0x00000075       0x76 e:/nxp/mcuxpressoide_11.0.0_2516/ide/plugins/com.nxp.mcuxpresso.tools.win32_11.0.0.201905131304/tools/bin/../lib/gcc/arm-none-eabi/8.2.1/../../../../arm-none-eabi/lib/thumb/v6-m/nofp\libcr_c.a(_ldexpl.o)
 .comment       0x00000075       0x76 e:/nxp/mcuxpressoide_11.0.0_2516/ide/plugins/com.nxp.mcuxpresso.tools.win32_11.0.0.201905131304/tools/bin/../lib/gcc/arm-none-eabi/8.2.1/../../../../arm-none-eabi/lib/thumb/v6-m/nofp\libcr_c.a(atan.o)
 .comment       0x00000075       0x76 e:/nxp/mcuxpressoide_11.0.0_2516/ide/plugins/com.nxp.mcuxpresso.tools.win32_11.0.0.201905131304/tools/bin/../lib/gcc/arm-none-eabi/8.2.1/../../../../arm-none-eabi/lib/thumb/v6-m/nofp\libcr_c.a(fclose.o)
 .comment       0x00000075       0x76 e:/nxp/mcuxpressoide_11.0.0_2516/ide/plugins/com.nxp.mcuxpresso.tools.win32_11.0.0.201905131304/tools/bin/../lib/gcc/arm-none-eabi/8.2.1/../../../../arm-none-eabi/lib/thumb/v6-m/nofp\libcr_c.a(fflush.o)
 .comment       0x00000075       0x76 e:/nxp/mcuxpressoide_11.0.0_2516/ide/plugins/com.nxp.mcuxpresso.tools.win32_11.0.0.201905131304/tools/bin/../lib/gcc/arm-none-eabi/8.2.1/../../../../arm-none-eabi/lib/thumb/v6-m/nofp\libcr_c.a(remove.o)
 .comment       0x00000075       0x76 e:/nxp/mcuxpressoide_11.0.0_2516/ide/plugins/com.nxp.mcuxpresso.tools.win32_11.0.0.201905131304/tools/bin/../lib/gcc/arm-none-eabi/8.2.1/../../../../arm-none-eabi/lib/thumb/v6-m/nofp\libcr_c.a(_cr_check_heap.o)
 .comment       0x00000075       0x76 e:/nxp/mcuxpressoide_11.0.0_2516/ide/plugins/com.nxp.mcuxpresso.tools.win32_11.0.0.201905131304/tools/bin/../lib/gcc/arm-none-eabi/8.2.1/../../../../arm-none-eabi/lib/thumb/v6-m/nofp\libcr_c.a(_do_fflush.o)
 .comment       0x00000075       0x76 e:/nxp/mcuxpressoide_11.0.0_2516/ide/plugins/com.nxp.mcuxpresso.tools.win32_11.0.0.201905131304/tools/bin/../lib/gcc/arm-none-eabi/8.2.1/thumb/v6-m/nofp\libcr_eabihelpers.a(double.o)
 .comment       0x00000075       0x76 e:/nxp/mcuxpressoide_11.0.0_2516/ide/plugins/com.nxp.mcuxpresso.tools.win32_11.0.0.201905131304/tools/bin/../lib/gcc/arm-none-eabi/8.2.1/thumb/v6-m/nofp\libcr_eabihelpers.a(float.o)

.ARM.attributes
                0x00000000       0x2a
 .ARM.attributes
                0x00000000       0x2c ./utilities/fsl_debug_console.o
 .ARM.attributes
                0x0000002c       0x2c ./utilities/fsl_io.o
 .ARM.attributes
                0x00000058       0x2c ./utilities/fsl_log.o
 .ARM.attributes
                0x00000084       0x2c ./startup/startup_mkl46z4.o
 .ARM.attributes
                0x000000b0       0x2c ./source/Project4.o
 .ARM.attributes
                0x000000dc       0x2c ./source/frdm_accel.o
 .ARM.attributes
                0x00000108       0x2c ./source/frdm_i2c.o
 .ARM.attributes
                0x00000134       0x32 ./source/mtb.o
 .ARM.attributes
                0x00000166       0x2c ./source/semihost_hardfault.o
 .ARM.attributes
                0x00000192       0x2c ./drivers/fsl_clock.o
 .ARM.attributes
                0x000001be       0x2c ./drivers/fsl_i2c.o
 .ARM.attributes
                0x000001ea       0x2c ./drivers/fsl_lpsci.o
 .ARM.attributes
                0x00000216       0x2c ./drivers/fsl_uart.o
 .ARM.attributes
                0x00000242       0x2c ./board/board.o
 .ARM.attributes
                0x0000026e       0x2c ./board/clock_config.o
 .ARM.attributes
                0x0000029a       0x2c ./board/peripherals.o
 .ARM.attributes
                0x000002c6       0x2c ./board/pin_mux.o
 .ARM.attributes
                0x000002f2       0x2c ./CMSIS/system_MKL46Z4.o
 .ARM.attributes
                0x0000031e       0x2c e:/nxp/mcuxpressoide_11.0.0_2516/ide/plugins/com.nxp.mcuxpresso.tools.win32_11.0.0.201905131304/tools/bin/../lib/gcc/arm-none-eabi/8.2.1/../../../../arm-none-eabi/lib/thumb/v6-m/nofp\libcr_semihost_nf.a(_cr__main.o)
 .ARM.attributes
                0x0000034a       0x2c e:/nxp/mcuxpressoide_11.0.0_2516/ide/plugins/com.nxp.mcuxpresso.tools.win32_11.0.0.201905131304/tools/bin/../lib/gcc/arm-none-eabi/8.2.1/../../../../arm-none-eabi/lib/thumb/v6-m/nofp\libcr_semihost_nf.a(_cr_assert.o)
 .ARM.attributes
                0x00000376       0x31 e:/nxp/mcuxpressoide_11.0.0_2516/ide/plugins/com.nxp.mcuxpresso.tools.win32_11.0.0.201905131304/tools/bin/../lib/gcc/arm-none-eabi/8.2.1/../../../../arm-none-eabi/lib/thumb/v6-m/nofp\libcr_semihost_nf.a(__ciob.o)
 .ARM.attributes
                0x000003a7       0x1c e:/nxp/mcuxpressoide_11.0.0_2516/ide/plugins/com.nxp.mcuxpresso.tools.win32_11.0.0.201905131304/tools/bin/../lib/gcc/arm-none-eabi/8.2.1/../../../../arm-none-eabi/lib/thumb/v6-m/nofp\libcr_semihost_nf.a(__sys_appexit.o)
 .ARM.attributes
                0x000003c3       0x2c e:/nxp/mcuxpressoide_11.0.0_2516/ide/plugins/com.nxp.mcuxpresso.tools.win32_11.0.0.201905131304/tools/bin/../lib/gcc/arm-none-eabi/8.2.1/../../../../arm-none-eabi/lib/thumb/v6-m/nofp\libcr_c.a(memset.o)
 .ARM.attributes
                0x000003ef       0x2c e:/nxp/mcuxpressoide_11.0.0_2516/ide/plugins/com.nxp.mcuxpresso.tools.win32_11.0.0.201905131304/tools/bin/../lib/gcc/arm-none-eabi/8.2.1/../../../../arm-none-eabi/lib/thumb/v6-m/nofp\libcr_c.a(_deferredlazyseek.o)
 .ARM.attributes
                0x0000041b       0x2c e:/nxp/mcuxpressoide_11.0.0_2516/ide/plugins/com.nxp.mcuxpresso.tools.win32_11.0.0.201905131304/tools/bin/../lib/gcc/arm-none-eabi/8.2.1/../../../../arm-none-eabi/lib/thumb/v6-m/nofp\libcr_c.a(_fflush.o)
 .ARM.attributes
                0x00000447       0x2c e:/nxp/mcuxpressoide_11.0.0_2516/ide/plugins/com.nxp.mcuxpresso.tools.win32_11.0.0.201905131304/tools/bin/../lib/gcc/arm-none-eabi/8.2.1/../../../../arm-none-eabi/lib/thumb/v6-m/nofp\libcr_c.a(_writebuf.o)
 .ARM.attributes
                0x00000473       0x2c e:/nxp/mcuxpressoide_11.0.0_2516/ide/plugins/com.nxp.mcuxpresso.tools.win32_11.0.0.201905131304/tools/bin/../lib/gcc/arm-none-eabi/8.2.1/../../../../arm-none-eabi/lib/thumb/v6-m/nofp\libcr_c.a(alloc.o)
 .ARM.attributes
                0x0000049f       0x2c e:/nxp/mcuxpressoide_11.0.0_2516/ide/plugins/com.nxp.mcuxpresso.tools.win32_11.0.0.201905131304/tools/bin/../lib/gcc/arm-none-eabi/8.2.1/../../../../arm-none-eabi/lib/thumb/v6-m/nofp\libcr_c.a(atan2.o)
 .ARM.attributes
                0x000004cb       0x31 e:/nxp/mcuxpressoide_11.0.0_2516/ide/plugins/com.nxp.mcuxpresso.tools.win32_11.0.0.201905131304/tools/bin/../lib/gcc/arm-none-eabi/8.2.1/../../../../arm-none-eabi/lib/thumb/v6-m/nofp\libcr_c.a(errno.o)
 .ARM.attributes
                0x000004fc       0x2c e:/nxp/mcuxpressoide_11.0.0_2516/ide/plugins/com.nxp.mcuxpresso.tools.win32_11.0.0.201905131304/tools/bin/../lib/gcc/arm-none-eabi/8.2.1/../../../../arm-none-eabi/lib/thumb/v6-m/nofp\libcr_c.a(fabs.o)
 .ARM.attributes
                0x00000528       0x2c e:/nxp/mcuxpressoide_11.0.0_2516/ide/plugins/com.nxp.mcuxpresso.tools.win32_11.0.0.201905131304/tools/bin/../lib/gcc/arm-none-eabi/8.2.1/../../../../arm-none-eabi/lib/thumb/v6-m/nofp\libcr_c.a(fpprintf.o)
 .ARM.attributes
                0x00000554       0x2c e:/nxp/mcuxpressoide_11.0.0_2516/ide/plugins/com.nxp.mcuxpresso.tools.win32_11.0.0.201905131304/tools/bin/../lib/gcc/arm-none-eabi/8.2.1/../../../../arm-none-eabi/lib/thumb/v6-m/nofp\libcr_c.a(fputs.o)
 .ARM.attributes
                0x00000580       0x2c e:/nxp/mcuxpressoide_11.0.0_2516/ide/plugins/com.nxp.mcuxpresso.tools.win32_11.0.0.201905131304/tools/bin/../lib/gcc/arm-none-eabi/8.2.1/../../../../arm-none-eabi/lib/thumb/v6-m/nofp\libcr_c.a(fseek.o)
 .ARM.attributes
                0x000005ac       0x2c e:/nxp/mcuxpressoide_11.0.0_2516/ide/plugins/com.nxp.mcuxpresso.tools.win32_11.0.0.201905131304/tools/bin/../lib/gcc/arm-none-eabi/8.2.1/../../../../arm-none-eabi/lib/thumb/v6-m/nofp\libcr_c.a(ftell.o)
 .ARM.attributes
                0x000005d8       0x2c e:/nxp/mcuxpressoide_11.0.0_2516/ide/plugins/com.nxp.mcuxpresso.tools.win32_11.0.0.201905131304/tools/bin/../lib/gcc/arm-none-eabi/8.2.1/../../../../arm-none-eabi/lib/thumb/v6-m/nofp\libcr_c.a(initio.o)
 .ARM.attributes
                0x00000604       0x2c e:/nxp/mcuxpressoide_11.0.0_2516/ide/plugins/com.nxp.mcuxpresso.tools.win32_11.0.0.201905131304/tools/bin/../lib/gcc/arm-none-eabi/8.2.1/../../../../arm-none-eabi/lib/thumb/v6-m/nofp\libcr_c.a(printf.o)
 .ARM.attributes
                0x00000630       0x2c e:/nxp/mcuxpressoide_11.0.0_2516/ide/plugins/com.nxp.mcuxpresso.tools.win32_11.0.0.201905131304/tools/bin/../lib/gcc/arm-none-eabi/8.2.1/../../../../arm-none-eabi/lib/thumb/v6-m/nofp\libcr_c.a(setvbuf.o)
 .ARM.attributes
                0x0000065c       0x2c e:/nxp/mcuxpressoide_11.0.0_2516/ide/plugins/com.nxp.mcuxpresso.tools.win32_11.0.0.201905131304/tools/bin/../lib/gcc/arm-none-eabi/8.2.1/../../../../arm-none-eabi/lib/thumb/v6-m/nofp\libcr_c.a(stdlib.o)
 .ARM.attributes
                0x00000688       0x2c e:/nxp/mcuxpressoide_11.0.0_2516/ide/plugins/com.nxp.mcuxpresso.tools.win32_11.0.0.201905131304/tools/bin/../lib/gcc/arm-none-eabi/8.2.1/../../../../arm-none-eabi/lib/thumb/v6-m/nofp\libcr_c.a(strlen.o)
 .ARM.attributes
                0x000006b4       0x2c e:/nxp/mcuxpressoide_11.0.0_2516/ide/plugins/com.nxp.mcuxpresso.tools.win32_11.0.0.201905131304/tools/bin/../lib/gcc/arm-none-eabi/8.2.1/../../../../arm-none-eabi/lib/thumb/v6-m/nofp\libcr_c.a(__init_alloc.o)
 .ARM.attributes
                0x000006e0       0x2c e:/nxp/mcuxpressoide_11.0.0_2516/ide/plugins/com.nxp.mcuxpresso.tools.win32_11.0.0.201905131304/tools/bin/../lib/gcc/arm-none-eabi/8.2.1/../../../../arm-none-eabi/lib/thumb/v6-m/nofp\libcr_c.a(_cr_sbrk.o)
 .ARM.attributes
                0x0000070c       0x2c e:/nxp/mcuxpressoide_11.0.0_2516/ide/plugins/com.nxp.mcuxpresso.tools.win32_11.0.0.201905131304/tools/bin/../lib/gcc/arm-none-eabi/8.2.1/../../../../arm-none-eabi/lib/thumb/v6-m/nofp\libcr_c.a(_fdopen.o)
 .ARM.attributes
                0x00000738       0x2c e:/nxp/mcuxpressoide_11.0.0_2516/ide/plugins/com.nxp.mcuxpresso.tools.win32_11.0.0.201905131304/tools/bin/../lib/gcc/arm-none-eabi/8.2.1/../../../../arm-none-eabi/lib/thumb/v6-m/nofp\libcr_c.a(_frexpl.o)
 .ARM.attributes
                0x00000764       0x2c e:/nxp/mcuxpressoide_11.0.0_2516/ide/plugins/com.nxp.mcuxpresso.tools.win32_11.0.0.201905131304/tools/bin/../lib/gcc/arm-none-eabi/8.2.1/../../../../arm-none-eabi/lib/thumb/v6-m/nofp\libcr_c.a(_ldexpl.o)
 .ARM.attributes
                0x00000790       0x2c e:/nxp/mcuxpressoide_11.0.0_2516/ide/plugins/com.nxp.mcuxpresso.tools.win32_11.0.0.201905131304/tools/bin/../lib/gcc/arm-none-eabi/8.2.1/../../../../arm-none-eabi/lib/thumb/v6-m/nofp\libcr_c.a(atan.o)
 .ARM.attributes
                0x000007bc       0x2c e:/nxp/mcuxpressoide_11.0.0_2516/ide/plugins/com.nxp.mcuxpresso.tools.win32_11.0.0.201905131304/tools/bin/../lib/gcc/arm-none-eabi/8.2.1/../../../../arm-none-eabi/lib/thumb/v6-m/nofp\libcr_c.a(fclose.o)
 .ARM.attributes
                0x000007e8       0x2c e:/nxp/mcuxpressoide_11.0.0_2516/ide/plugins/com.nxp.mcuxpresso.tools.win32_11.0.0.201905131304/tools/bin/../lib/gcc/arm-none-eabi/8.2.1/../../../../arm-none-eabi/lib/thumb/v6-m/nofp\libcr_c.a(fflush.o)
 .ARM.attributes
                0x00000814       0x2c e:/nxp/mcuxpressoide_11.0.0_2516/ide/plugins/com.nxp.mcuxpresso.tools.win32_11.0.0.201905131304/tools/bin/../lib/gcc/arm-none-eabi/8.2.1/../../../../arm-none-eabi/lib/thumb/v6-m/nofp\libcr_c.a(remove.o)
 .ARM.attributes
                0x00000840       0x2c e:/nxp/mcuxpressoide_11.0.0_2516/ide/plugins/com.nxp.mcuxpresso.tools.win32_11.0.0.201905131304/tools/bin/../lib/gcc/arm-none-eabi/8.2.1/../../../../arm-none-eabi/lib/thumb/v6-m/nofp\libcr_c.a(_cr_check_heap.o)
 .ARM.attributes
                0x0000086c       0x2c e:/nxp/mcuxpressoide_11.0.0_2516/ide/plugins/com.nxp.mcuxpresso.tools.win32_11.0.0.201905131304/tools/bin/../lib/gcc/arm-none-eabi/8.2.1/../../../../arm-none-eabi/lib/thumb/v6-m/nofp\libcr_c.a(_do_fflush.o)
 .ARM.attributes
                0x00000898       0x1c e:/nxp/mcuxpressoide_11.0.0_2516/ide/plugins/com.nxp.mcuxpresso.tools.win32_11.0.0.201905131304/tools/bin/../lib/gcc/arm-none-eabi/8.2.1/thumb/v6-m/nofp\libcr_eabihelpers.a(division_32.o)
 .ARM.attributes
                0x000008b4       0x1c e:/nxp/mcuxpressoide_11.0.0_2516/ide/plugins/com.nxp.mcuxpresso.tools.win32_11.0.0.201905131304/tools/bin/../lib/gcc/arm-none-eabi/8.2.1/thumb/v6-m/nofp\libcr_eabihelpers.a(division_idiv0.o)
 .ARM.attributes
                0x000008d0       0x2c e:/nxp/mcuxpressoide_11.0.0_2516/ide/plugins/com.nxp.mcuxpresso.tools.win32_11.0.0.201905131304/tools/bin/../lib/gcc/arm-none-eabi/8.2.1/thumb/v6-m/nofp\libcr_eabihelpers.a(double.o)
 .ARM.attributes
                0x000008fc       0x2c e:/nxp/mcuxpressoide_11.0.0_2516/ide/plugins/com.nxp.mcuxpresso.tools.win32_11.0.0.201905131304/tools/bin/../lib/gcc/arm-none-eabi/8.2.1/thumb/v6-m/nofp\libcr_eabihelpers.a(float.o)
 .ARM.attributes
                0x00000928       0x1c e:/nxp/mcuxpressoide_11.0.0_2516/ide/plugins/com.nxp.mcuxpresso.tools.win32_11.0.0.201905131304/tools/bin/../lib/gcc/arm-none-eabi/8.2.1/thumb/v6-m/nofp\libcr_eabihelpers.a(llong.o)
 .ARM.attributes
                0x00000944       0x1c e:/nxp/mcuxpressoide_11.0.0_2516/ide/plugins/com.nxp.mcuxpresso.tools.win32_11.0.0.201905131304/tools/bin/../lib/gcc/arm-none-eabi/8.2.1/thumb/v6-m/nofp\libcr_eabihelpers.a(memcpy.o)
 .ARM.attributes
                0x00000960       0x1c e:/nxp/mcuxpressoide_11.0.0_2516/ide/plugins/com.nxp.mcuxpresso.tools.win32_11.0.0.201905131304/tools/bin/../lib/gcc/arm-none-eabi/8.2.1/../../../../arm-none-eabi/lib/thumb/v6-m/nofp\libcr_semihost_nf.a(__sys_close.o)
 .ARM.attributes
                0x0000097c       0x1c e:/nxp/mcuxpressoide_11.0.0_2516/ide/plugins/com.nxp.mcuxpresso.tools.win32_11.0.0.201905131304/tools/bin/../lib/gcc/arm-none-eabi/8.2.1/../../../../arm-none-eabi/lib/thumb/v6-m/nofp\libcr_semihost_nf.a(__sys_flen.o)
 .ARM.attributes
                0x00000998       0x1c e:/nxp/mcuxpressoide_11.0.0_2516/ide/plugins/com.nxp.mcuxpresso.tools.win32_11.0.0.201905131304/tools/bin/../lib/gcc/arm-none-eabi/8.2.1/../../../../arm-none-eabi/lib/thumb/v6-m/nofp\libcr_semihost_nf.a(__sys_istty.o)
 .ARM.attributes
                0x000009b4       0x1c e:/nxp/mcuxpressoide_11.0.0_2516/ide/plugins/com.nxp.mcuxpresso.tools.win32_11.0.0.201905131304/tools/bin/../lib/gcc/arm-none-eabi/8.2.1/../../../../arm-none-eabi/lib/thumb/v6-m/nofp\libcr_semihost_nf.a(__sys_remove.o)
 .ARM.attributes
                0x000009d0       0x1c e:/nxp/mcuxpressoide_11.0.0_2516/ide/plugins/com.nxp.mcuxpresso.tools.win32_11.0.0.201905131304/tools/bin/../lib/gcc/arm-none-eabi/8.2.1/../../../../arm-none-eabi/lib/thumb/v6-m/nofp\libcr_semihost_nf.a(__sys_seek.o)
 .ARM.attributes
                0x000009ec       0x1c e:/nxp/mcuxpressoide_11.0.0_2516/ide/plugins/com.nxp.mcuxpresso.tools.win32_11.0.0.201905131304/tools/bin/../lib/gcc/arm-none-eabi/8.2.1/../../../../arm-none-eabi/lib/thumb/v6-m/nofp\libcr_semihost_nf.a(__sys_tmpnam.o)
 .ARM.attributes
                0x00000a08       0x1c e:/nxp/mcuxpressoide_11.0.0_2516/ide/plugins/com.nxp.mcuxpresso.tools.win32_11.0.0.201905131304/tools/bin/../lib/gcc/arm-none-eabi/8.2.1/../../../../arm-none-eabi/lib/thumb/v6-m/nofp\libcr_semihost_nf.a(__sys_write.o)

.debug_frame    0x00000000     0x2438
 .debug_frame   0x00000000       0x68 ./utilities/fsl_debug_console.o
 .debug_frame   0x00000068      0x108 ./utilities/fsl_io.o
 .debug_frame   0x00000170      0x108 ./utilities/fsl_log.o
 .debug_frame   0x00000278      0x3b0 ./startup/startup_mkl46z4.o
 .debug_frame   0x00000628      0x1fc ./source/Project4.o
 .debug_frame   0x00000824       0x70 ./source/frdm_accel.o
 .debug_frame   0x00000894      0x150 ./source/frdm_i2c.o
 .debug_frame   0x000009e4       0x20 ./source/semihost_hardfault.o
 .debug_frame   0x00000a04      0x6e0 ./drivers/fsl_clock.o
 .debug_frame   0x000010e4      0x58c ./drivers/fsl_i2c.o
 .debug_frame   0x00001670      0x418 ./drivers/fsl_lpsci.o
 .debug_frame   0x00001a88      0x468 ./drivers/fsl_uart.o
 .debug_frame   0x00001ef0       0x50 ./board/board.o
 .debug_frame   0x00001f40      0x100 ./board/clock_config.o
 .debug_frame   0x00002040      0x1d0 ./board/peripherals.o
 .debug_frame   0x00002210      0x1c0 ./board/pin_mux.o
 .debug_frame   0x000023d0       0x68 ./CMSIS/system_MKL46Z4.o

Cross Reference Table

Symbol                                            File
ADC0_DriverIRQHandler                             ./startup/startup_mkl46z4.o
ADC0_IRQHandler                                   ./startup/startup_mkl46z4.o
BOARD_ACCEL_I2C_config                            ./board/peripherals.o
BOARD_ACCEL_I2C_init                              ./board/peripherals.o
BOARD_BootClockRUN                                ./board/clock_config.o
BOARD_BootClockVLPR                               ./board/clock_config.o
BOARD_INT1_init                                   ./board/peripherals.o
BOARD_INT2_init                                   ./board/peripherals.o
BOARD_InitACCEL                                   ./board/pin_mux.o
BOARD_InitACCELPeripheral                         ./board/peripherals.o
BOARD_InitBootClocks                              ./board/clock_config.o
                                                  ./source/Project4.o
BOARD_InitBootPeripherals                         ./board/peripherals.o
                                                  ./source/Project4.o
BOARD_InitBootPins                                ./board/pin_mux.o
                                                  ./source/Project4.o
BOARD_InitButtons                                 ./board/pin_mux.o
BOARD_InitButtonsPeripheral                       ./board/peripherals.o
BOARD_InitDEBUG_UART                              ./board/pin_mux.o
BOARD_InitDEBUG_UARTPeripheral                    ./board/peripherals.o
BOARD_InitDebugConsole                            ./board/board.o
                                                  ./source/Project4.o
BOARD_InitLEDs                                    ./board/pin_mux.o
BOARD_InitLEDsPeripheral                          ./board/peripherals.o
BOARD_InitMAG                                     ./board/pin_mux.o
BOARD_InitMAGPeripheral                           ./board/peripherals.o
BOARD_InitOSC                                     ./board/pin_mux.o
BOARD_InitPeripherals                             ./board/peripherals.o
BOARD_InitPins                                    ./board/pin_mux.o
BOARD_InitSegment_LCD                             ./board/pin_mux.o
BOARD_InitTouch                                   ./board/pin_mux.o
BOARD_InitUSB                                     ./board/pin_mux.o
BOARD_LED_GREEN_init                              ./board/peripherals.o
BOARD_LED_RED_init                                ./board/peripherals.o
BOARD_LPSCI_1_init                                ./board/peripherals.o
BOARD_SW1_SW3_init                                ./board/peripherals.o
CLOCK_BootToBlpeMode                              ./drivers/fsl_clock.o
CLOCK_BootToBlpiMode                              ./drivers/fsl_clock.o
                                                  ./board/clock_config.o
CLOCK_BootToFeeMode                               ./drivers/fsl_clock.o
CLOCK_BootToFeiMode                               ./drivers/fsl_clock.o
CLOCK_BootToPeeMode                               ./drivers/fsl_clock.o
                                                  ./board/clock_config.o
CLOCK_CalcPllDiv                                  ./drivers/fsl_clock.o
CLOCK_ClearStatusFlags                            ./drivers/fsl_clock.o
CLOCK_DeinitOsc0                                  ./drivers/fsl_clock.o
CLOCK_EnablePll0                                  ./drivers/fsl_clock.o
CLOCK_EnableUsbfs0Clock                           ./drivers/fsl_clock.o
CLOCK_ExternalModeToFbeModeQuick                  ./drivers/fsl_clock.o
CLOCK_GetBusClkFreq                               ./drivers/fsl_clock.o
CLOCK_GetCoreSysClkFreq                           ./drivers/fsl_clock.o
CLOCK_GetEr32kClkFreq                             ./drivers/fsl_clock.o
CLOCK_GetFixedFreqClkFreq                         ./drivers/fsl_clock.o
CLOCK_GetFlashClkFreq                             ./drivers/fsl_clock.o
CLOCK_GetFllFreq                                  ./drivers/fsl_clock.o
CLOCK_GetFreq                                     ./drivers/fsl_clock.o
                                                  ./board/peripherals.o
CLOCK_GetInternalRefClkFreq                       ./drivers/fsl_clock.o
CLOCK_GetMode                                     ./drivers/fsl_clock.o
CLOCK_GetOsc0ErClkFreq                            ./drivers/fsl_clock.o
CLOCK_GetOutClkFreq                               ./drivers/fsl_clock.o
CLOCK_GetPlatClkFreq                              ./drivers/fsl_clock.o
CLOCK_GetPll0Freq                                 ./drivers/fsl_clock.o
CLOCK_GetPllFllSelClkFreq                         ./drivers/fsl_clock.o
                                                  ./board/board.o
CLOCK_GetStatusFlags                              ./drivers/fsl_clock.o
CLOCK_InitOsc0                                    ./drivers/fsl_clock.o
                                                  ./board/clock_config.o
CLOCK_InternalModeToFbiModeQuick                  ./drivers/fsl_clock.o
CLOCK_SetBlpeMode                                 ./drivers/fsl_clock.o
CLOCK_SetBlpiMode                                 ./drivers/fsl_clock.o
CLOCK_SetExternalRefClkConfig                     ./drivers/fsl_clock.o
CLOCK_SetFbeMode                                  ./drivers/fsl_clock.o
CLOCK_SetFbiMode                                  ./drivers/fsl_clock.o
CLOCK_SetFeeMode                                  ./drivers/fsl_clock.o
CLOCK_SetFeiMode                                  ./drivers/fsl_clock.o
CLOCK_SetInternalRefClkConfig                     ./drivers/fsl_clock.o
CLOCK_SetMcgConfig                                ./drivers/fsl_clock.o
CLOCK_SetOsc0MonitorMode                          ./drivers/fsl_clock.o
CLOCK_SetPbeMode                                  ./drivers/fsl_clock.o
CLOCK_SetPeeMode                                  ./drivers/fsl_clock.o
CLOCK_SetPll0MonitorMode                          ./drivers/fsl_clock.o
CLOCK_SetSimConfig                                ./drivers/fsl_clock.o
                                                  ./board/clock_config.o
CLOCK_TrimInternalRefClk                          ./drivers/fsl_clock.o
CMP0_DriverIRQHandler                             ./startup/startup_mkl46z4.o
CMP0_IRQHandler                                   ./startup/startup_mkl46z4.o
DAC0_DriverIRQHandler                             ./startup/startup_mkl46z4.o
DAC0_IRQHandler                                   ./startup/startup_mkl46z4.o
DMA0_DriverIRQHandler                             ./startup/startup_mkl46z4.o
DMA0_IRQHandler                                   ./startup/startup_mkl46z4.o
DMA1_DriverIRQHandler                             ./startup/startup_mkl46z4.o
DMA1_IRQHandler                                   ./startup/startup_mkl46z4.o
DMA2_DriverIRQHandler                             ./startup/startup_mkl46z4.o
DMA2_IRQHandler                                   ./startup/startup_mkl46z4.o
DMA3_DriverIRQHandler                             ./startup/startup_mkl46z4.o
DMA3_IRQHandler                                   ./startup/startup_mkl46z4.o
DbgConsole_Deinit                                 ./utilities/fsl_debug_console.o
DbgConsole_Flush                                  ./utilities/fsl_debug_console.o
DbgConsole_Init                                   ./utilities/fsl_debug_console.o
                                                  ./board/board.o
FGPIO_PinInit                                     ./drivers/fsl_gpio.o
FGPIO_PortClearInterruptFlags                     ./drivers/fsl_gpio.o
FGPIO_PortGetInterruptFlags                       ./drivers/fsl_gpio.o
FLASH_Erase                                       ./drivers/fsl_ftfx_flash.o