Archive member included to satisfy reference by file (symbol)

e:/nxp/mcuxpressoide_11.0.0_2516/ide/plugins/com.nxp.mcuxpresso.tools.win32_11.0.0.201905131304/tools/bin/../lib/gcc/arm-none-eabi/8.2.1/../../../../arm-none-eabi/lib/thumb/v6-m/nofp\libcr_semihost_nf.a(_cr__main.o)
                              ./startup/startup_mkl46z4.o (__main)
e:/nxp/mcuxpressoide_11.0.0_2516/ide/plugins/com.nxp.mcuxpresso.tools.win32_11.0.0.201905131304/tools/bin/../lib/gcc/arm-none-eabi/8.2.1/../../../../arm-none-eabi/lib/thumb/v6-m/nofp\libcr_semihost_nf.a(_cr_assert.o)
                              ./utilities/fsl_debug_console.o (__assertion_failed)
e:/nxp/mcuxpressoide_11.0.0_2516/ide/plugins/com.nxp.mcuxpresso.tools.win32_11.0.0.201905131304/tools/bin/../lib/gcc/arm-none-eabi/8.2.1/../../../../arm-none-eabi/lib/thumb/v6-m/nofp\libcr_semihost_nf.a(__ciob.o)
                              e:/nxp/mcuxpressoide_11.0.0_2516/ide/plugins/com.nxp.mcuxpresso.tools.win32_11.0.0.201905131304/tools/bin/../lib/gcc/arm-none-eabi/8.2.1/../../../../arm-none-eabi/lib/thumb/v6-m/nofp\libcr_semihost_nf.a(_cr_assert.o) (__Ciob)
e:/nxp/mcuxpressoide_11.0.0_2516/ide/plugins/com.nxp.mcuxpresso.tools.win32_11.0.0.201905131304/tools/bin/../lib/gcc/arm-none-eabi/8.2.1/../../../../arm-none-eabi/lib/thumb/v6-m/nofp\libcr_semihost_nf.a(__sys_appexit.o)
                              e:/nxp/mcuxpressoide_11.0.0_2516/ide/plugins/com.nxp.mcuxpresso.tools.win32_11.0.0.201905131304/tools/bin/../lib/gcc/arm-none-eabi/8.2.1/../../../../arm-none-eabi/lib/thumb/v6-m/nofp\libcr_semihost_nf.a(_cr_assert.o) (__sys_appexit)
e:/nxp/mcuxpressoide_11.0.0_2516/ide/plugins/com.nxp.mcuxpresso.tools.win32_11.0.0.201905131304/tools/bin/../lib/gcc/arm-none-eabi/8.2.1/../../../../arm-none-eabi/lib/thumb/v6-m/nofp\libcr_c.a(memcpy.o)
                              ./drivers/fsl_ftfx_cache.o (memcpy)
e:/nxp/mcuxpressoide_11.0.0_2516/ide/plugins/com.nxp.mcuxpresso.tools.win32_11.0.0.201905131304/tools/bin/../lib/gcc/arm-none-eabi/8.2.1/../../../../arm-none-eabi/lib/thumb/v6-m/nofp\libcr_c.a(memset.o)
                              ./drivers/fsl_ftfx_cache.o (memset)
e:/nxp/mcuxpressoide_11.0.0_2516/ide/plugins/com.nxp.mcuxpresso.tools.win32_11.0.0.201905131304/tools/bin/../lib/gcc/arm-none-eabi/8.2.1/../../../../arm-none-eabi/lib/thumb/v6-m/nofp\libcr_c.a(_deferredlazyseek.o)
                              e:/nxp/mcuxpressoide_11.0.0_2516/ide/plugins/com.nxp.mcuxpresso.tools.win32_11.0.0.201905131304/tools/bin/../lib/gcc/arm-none-eabi/8.2.1/../../../../arm-none-eabi/lib/thumb/v6-m/nofp\libcr_semihost_nf.a(_cr_assert.o) (__flsbuf)
e:/nxp/mcuxpressoide_11.0.0_2516/ide/plugins/com.nxp.mcuxpresso.tools.win32_11.0.0.201905131304/tools/bin/../lib/gcc/arm-none-eabi/8.2.1/../../../../arm-none-eabi/lib/thumb/v6-m/nofp\libcr_c.a(_fflush.o)
                              e:/nxp/mcuxpressoide_11.0.0_2516/ide/plugins/com.nxp.mcuxpresso.tools.win32_11.0.0.201905131304/tools/bin/../lib/gcc/arm-none-eabi/8.2.1/../../../../arm-none-eabi/lib/thumb/v6-m/nofp\libcr_c.a(_deferredlazyseek.o) (_fflush)
e:/nxp/mcuxpressoide_11.0.0_2516/ide/plugins/com.nxp.mcuxpresso.tools.win32_11.0.0.201905131304/tools/bin/../lib/gcc/arm-none-eabi/8.2.1/../../../../arm-none-eabi/lib/thumb/v6-m/nofp\libcr_c.a(_writebuf.o)
                              e:/nxp/mcuxpressoide_11.0.0_2516/ide/plugins/com.nxp.mcuxpresso.tools.win32_11.0.0.201905131304/tools/bin/../lib/gcc/arm-none-eabi/8.2.1/../../../../arm-none-eabi/lib/thumb/v6-m/nofp\libcr_c.a(_deferredlazyseek.o) (_Cwritebuf)
e:/nxp/mcuxpressoide_11.0.0_2516/ide/plugins/com.nxp.mcuxpresso.tools.win32_11.0.0.201905131304/tools/bin/../lib/gcc/arm-none-eabi/8.2.1/../../../../arm-none-eabi/lib/thumb/v6-m/nofp\libcr_c.a(alloc.o)
                              ./drivers/fsl_common.o (malloc)
e:/nxp/mcuxpressoide_11.0.0_2516/ide/plugins/com.nxp.mcuxpresso.tools.win32_11.0.0.201905131304/tools/bin/../lib/gcc/arm-none-eabi/8.2.1/../../../../arm-none-eabi/lib/thumb/v6-m/nofp\libcr_c.a(fputs.o)
                              e:/nxp/mcuxpressoide_11.0.0_2516/ide/plugins/com.nxp.mcuxpresso.tools.win32_11.0.0.201905131304/tools/bin/../lib/gcc/arm-none-eabi/8.2.1/../../../../arm-none-eabi/lib/thumb/v6-m/nofp\libcr_semihost_nf.a(_cr_assert.o) (fputs)
e:/nxp/mcuxpressoide_11.0.0_2516/ide/plugins/com.nxp.mcuxpresso.tools.win32_11.0.0.201905131304/tools/bin/../lib/gcc/arm-none-eabi/8.2.1/../../../../arm-none-eabi/lib/thumb/v6-m/nofp\libcr_c.a(fseek.o)
                              e:/nxp/mcuxpressoide_11.0.0_2516/ide/plugins/com.nxp.mcuxpresso.tools.win32_11.0.0.201905131304/tools/bin/../lib/gcc/arm-none-eabi/8.2.1/../../../../arm-none-eabi/lib/thumb/v6-m/nofp\libcr_c.a(_deferredlazyseek.o) (fseek)
e:/nxp/mcuxpressoide_11.0.0_2516/ide/plugins/com.nxp.mcuxpresso.tools.win32_11.0.0.201905131304/tools/bin/../lib/gcc/arm-none-eabi/8.2.1/../../../../arm-none-eabi/lib/thumb/v6-m/nofp\libcr_c.a(ftell.o)
[...]
Memory Configuration

Name             Origin             Length             Attributes
PROGRAM_FLASH    0x00000000         0x00040000         xr
SRAM             0x1fffe000         0x00008000         xrw
*default*        0x00000000         0xffffffff

Linker script and memory map

LOAD ./utilities/fsl_debug_console.o
LOAD ./utilities/fsl_io.o
LOAD ./utilities/fsl_log.o
LOAD ./utilities/fsl_str.o
LOAD ./startup/startup_mkl46z4.o
LOAD ./source/Project1CSE325.o
LOAD ./source/mtb.o
LOAD ./source/semihost_hardfault.o
LOAD ./drivers/fsl_clock.o
LOAD ./drivers/fsl_common.o
LOAD ./drivers/fsl_ftfx_cache.o
LOAD ./drivers/fsl_ftfx_controller.o
LOAD ./drivers/fsl_ftfx_flash.o
LOAD ./drivers/fsl_ftfx_flexnvm.o
LOAD ./drivers/fsl_gpio.o
LOAD ./drivers/fsl_i2c.o
LOAD ./drivers/fsl_lpsci.o
LOAD ./drivers/fsl_smc.o
LOAD ./drivers/fsl_uart.o
LOAD ./board/board.o
LOAD ./board/clock_config.o
LOAD ./board/peripherals.o
LOAD ./board/pin_mux.o
LOAD ./CMSIS/system_MKL46Z4.o
START GROUP
LOAD e:/nxp/mcuxpressoide_11.0.0_2516/ide/plugins/com.nxp.mcuxpresso.tools.win32_11.0.0.201905131304/tools/bin/../lib/gcc/arm-none-eabi/8.2.1/../../../../arm-none-eabi/lib/thumb/v6-m/nofp\libcr_semihost_nf.a
LOAD e:/nxp/mcuxpressoide_11.0.0_2516/ide/plugins/com.nxp.mcuxpresso.tools.win32_11.0.0.201905131304/tools/bin/../lib/gcc/arm-none-eabi/8.2.1/../../../../arm-none-eabi/lib/thumb/v6-m/nofp\libcr_c.a
LOAD e:/nxp/mcuxpressoide_11.0.0_2516/ide/plugins/com.nxp.mcuxpresso.tools.win32_11.0.0.201905131304/tools/bin/../lib/gcc/arm-none-eabi/8.2.1/thumb/v6-m/nofp\libcr_eabihelpers.a
LOAD e:/nxp/mcuxpressoide_11.0.0_2516/ide/plugins/com.nxp.mcuxpresso.tools.win32_11.0.0.201905131304/tools/bin/../lib/gcc/arm-none-eabi/8.2.1/thumb/v6-m/nofp\libgcc.a
END GROUP
                0x00000000                __base_PROGRAM_FLASH = 0x0
                0x00000000                __base_Flash = 0x0
                0x00040000                __top_PROGRAM_FLASH = 0x40000
                0x00040000                __top_Flash = 0x40000
                0x1fffe000                __base_SRAM = 0x1fffe000
                0x1fffe000                __base_RAM = 0x1fffe000
                0x20006000                __top_SRAM = 0x20006000
                0x20006000                __top_RAM = 0x20006000

.text           0x00000000     0x3024
 FILL mask 0xff
                0x00000000                __vectors_start__ = ABSOLUTE (.)
 *(SORT_BY_ALIGNMENT(.isr_vector))
 .isr_vector    0x00000000       0xc0 ./startup/startup_mkl46z4.o
                0x00000000                g_pfnVectors
                0x00000000                __Vectors
                0x000000c0                . = ALIGN (0x4)
                0x000000c0                __section_table_start = .
                0x000000c0                __data_section_table = .
                0x000000c0        0x4 LONG 0x3024 LOADADDR (.data)
                0x000000c4        0x4 LONG 0x1fffe080 ADDR (.data)
                0x000000c8        0x4 LONG 0x8 SIZEOF (.data)
                0x000000cc                __data_section_table_end = .
                0x000000cc                __bss_section_table = .
                0x000000cc        0x4 LONG 0x1fffe088 ADDR (.bss)
                0x000000d0        0x4 LONG 0xf4 SIZEOF (.bss)
                0x000000d4                __bss_section_table_end = .
                0x000000d4                __section_table_end = .
 *(SORT_BY_ALIGNMENT(.after_vectors*))
 .after_vectors.reset
                0x000000d4       0x4c ./startup/startup_mkl46z4.o
                0x000000d4                ResetISR
 .after_vectors.init_data
                0x00000120       0x12 ./startup/startup_mkl46z4.o
                0x00000120                data_init
 .after_vectors.init_bss
                0x00000132       0x10 ./startup/startup_mkl46z4.o
                0x00000132                bss_init
 .after_vectors
                0x00000142      0x10c ./startup/startup_mkl46z4.o
                0x00000142                NMI_Handler
                0x00000146                SVC_Handler
                0x00000148                PendSV_Handler
                0x0000014a                SysTick_Handler
                0x0000014c                LPTMR0_DriverIRQHandler
                0x0000014c                PORTC_PORTD_DriverIRQHandler
                0x0000014c                SPI1_DriverIRQHandler
                0x0000014c                DMA0_DriverIRQHandler
                0x0000014c                DMA2_DriverIRQHandler
                0x0000014c                CMP0_DriverIRQHandler
                0x0000014c                ADC0_DriverIRQHandler
                0x0000014c                I2S0_DriverIRQHandler
                0x0000014c                SPI0_DriverIRQHandler
                0x0000014c                TPM0_DriverIRQHandler
                0x0000014c                TPM2_DriverIRQHandler
                0x0000014c                DMA1_DriverIRQHandler
                0x0000014c                PIT_DriverIRQHandler
                0x0000014c                LCD_DriverIRQHandler
                0x0000014c                TSI0_DriverIRQHandler
                0x0000014c                RTC_Seconds_DriverIRQHandler
                0x0000014c                RTC_DriverIRQHandler
                0x0000014c                TPM1_DriverIRQHandler
                0x0000014c                LLWU_DriverIRQHandler
                0x0000014c                MCG_DriverIRQHandler
                0x0000014c                PORTA_DriverIRQHandler
                0x0000014c                DMA3_DriverIRQHandler
                0x0000014c                FTFA_DriverIRQHandler
                0x0000014c                IntDefaultHandler
                0x0000014c                USB0_DriverIRQHandler
                0x0000014c                DAC0_DriverIRQHandler
                0x0000014c                LVD_LVW_DriverIRQHandler
                0x0000014c                Reserved20_DriverIRQHandler
                0x0000014e                DMA0_IRQHandler
                0x00000156                DMA1_IRQHandler
                0x0000015e                DMA2_IRQHandler
                0x00000166                DMA3_IRQHandler
                0x0000016e                Reserved20_IRQHandler
                0x00000176                FTFA_IRQHandler
                0x0000017e                LVD_LVW_IRQHandler
                0x00000186                LLWU_IRQHandler
                0x0000018e                I2C0_IRQHandler
                0x00000196                I2C1_IRQHandler
                0x0000019e                SPI0_IRQHandler
                0x000001a6                SPI1_IRQHandler
                0x000001ae                UART0_IRQHandler
                0x000001b6                UART1_IRQHandler
                0x000001be                UART2_IRQHandler
                0x000001c6                ADC0_IRQHandler
                0x000001ce                CMP0_IRQHandler
                0x000001d6                TPM0_IRQHandler
                0x000001de                TPM1_IRQHandler
                0x000001e6                TPM2_IRQHandler
                0x000001ee                RTC_IRQHandler
                0x000001f6                RTC_Seconds_IRQHandler
                0x000001fe                PIT_IRQHandler
                0x00000206                I2S0_IRQHandler
                0x0000020e                USB0_IRQHandler
                0x00000216                DAC0_IRQHandler
                0x0000021e                TSI0_IRQHandler
                0x00000226                MCG_IRQHandler
                0x0000022e                LPTMR0_IRQHandler
                0x00000236                LCD_IRQHandler
                0x0000023e                PORTA_IRQHandler
                0x00000246                PORTC_PORTD_IRQHandler
                0x00000400                . = 0x400
 *fill*         0x0000024e      0x1b2 ff
                0x00000400                PROVIDE (__FLASH_CONFIG_START__ = .)
 *(SORT_BY_ALIGNMENT(.FlashConfig))
 .FlashConfig   0x00000400       0x10 ./startup/startup_mkl46z4.o
                0x00000400                Flash_Config
                0x00000410                PROVIDE (__FLASH_CONFIG_END__ = .)
                0x00000001                ASSERT (! ((__FLASH_CONFIG_START__ == __FLASH_CONFIG_END__)), Linker Flash Config Support Enabled, but no .FlashConfig section provided within application)
 *(SORT_BY_ALIGNMENT(.text*))
 .text.DbgConsole_Init
                0x00000410       0x40 ./utilities/fsl_debug_console.o
                0x00000410                DbgConsole_Init
 .text.IO_Init  0x00000450       0xc4 ./utilities/fsl_io.o
                0x00000450                IO_Init
 .text.delay_ms
                0x00000514       0x94 ./source/Project1CSE325.o
                0x00000514                delay_ms
 .text.dot      0x000005a8       0x34 ./source/Project1CSE325.o
                0x000005a8                dot
 .text.dash     0x000005dc       0x38 ./source/Project1CSE325.o
                0x000005dc                dash
 .text.displayMorse
                0x00000614      0x2b8 ./source/Project1CSE325.o
                0x00000614                displayMorse
 .text.main     0x000008cc       0x98 ./source/Project1CSE325.o
                0x000008cc                main
 .text.HardFault_Handler
                0x00000964       0x30 ./source/semihost_hardfault.o
                0x00000964                HardFault_Handler
 .text.CLOCK_SetEr32kClock
                0x00000994       0x34 ./drivers/fsl_clock.o
 .text.CLOCK_SetPllFllSelClock
                0x000009c8       0x38 ./drivers/fsl_clock.o
 .text.CLOCK_GetMcgExtClkFreq
                0x00000a00       0x28 ./drivers/fsl_clock.o
 .text.CLOCK_GetFllExtRefClkFreq
                0x00000a28       0xa4 ./drivers/fsl_clock.o
 .text.CLOCK_GetFllRefClkFreq
                0x00000acc       0x2c ./drivers/fsl_clock.o
 .text.CLOCK_GetOscRangeFromFreq
                0x00000af8       0x4c ./drivers/fsl_clock.o
 .text.CLOCK_GetPllFllSelClkFreq
                0x00000b44       0x4c ./drivers/fsl_clock.o
                0x00000b44                CLOCK_GetPllFllSelClkFreq
 .text.CLOCK_SetSimConfig
                0x00000b90       0x38 ./drivers/fsl_clock.o
                0x00000b90                CLOCK_SetSimConfig
 .text.CLOCK_GetFllFreq
                0x00000bc8       0x84 ./drivers/fsl_clock.o
                0x00000bc8                CLOCK_GetFllFreq
 .text.CLOCK_GetPll0Freq
                0x00000c4c       0x70 ./drivers/fsl_clock.o
                0x00000c4c                CLOCK_GetPll0Freq
 .text.CLOCK_EnablePll0
                0x00000cbc       0x90 ./drivers/fsl_clock.o
                0x00000cbc                CLOCK_EnablePll0
 .text.CLOCK_InitOsc0
                0x00000d4c       0x94 ./drivers/fsl_clock.o
                0x00000d4c                CLOCK_InitOsc0
 .text.CLOCK_SetPbeMode
                0x00000de0       0xb0 ./drivers/fsl_clock.o
                0x00000de0                CLOCK_SetPbeMode
 .text.CLOCK_BootToPeeMode
                0x00000e90       0x70 ./drivers/fsl_clock.o
                0x00000e90                CLOCK_BootToPeeMode
 .text.I2C_TransferCommonIRQHandler
                0x00000f00       0x54 ./drivers/fsl_i2c.o
 .text.I2C0_DriverIRQHandler
                0x00000f54       0x20 ./drivers/fsl_i2c.o
                0x00000f54                I2C0_DriverIRQHandler
 .text.I2C1_DriverIRQHandler
                0x00000f74       0x20 ./drivers/fsl_i2c.o
                0x00000f74                I2C1_DriverIRQHandler
 .text.CLOCK_EnableClock
                0x00000f94       0x34 ./drivers/fsl_lpsci.o
 .text.LPSCI_GetInstance
                0x00000fc8       0x48 ./drivers/fsl_lpsci.o
                0x00000fc8                LPSCI_GetInstance
 .text.LPSCI_Init
                0x00001010      0x270 ./drivers/fsl_lpsci.o
                0x00001010                LPSCI_Init
 .text.LPSCI_GetDefaultConfig
                0x00001280       0x48 ./drivers/fsl_lpsci.o
                0x00001280                LPSCI_GetDefaultConfig
 .text.UART0_DriverIRQHandler
                0x000012c8       0x24 ./drivers/fsl_lpsci.o
                0x000012c8                UART0_DriverIRQHandler
 .text.CLOCK_EnableClock
                0x000012ec       0x34 ./drivers/fsl_uart.o
 .text.UART_GetInstance
                0x00001320       0x54 ./drivers/fsl_uart.o
                0x00001320                UART_GetInstance
 .text.UART_Init
                0x00001374      0x1f8 ./drivers/fsl_uart.o
                0x00001374                UART_Init
 .text.UART_GetDefaultConfig
                0x0000156c       0x48 ./drivers/fsl_uart.o
                0x0000156c                UART_GetDefaultConfig
 .text.UART1_DriverIRQHandler
                0x000015b4       0x24 ./drivers/fsl_uart.o
                0x000015b4                UART1_DriverIRQHandler
 .text.UART2_DriverIRQHandler
                0x000015d8       0x24 ./drivers/fsl_uart.o
                0x000015d8                UART2_DriverIRQHandler
 .text.CLOCK_SetLpsci0Clock
                0x000015fc       0x38 ./board/board.o
 .text.BOARD_InitDebugConsole
                0x00001634       0x30 ./board/board.o
                0x00001634                BOARD_InitDebugConsole
 .text.CLOCK_SetSimSafeDivs
                0x00001664       0x20 ./board/clock_config.o
 .text.CLOCK_SetXtal0Freq
                0x00001684       0x1c ./board/clock_config.o
 .text.CLOCK_CONFIG_SetFllExtRefDiv
                0x000016a0       0x3c ./board/clock_config.o
 .text.BOARD_BootClockRUN
                0x000016dc       0x58 ./board/clock_config.o
                0x000016dc                BOARD_BootClockRUN
 .text.CLOCK_EnableClock
                0x00001734       0x34 ./board/pin_mux.o
 .text.PORT_SetPinConfig
                0x00001768       0x38 ./board/pin_mux.o
 .text.BOARD_InitDEBUG_UART
                0x000017a0       0x80 ./board/pin_mux.o
                0x000017a0                BOARD_InitDEBUG_UART
 .text.SystemInit
                0x00001820       0x1c ./CMSIS/system_MKL46Z4.o
                0x00001820                SystemInit
 .text.__assertion_failed
                0x0000183c       0x4c e:/nxp/mcuxpressoide_11.0.0_2516/ide/plugins/com.nxp.mcuxpresso.tools.win32_11.0.0.201905131304/tools/bin/../lib/gcc/arm-none-eabi/8.2.1/../../../../arm-none-eabi/lib/thumb/v6-m/nofp\libcr_semihost_nf.a(_cr_assert.o)
                0x0000183c                __assertion_failed
 .text.__sys_appexit
                0x00001888        0xc e:/nxp/mcuxpressoide_11.0.0_2516/ide/plugins/com.nxp.mcuxpresso.tools.win32_11.0.0.201905131304/tools/bin/../lib/gcc/arm-none-eabi/8.2.1/../../../../arm-none-eabi/lib/thumb/v6-m/nofp\libcr_semihost_nf.a(__sys_appexit.o)
                0x00001888                __sys_appexit
                0x00001888                __exit
 .text._deferredlazyseek
                0x00001894       0x40 e:/nxp/mcuxpressoide_11.0.0_2516/ide/plugins/com.nxp.mcuxpresso.tools.win32_11.0.0.201905131304/tools/bin/../lib/gcc/arm-none-eabi/8.2.1/../../../../arm-none-eabi/lib/thumb/v6-m/nofp\libcr_c.a(_deferredlazyseek.o)
                0x00001894                _deferredlazyseek
 .text.__flsbuf
                0x000018d4      0x14c e:/nxp/mcuxpressoide_11.0.0_2516/ide/plugins/com.nxp.mcuxpresso.tools.win32_11.0.0.201905131304/tools/bin/../lib/gcc/arm-none-eabi/8.2.1/../../../../arm-none-eabi/lib/thumb/v6-m/nofp\libcr_c.a(_deferredlazyseek.o)
                0x000018d4                __flsbuf
 .text._fflush  0x00001a20       0x5c e:/nxp/mcuxpressoide_11.0.0_2516/ide/plugins/com.nxp.mcuxpresso.tools.win32_11.0.0.201905131304/tools/bin/../lib/gcc/arm-none-eabi/8.2.1/../../../../arm-none-eabi/lib/thumb/v6-m/nofp\libcr_c.a(_fflush.o)
                0x00001a20                _fflush
 .text._Cwritebuf
                0x00001a7c       0x68 e:/nxp/mcuxpressoide_11.0.0_2516/ide/plugins/com.nxp.mcuxpresso.tools.win32_11.0.0.201905131304/tools/bin/../lib/gcc/arm-none-eabi/8.2.1/../../../../arm-none-eabi/lib/thumb/v6-m/nofp\libcr_c.a(_writebuf.o)
                0x00001a7c                _Cwritebuf
 .text.malloc   0x00001ae4       0xcc e:/nxp/mcuxpressoide_11.0.0_2516/ide/plugins/com.nxp.mcuxpresso.tools.win32_11.0.0.201905131304/tools/bin/../lib/gcc/arm-none-eabi/8.2.1/../../../../arm-none-eabi/lib/thumb/v6-m/nofp\libcr_c.a(alloc.o)
                0x00001ae4                malloc
 .text._Csys_alloc
                0x00001bb0       0x20 e:/nxp/mcuxpressoide_11.0.0_2516/ide/plugins/com.nxp.mcuxpresso.tools.win32_11.0.0.201905131304/tools/bin/../lib/gcc/arm-none-eabi/8.2.1/../../../../arm-none-eabi/lib/thumb/v6-m/nofp\libcr_c.a(alloc.o)
                0x00001bb0                _Csys_alloc
 .text.fseek    0x00001bd0       0xf0 e:/nxp/mcuxpressoide_11.0.0_2516/ide/plugins/com.nxp.mcuxpresso.tools.win32_11.0.0.201905131304/tools/bin/../lib/gcc/arm-none-eabi/8.2.1/../../../../arm-none-eabi/lib/thumb/v6-m/nofp\libcr_c.a(fseek.o)
                0x00001bd0                fseek
 .text.ftell    0x00001cc0       0x48 e:/nxp/mcuxpressoide_11.0.0_2516/ide/plugins/com.nxp.mcuxpresso.tools.win32_11.0.0.201905131304/tools/bin/../lib/gcc/arm-none-eabi/8.2.1/../../../../arm-none-eabi/lib/thumb/v6-m/nofp\libcr_c.a(ftell.o)
                0x00001cc0                ftell
 .text._initio  0x00001d08       0x7c e:/nxp/mcuxpressoide_11.0.0_2516/ide/plugins/com.nxp.mcuxpresso.tools.win32_11.0.0.201905131304/tools/bin/../lib/gcc/arm-none-eabi/8.2.1/../../../../arm-none-eabi/lib/thumb/v6-m/nofp\libcr_c.a(initio.o)
                0x00001d08                _initio
 .text.setvbuf  0x00001d84       0x4c e:/nxp/mcuxpressoide_11.0.0_2516/ide/plugins/com.nxp.mcuxpresso.tools.win32_11.0.0.201905131304/tools/bin/../lib/gcc/arm-none-eabi/8.2.1/../../../../arm-none-eabi/lib/thumb/v6-m/nofp\libcr_c.a(setvbuf.o)
                0x00001d84                setvbuf
 .text.strlen   0x00001dd0       0x58 e:/nxp/mcuxpressoide_11.0.0_2516/ide/plugins/com.nxp.mcuxpresso.tools.win32_11.0.0.201905131304/tools/bin/../lib/gcc/arm-none-eabi/8.2.1/../../../../arm-none-eabi/lib/thumb/v6-m/nofp\libcr_c.a(strlen.o)
                0x00001dd0                strlen
 .text._sbrk    0x00001e28       0x40 e:/nxp/mcuxpressoide_11.0.0_2516/ide/plugins/com.nxp.mcuxpresso.tools.win32_11.0.0.201905131304/tools/bin/../lib/gcc/arm-none-eabi/8.2.1/../../../../arm-none-eabi/lib/thumb/v6-m/nofp\libcr_c.a(_cr_sbrk.o)
                0x00001e28                _sbrk
 .text._fdopen  0x00001e68       0x74 e:/nxp/mcuxpressoide_11.0.0_2516/ide/plugins/com.nxp.mcuxpresso.tools.win32_11.0.0.201905131304/tools/bin/../lib/gcc/arm-none-eabi/8.2.1/../../../../arm-none-eabi/lib/thumb/v6-m/nofp\libcr_c.a(_fdopen.o)
                0x00001e68                _fdopen
 .text.fclose   0x00001edc       0x5c e:/nxp/mcuxpressoide_11.0.0_2516/ide/plugins/com.nxp.mcuxpresso.tools.win32_11.0.0.201905131304/tools/bin/../lib/gcc/arm-none-eabi/8.2.1/../../../../arm-none-eabi/lib/thumb/v6-m/nofp\libcr_c.a(fclose.o)
                0x00001edc                fclose
 .text.fflush   0x00001f38       0x44 e:/nxp/mcuxpressoide_11.0.0_2516/ide/plugins/com.nxp.mcuxpresso.tools.win32_11.0.0.201905131304/tools/bin/../lib/gcc/arm-none-eabi/8.2.1/../../../../arm-none-eabi/lib/thumb/v6-m/nofp\libcr_c.a(fflush.o)
                0x00001f38                fflush
 .text.__check_heap_overflow
                0x00001f7c       0x14 e:/nxp/mcuxpressoide_11.0.0_2516/ide/plugins/com.nxp.mcuxpresso.tools.win32_11.0.0.201905131304/tools/bin/../lib/gcc/arm-none-eabi/8.2.1/../../../../arm-none-eabi/lib/thumb/v6-m/nofp\libcr_c.a(_cr_check_heap.o)
                0x00001f7c                __check_heap_overflow
 .text._do_fflush
                0x00001f90       0x44 e:/nxp/mcuxpressoide_11.0.0_2516/ide/plugins/com.nxp.mcuxpresso.tools.win32_11.0.0.201905131304/tools/bin/../lib/gcc/arm-none-eabi/8.2.1/../../../../arm-none-eabi/lib/thumb/v6-m/nofp\libcr_c.a(_do_fflush.o)
                0x00001f90                _do_fflush
 .text.UART_EnableTx
                0x00001fd4       0x40 ./utilities/fsl_io.o
 .text.UART_EnableRx
                0x00002014       0x40 ./utilities/fsl_io.o
 .text.LPSCI_EnableTx
                0x00002054       0x40 ./utilities/fsl_io.o
 .text.LPSCI_EnableRx
                0x00002094       0x40 ./utilities/fsl_io.o
 .text.LOG_Init
                0x000020d4       0x3a ./utilities/fsl_log.o
                0x000020d4                LOG_Init
 .text.pause    0x0000210e       0x14 ./source/Project1CSE325.o
                0x0000210e                pause
 .text.OSC_SetExtRefClkConfig
                0x00002122       0x3e ./drivers/fsl_clock.o
 .text.OSC_SetCapLoad
                0x00002160       0x42 ./drivers/fsl_clock.o
 .text.CLOCK_GetPll0RefFreq
                0x000021a2       0x10 ./drivers/fsl_clock.o
 .text.CLOCK_SetExternalRefClkConfig
                0x000021b2       0x16 ./drivers/fsl_clock.o
                0x000021b2                CLOCK_SetExternalRefClkConfig
 .text.BOARD_InitBootClocks
                0x000021c8        0xe ./board/clock_config.o
                0x000021c8                BOARD_InitBootClocks
 .text.BOARD_InitPeripherals
                0x000021d6        0xa ./board/peripherals.o
                0x000021d6                BOARD_InitPeripherals
 .text.BOARD_InitBootPeripherals
                0x000021e0        0xe ./board/peripherals.o
                0x000021e0                BOARD_InitBootPeripherals
 .text.BOARD_InitBootPins
                0x000021ee       0x12 ./board/pin_mux.o
                0x000021ee                BOARD_InitBootPins
 .text.BOARD_InitPins
                0x00002200        0xa ./board/pin_mux.o
                0x00002200                BOARD_InitPins
 .text.SystemInitHook
                0x0000220a        0xa ./CMSIS/system_MKL46Z4.o
                0x0000220a                SystemInitHook
 .text.__main   0x00002214        0xc e:/nxp/mcuxpressoide_11.0.0_2516/ide/plugins/com.nxp.mcuxpresso.tools.win32_11.0.0.201905131304/tools/bin/../lib/gcc/arm-none-eabi/8.2.1/../../../../arm-none-eabi/lib/thumb/v6-m/nofp\libcr_semihost_nf.a(_cr__main.o)
                0x00002214                __CR_SEMIHOST
                0x00002214                __main
 .text.memset   0x00002220        0x8 e:/nxp/mcuxpressoide_11.0.0_2516/ide/plugins/com.nxp.mcuxpresso.tools.win32_11.0.0.201905131304/tools/bin/../lib/gcc/arm-none-eabi/8.2.1/../../../../arm-none-eabi/lib/thumb/v6-m/nofp\libcr_c.a(memset.o)
                0x00002220                memset
 .text.free     0x00002228       0x2c e:/nxp/mcuxpressoide_11.0.0_2516/ide/plugins/com.nxp.mcuxpresso.tools.win32_11.0.0.201905131304/tools/bin/../lib/gcc/arm-none-eabi/8.2.1/../../../../arm-none-eabi/lib/thumb/v6-m/nofp\libcr_c.a(alloc.o)
                0x00002228                free
 .text.fputs    0x00002254       0x2e e:/nxp/mcuxpressoide_11.0.0_2516/ide/plugins/com.nxp.mcuxpresso.tools.win32_11.0.0.201905131304/tools/bin/../lib/gcc/arm-none-eabi/8.2.1/../../../../arm-none-eabi/lib/thumb/v6-m/nofp\libcr_c.a(fputs.o)
                0x00002254                fputs
 .text.remove   0x00002282       0x12 e:/nxp/mcuxpressoide_11.0.0_2516/ide/plugins/com.nxp.mcuxpresso.tools.win32_11.0.0.201905131304/tools/bin/../lib/gcc/arm-none-eabi/8.2.1/../../../../arm-none-eabi/lib/thumb/v6-m/nofp\libcr_c.a(remove.o)
                0x00002282                remove
 .text.__aeabi_division_idivmod
                0x00002294       0x78 e:/nxp/mcuxpressoide_11.0.0_2516/ide/plugins/com.nxp.mcuxpresso.tools.win32_11.0.0.201905131304/tools/bin/../lib/gcc/arm-none-eabi/8.2.1/thumb/v6-m/nofp\libcr_eabihelpers.a(division_32.o)
                0x00002294                __aeabi_idivmod
                0x00002294                __aeabi_idiv
                0x0000229a                __aeabi_uidivmod
                0x0000229a                __aeabi_uidiv
 .text.__aeabi_division_idiv0
                0x0000230c        0x2 e:/nxp/mcuxpressoide_11.0.0_2516/ide/plugins/com.nxp.mcuxpresso.tools.win32_11.0.0.201905131304/tools/bin/../lib/gcc/arm-none-eabi/8.2.1/thumb/v6-m/nofp\libcr_eabihelpers.a(division_idiv0.o)
                0x0000230c                __aeabi_idiv0
 .text.__aeabi_memset_lowlevel
                0x0000230e       0x2a e:/nxp/mcuxpressoide_11.0.0_2516/ide/plugins/com.nxp.mcuxpresso.tools.win32_11.0.0.201905131304/tools/bin/../lib/gcc/arm-none-eabi/8.2.1/thumb/v6-m/nofp\libcr_eabihelpers.a(memcpy.o)
                0x0000230e                __aeabi_lowlevel_memset
 .text.__sys_close
                0x00002338        0xc e:/nxp/mcuxpressoide_11.0.0_2516/ide/plugins/com.nxp.mcuxpresso.tools.win32_11.0.0.201905131304/tools/bin/../lib/gcc/arm-none-eabi/8.2.1/../../../../arm-none-eabi/lib/thumb/v6-m/nofp\libcr_semihost_nf.a(__sys_close.o)
                0x00002338                __sys_close
 .text.__sys_flen
                0x00002344        0xc e:/nxp/mcuxpressoide_11.0.0_2516/ide/plugins/com.nxp.mcuxpresso.tools.win32_11.0.0.201905131304/tools/bin/../lib/gcc/arm-none-eabi/8.2.1/../../../../arm-none-eabi/lib/thumb/v6-m/nofp\libcr_semihost_nf.a(__sys_flen.o)
                0x00002344                __sys_flen
 .text.__sys_istty
                0x00002350        0xc e:/nxp/mcuxpressoide_11.0.0_2516/ide/plugins/com.nxp.mcuxpresso.tools.win32_11.0.0.201905131304/tools/bin/../lib/gcc/arm-none-eabi/8.2.1/../../../../arm-none-eabi/lib/thumb/v6-m/nofp\libcr_semihost_nf.a(__sys_istty.o)
                0x00002350                __sys_istty
 .text.__sys_remove
                0x0000235c        0xc e:/nxp/mcuxpressoide_11.0.0_2516/ide/plugins/com.nxp.mcuxpresso.tools.win32_11.0.0.201905131304/tools/bin/../lib/gcc/arm-none-eabi/8.2.1/../../../../arm-none-eabi/lib/thumb/v6-m/nofp\libcr_semihost_nf.a(__sys_remove.o)
                0x0000235c                __sys_remove
 .text.__sys_seek
                0x00002368        0xc e:/nxp/mcuxpressoide_11.0.0_2516/ide/plugins/com.nxp.mcuxpresso.tools.win32_11.0.0.201905131304/tools/bin/../lib/gcc/arm-none-eabi/8.2.1/../../../../arm-none-eabi/lib/thumb/v6-m/nofp\libcr_semihost_nf.a(__sys_seek.o)
                0x00002368                __sys_seek
 .text.__sys_tmpnam
                0x00002374        0xc e:/nxp/mcuxpressoide_11.0.0_2516/ide/plugins/com.nxp.mcuxpresso.tools.win32_11.0.0.201905131304/tools/bin/../lib/gcc/arm-none-eabi/8.2.1/../../../../arm-none-eabi/lib/thumb/v6-m/nofp\libcr_semihost_nf.a(__sys_tmpnam.o)
                0x00002374                __sys_tmpnam
 .text.__sys_write
                0x00002380        0xc e:/nxp/mcuxpressoide_11.0.0_2516/ide/plugins/com.nxp.mcuxpresso.tools.win32_11.0.0.201905131304/tools/bin/../lib/gcc/arm-none-eabi/8.2.1/../../../../arm-none-eabi/lib/thumb/v6-m/nofp\libcr_semihost_nf.a(__sys_write.o)
                0x00002380                __sys_write
 *(SORT_BY_ALIGNMENT(.rodata) SORT_BY_ALIGNMENT(.rodata.*) SORT_BY_ALIGNMENT(.constdata) SORT_BY_ALIGNMENT(.constdata.*))
 .rodata        0x0000238c       0x50 ./utilities/fsl_debug_console.o
 .rodata        0x000023dc       0x27 ./utilities/fsl_io.o
 *fill*         0x00002403        0x1 ff
 .rodata.displayMorse
                0x00002404      0x16c ./source/Project1CSE325.o
 .rodata        0x00002570        0x6 ./source/Project1CSE325.o
 *fill*         0x00002576        0x2 ff
 .rodata        0x00002578      0x11d ./drivers/fsl_clock.o
 *fill*         0x00002695        0x3 ff
 .rodata.fllFactorTable.5423
                0x00002698       0x10 ./drivers/fsl_clock.o
 .rodata        0x000026a8      0x48c ./drivers/fsl_lpsci.o
 .rodata.s_uartBases
                0x00002b34        0xc ./drivers/fsl_uart.o
 .rodata.s_uartClock
                0x00002b40        0xc ./drivers/fsl_uart.o
 .rodata        0x00002b4c      0x45b ./drivers/fsl_uart.o
 *fill*         0x00002fa7        0x1 ff
 .rodata.mcgConfig_BOARD_BootClockRUN
                0x00002fa8        0xa ./board/clock_config.o
                0x00002fa8                mcgConfig_BOARD_BootClockRUN
 *fill*         0x00002fb2        0x2 ff
 .rodata.simConfig_BOARD_BootClockRUN
                0x00002fb4        0x8 ./board/clock_config.o
                0x00002fb4                simConfig_BOARD_BootClockRUN
 .rodata.oscConfig_BOARD_BootClockRUN
                0x00002fbc        0x8 ./board/clock_config.o
                0x00002fbc                oscConfig_BOARD_BootClockRUN
 .rodata        0x00002fc4       0x26 ./board/pin_mux.o
 *fill*         0x00002fea        0x2 ff
 .rodata.__num_Ciob_streams
                0x00002fec        0x4 e:/nxp/mcuxpressoide_11.0.0_2516/ide/plugins/com.nxp.mcuxpresso.tools.win32_11.0.0.201905131304/tools/bin/../lib/gcc/arm-none-eabi/8.2.1/../../../../arm-none-eabi/lib/thumb/v6-m/nofp\libcr_semihost_nf.a(__ciob.o)
                0x00002fec                __num_Ciob_streams
 .rodata.__assertion_failed.str1.1
                0x00002ff0       0x15 e:/nxp/mcuxpressoide_11.0.0_2516/ide/plugins/com.nxp.mcuxpresso.tools.win32_11.0.0.201905131304/tools/bin/../lib/gcc/arm-none-eabi/8.2.1/../../../../arm-none-eabi/lib/thumb/v6-m/nofp\libcr_semihost_nf.a(_cr_assert.o)
 .rodata._Csys_alloc.str1.1
                0x00003005       0x18 e:/nxp/mcuxpressoide_11.0.0_2516/ide/plugins/com.nxp.mcuxpresso.tools.win32_11.0.0.201905131304/tools/bin/../lib/gcc/arm-none-eabi/8.2.1/../../../../arm-none-eabi/lib/thumb/v6-m/nofp\libcr_c.a(alloc.o)
 .rodata._initio.str1.1
                0x0000301d        0x4 e:/nxp/mcuxpressoide_11.0.0_2516/ide/plugins/com.nxp.mcuxpresso.tools.win32_11.0.0.201905131304/tools/bin/../lib/gcc/arm-none-eabi/8.2.1/../../../../arm-none-eabi/lib/thumb/v6-m/nofp\libcr_c.a(initio.o)
                0x00003024                . = ALIGN (0x4)
 *fill*         0x00003021        0x3 ff

.glue_7         0x00003024        0x0
 .glue_7        0x00003024        0x0 linker stubs

.glue_7t        0x00003024        0x0
 .glue_7t       0x00003024        0x0 linker stubs

.vfp11_veneer   0x00003024        0x0
 .vfp11_veneer  0x00003024        0x0 linker stubs

.v4_bx          0x00003024        0x0
 .v4_bx         0x00003024        0x0 linker stubs

.iplt           0x00003024        0x0
 .iplt          0x00003024        0x0 ./utilities/fsl_debug_console.o

.rel.dyn        0x00003024        0x0
 .rel.iplt      0x00003024        0x0 ./utilities/fsl_debug_console.o

.ARM.extab
 *(SORT_BY_ALIGNMENT(.ARM.extab*) SORT_BY_ALIGNMENT(.gnu.linkonce.armextab.*))
                0x00003024                __exidx_start = .

.ARM.exidx
 *(SORT_BY_ALIGNMENT(.ARM.exidx*) SORT_BY_ALIGNMENT(.gnu.linkonce.armexidx.*))
                0x00003024                __exidx_end = .
                0x00003024                _etext = .

.m_usb_data
 *(SORT_BY_ALIGNMENT(m_usb_bdt))

.mtb_buffer_default
                0x1fffe000       0x80
 *(SORT_BY_ALIGNMENT(.mtb*))
 .mtb.$RAM1     0x1fffe000       0x80 ./source/mtb.o
                0x1fffe000                __mtb_buffer__

.uninit_RESERVED
                0x1fffe080        0x0
                0x1fffe080                . = ALIGN (0x4)
 *(SORT_BY_ALIGNMENT(.bss.$RESERVED*))
                0x1fffe080                . = ALIGN (0x4)
                0x1fffe080                _end_uninit_RESERVED = .

.data           0x1fffe080        0x8 load address 0x00003024
 FILL mask 0xff
                0x1fffe080                _data = .
 *(SORT_BY_ALIGNMENT(vtable))
 *(SORT_BY_ALIGNMENT(.ramfunc*))
 *(SORT_BY_ALIGNMENT(.data*))
 .data.s_slowIrcFreq
                0x1fffe080        0x4 ./drivers/fsl_clock.o
 .data.SystemCoreClock
                0x1fffe084        0x4 ./CMSIS/system_MKL46Z4.o
                0x1fffe084                SystemCoreClock
                0x1fffe088                . = ALIGN (0x4)
                0x1fffe088                _edata = .

.igot.plt       0x1fffe088        0x0 load address 0x0000302c
 .igot.plt      0x1fffe088        0x0 ./utilities/fsl_debug_console.o

.bss            0x1fffe088       0xf4 load address 0x0000302c
                0x1fffe088                . = ALIGN (0x4)
                0x1fffe088                _bss = .
 *(SORT_BY_ALIGNMENT(.bss*))
 .bss.s_debugConsoleIO
                0x1fffe088        0x8 ./utilities/fsl_io.o
 .bss.g_xtal0Freq
                0x1fffe090        0x4 ./drivers/fsl_clock.o
                0x1fffe090                g_xtal0Freq
 .bss.s_i2cHandle
                0x1fffe094        0x8 ./drivers/fsl_i2c.o
 .bss.s_i2cMasterIsr
                0x1fffe09c        0x4 ./drivers/fsl_i2c.o
 .bss.s_i2cSlaveIsr
                0x1fffe0a0        0x4 ./drivers/fsl_i2c.o
 .bss.s_lpsciHandle
                0x1fffe0a4        0x4 ./drivers/fsl_lpsci.o
 .bss.s_lpsciIsr
                0x1fffe0a8        0x4 ./drivers/fsl_lpsci.o
 .bss.s_uartHandle
                0x1fffe0ac        0xc ./drivers/fsl_uart.o
 .bss.s_uartIsr
                0x1fffe0b8        0x4 ./drivers/fsl_uart.o
 .bss.__Ciob    0x1fffe0bc       0xb4 e:/nxp/mcuxpressoide_11.0.0_2516/ide/plugins/com.nxp.mcuxpresso.tools.win32_11.0.0.201905131304/tools/bin/../lib/gcc/arm-none-eabi/8.2.1/../../../../arm-none-eabi/lib/thumb/v6-m/nofp\libcr_semihost_nf.a(__ciob.o)
                0x1fffe0bc                __Ciob
 .bss.__end_of_heap
                0x1fffe170        0x4 e:/nxp/mcuxpressoide_11.0.0_2516/ide/plugins/com.nxp.mcuxpresso.tools.win32_11.0.0.201905131304/tools/bin/../lib/gcc/arm-none-eabi/8.2.1/../../../../arm-none-eabi/lib/thumb/v6-m/nofp\libcr_c.a(__init_alloc.o)
                0x1fffe170                __end_of_heap
 .bss.__heaps   0x1fffe174        0x4 e:/nxp/mcuxpressoide_11.0.0_2516/ide/plugins/com.nxp.mcuxpresso.tools.win32_11.0.0.201905131304/tools/bin/../lib/gcc/arm-none-eabi/8.2.1/../../../../arm-none-eabi/lib/thumb/v6-m/nofp\libcr_c.a(__init_alloc.o)
                0x1fffe174                __heaps
 .bss.errno     0x1fffe178        0x4 e:/nxp/mcuxpressoide_11.0.0_2516/ide/plugins/com.nxp.mcuxpresso.tools.win32_11.0.0.201905131304/tools/bin/../lib/gcc/arm-none-eabi/8.2.1/../../../../arm-none-eabi/lib/thumb/v6-m/nofp\libcr_c.a(errno.o)
                0x1fffe178                errno
 *(SORT_BY_ALIGNMENT(COMMON))
                0x1fffe17c                . = ALIGN (0x4)
                0x1fffe17c                _ebss = .
                [!provide]                PROVIDE (end = .)

.noinit         0x1fffe17c        0x0 load address 0x0000302c
                0x1fffe17c                . = ALIGN (0x4)
                0x1fffe17c                _noinit = .
 *(SORT_BY_ALIGNMENT(.noinit*))
                0x1fffe17c                . = ALIGN (0x4)
                0x1fffe17c                _end_noinit = .
                0x00000800                _HeapSize = 0x800

.heap           0x1fffe17c      0x800 load address 0x0000302c
                0x1fffe17c                _pvHeapStart = .
                0x1fffe97c                . = (. + _HeapSize)
 *fill*         0x1fffe17c      0x800 
                0x1fffe97c                . = ALIGN (0x4)
                0x1fffe97c                _pvHeapLimit = .
                0x00000800                _StackSize = 0x800

.heap2stackfill
                0x1fffe97c      0x800 load address 0x0000302c
                0x1ffff17c                . = (. + _StackSize)
 *fill*         0x1fffe97c      0x800 

.stack          0x20005800        0x0
                0x20005800                _vStackBase = .
                0x20005800                . = ALIGN (0x4)
                0x20006000                _vStackTop = (. + _StackSize)
                0x00000000                _image_start = LOADADDR (.text)
                0x0000302c                _image_end = (LOADADDR (.data) + SIZEOF (.data))
                0x0000302c                _image_size = (_image_end - _image_start)
OUTPUT(Project1CSE325.axf elf32-littlearm)

.debug_info     0x00000000     0xa726
 .debug_info    0x00000000      0x2d0 ./utilities/fsl_debug_console.o
 .debug_info    0x000002d0      0x922 ./utilities/fsl_io.o
 .debug_info    0x00000bf2      0x351 ./utilities/fsl_log.o
 .debug_info    0x00000f43      0x4df ./startup/startup_mkl46z4.o
 .debug_info    0x00001422      0xb1c ./source/Project1CSE325.o
 .debug_info    0x00001f3e       0x53 ./source/mtb.o
 .debug_info    0x00001f91       0x3c ./source/semihost_hardfault.o
 .debug_info    0x00001fcd     0x1ac8 ./drivers/fsl_clock.o
 .debug_info    0x00003a95     0x1afd ./drivers/fsl_i2c.o
 .debug_info    0x00005592     0x1508 ./drivers/fsl_lpsci.o
 .debug_info    0x00006a9a     0x14a9 ./drivers/fsl_uart.o
 .debug_info    0x00007f43      0x80b ./board/board.o
 .debug_info    0x0000874e      0xb45 ./board/clock_config.o
 .debug_info    0x00009293      0x58b ./board/peripherals.o
 .debug_info    0x0000981e      0xac2 ./board/pin_mux.o
 .debug_info    0x0000a2e0      0x446 ./CMSIS/system_MKL46Z4.o

.debug_abbrev   0x00000000     0x1f88
 .debug_abbrev  0x00000000      0x112 ./utilities/fsl_debug_console.o
 .debug_abbrev  0x00000112      0x20f ./utilities/fsl_io.o
 .debug_abbrev  0x00000321      0x197 ./utilities/fsl_log.o
 .debug_abbrev  0x000004b8      0x18d ./startup/startup_mkl46z4.o
 .debug_abbrev  0x00000645      0x222 ./source/Project1CSE325.o
 .debug_abbrev  0x00000867       0x46 ./source/mtb.o
 .debug_abbrev  0x000008ad       0x31 ./source/semihost_hardfault.o
 .debug_abbrev  0x000008de      0x363 ./drivers/fsl_clock.o
 .debug_abbrev  0x00000c41      0x38e ./drivers/fsl_i2c.o
 .debug_abbrev  0x00000fcf      0x325 ./drivers/fsl_lpsci.o
 .debug_abbrev  0x000012f4      0x325 ./drivers/fsl_uart.o
 .debug_abbrev  0x00001619      0x1a7 ./board/board.o
 .debug_abbrev  0x000017c0      0x1f7 ./board/clock_config.o
 .debug_abbrev  0x000019b7      0x194 ./board/peripherals.o
 .debug_abbrev  0x00001b4b      0x2cd ./board/pin_mux.o
 .debug_abbrev  0x00001e18      0x170 ./CMSIS/system_MKL46Z4.o

.debug_aranges  0x00000000      0xa28
 .debug_aranges
                0x00000000       0x30 ./utilities/fsl_debug_console.o
 .debug_aranges
                0x00000030       0x58 ./utilities/fsl_io.o
 .debug_aranges
                0x00000088       0x58 ./utilities/fsl_log.o
 .debug_aranges
                0x000000e0      0x160 ./startup/startup_mkl46z4.o
 .debug_aranges
                0x00000240       0x48 ./source/Project1CSE325.o
 .debug_aranges
                0x00000288       0x18 ./source/mtb.o
 .debug_aranges
                0x000002a0       0x20 ./source/semihost_hardfault.o
 .debug_aranges
                0x000002c0      0x1d8 ./drivers/fsl_clock.o
 .debug_aranges
                0x00000498      0x178 ./drivers/fsl_i2c.o
 .debug_aranges
                0x00000610      0x118 ./drivers/fsl_lpsci.o
 .debug_aranges
                0x00000728      0x130 ./drivers/fsl_uart.o
 .debug_aranges
                0x00000858       0x28 ./board/board.o
 .debug_aranges
                0x00000880       0x58 ./board/clock_config.o
 .debug_aranges
                0x000008d8       0x98 ./board/peripherals.o
 .debug_aranges
                0x00000970       0x88 ./board/pin_mux.o
 .debug_aranges
                0x000009f8       0x30 ./CMSIS/system_MKL46Z4.o

.debug_ranges   0x00000000      0x920
 .debug_ranges  0x00000000       0x20 ./utilities/fsl_debug_console.o
 .debug_ranges  0x00000020       0x48 ./utilities/fsl_io.o
 .debug_ranges  0x00000068       0x48 ./utilities/fsl_log.o
 .debug_ranges  0x000000b0      0x150 ./startup/startup_mkl46z4.o
 .debug_ranges  0x00000200       0x38 ./source/Project1CSE325.o
 .debug_ranges  0x00000238       0x10 ./source/semihost_hardfault.o
 .debug_ranges  0x00000248      0x1c8 ./drivers/fsl_clock.o
 .debug_ranges  0x00000410      0x168 ./drivers/fsl_i2c.o
 .debug_ranges  0x00000578      0x108 ./drivers/fsl_lpsci.o
 .debug_ranges  0x00000680      0x120 ./drivers/fsl_uart.o
 .debug_ranges  0x000007a0       0x18 ./board/board.o
 .debug_ranges  0x000007b8       0x48 ./board/clock_config.o
 .debug_ranges  0x00000800       0x88 ./board/peripherals.o
 .debug_ranges  0x00000888       0x78 ./board/pin_mux.o
 .debug_ranges  0x00000900       0x20 ./CMSIS/system_MKL46Z4.o

.debug_macro    0x00000000     0xc9aa
 .debug_macro   0x00000000      0x139 ./utilities/fsl_debug_console.o
 .debug_macro   0x00000139      0xaa8 ./utilities/fsl_debug_console.o
 .debug_macro   0x00000be1       0x10 ./utilities/fsl_debug_console.o
 .debug_macro   0x00000bf1       0x16 ./utilities/fsl_debug_console.o
 .debug_macro   0x00000c07       0x10 ./utilities/fsl_debug_console.o
 .debug_macro   0x00000c17      0x12e ./utilities/fsl_debug_console.o
 .debug_macro   0x00000d45       0x28 ./utilities/fsl_debug_console.o
 .debug_macro   0x00000d6d       0x16 ./utilities/fsl_debug_console.o
 .debug_macro   0x00000d83       0x22 ./utilities/fsl_debug_console.o
 .debug_macro   0x00000da5      0x5b3 ./utilities/fsl_debug_console.o
 .debug_macro   0x00001358       0x10 ./utilities/fsl_debug_console.o
 .debug_macro   0x00001368       0x3f ./utilities/fsl_debug_console.o
 .debug_macro   0x000013a7       0x1c ./utilities/fsl_debug_console.o
 .debug_macro   0x000013c3       0x22 ./utilities/fsl_debug_console.o
 .debug_macro   0x000013e5       0xb5 ./utilities/fsl_debug_console.o
 .debug_macro   0x0000149a      0x37c ./utilities/fsl_debug_console.o
 .debug_macro   0x00001816       0x38 ./utilities/fsl_debug_console.o
 .debug_macro   0x0000184e     0x87f8 ./utilities/fsl_debug_console.o
 .debug_macro   0x0000a046     0x121a ./utilities/fsl_debug_console.o
 .debug_macro   0x0000b260       0x52 ./utilities/fsl_debug_console.o
 .debug_macro   0x0000b2b2      0x10a ./utilities/fsl_debug_console.o
 .debug_macro   0x0000b3bc       0x74 ./utilities/fsl_debug_console.o
 .debug_macro   0x0000b430       0xd2 ./utilities/fsl_debug_console.o
 .debug_macro   0x0000b502       0x1c ./utilities/fsl_debug_console.o
 .debug_macro   0x0000b51e       0x50 ./utilities/fsl_debug_console.o
 .debug_macro   0x0000b56e      0x123 ./utilities/fsl_io.o
 .debug_macro   0x0000b691       0x1c ./utilities/fsl_io.o
 .debug_macro   0x0000b6ad       0x22 ./utilities/fsl_io.o
 .debug_macro   0x0000b6cf       0x10 ./utilities/fsl_io.o
 .debug_macro   0x0000b6df       0x10 ./utilities/fsl_io.o
 .debug_macro   0x0000b6ef      0x147 ./utilities/fsl_log.o
 .debug_macro   0x0000b836       0x29 ./startup/startup_mkl46z4.o
 .debug_macro   0x0000b85f      0x167 ./source/Project1CSE325.o
 .debug_macro   0x0000b9c6       0xd8 ./source/Project1CSE325.o
 .debug_macro   0x0000ba9e       0x16 ./source/Project1CSE325.o
 .debug_macro   0x0000bab4       0x10 ./source/Project1CSE325.o
 .debug_macro   0x0000bac4      0x15b ./source/Project1CSE325.o
 .debug_macro   0x0000bc1f       0x16 ./source/Project1CSE325.o
 .debug_macro   0x0000bc35       0x1c ./source/Project1CSE325.o
 .debug_macro   0x0000bc51       0x4c ./source/Project1CSE325.o
 .debug_macro   0x0000bc9d      0x1c9 ./source/Project1CSE325.o
 .debug_macro   0x0000be66       0x22 ./source/Project1CSE325.o
 .debug_macro   0x0000be88       0x2f ./source/mtb.o
 .debug_macro   0x0000beb7       0x82 ./source/mtb.o
 .debug_macro   0x0000bf39       0x10 ./source/mtb.o
 .debug_macro   0x0000bf49       0x11 ./source/semihost_hardfault.o
 .debug_macro   0x0000bf5a      0x1b8 ./drivers/fsl_clock.o
 .debug_macro   0x0000c112      0x107 ./drivers/fsl_i2c.o
 .debug_macro   0x0000c219       0x16 ./drivers/fsl_i2c.o
 .debug_macro   0x0000c22f      0x108 ./drivers/fsl_lpsci.o
 .debug_macro   0x0000c337      0x10e ./drivers/fsl_uart.o
 .debug_macro   0x0000c445      0x144 ./board/board.o
 .debug_macro   0x0000c589       0x1c ./board/board.o
 .debug_macro   0x0000c5a5      0x145 ./board/clock_config.o
 .debug_macro   0x0000c6ea      0x11c ./board/peripherals.o
 .debug_macro   0x0000c806      0x10d ./board/pin_mux.o
 .debug_macro   0x0000c913       0x97 ./CMSIS/system_MKL46Z4.o

.debug_line     0x00000000     0x6828
 .debug_line    0x00000000      0x327 ./utilities/fsl_debug_console.o
 .debug_line    0x00000327      0x4ac ./utilities/fsl_io.o
 .debug_line    0x000007d3      0x416 ./utilities/fsl_log.o
 .debug_line    0x00000be9      0x1e7 ./startup/startup_mkl46z4.o
 .debug_line    0x00000dd0      0x4cf ./source/Project1CSE325.o
 .debug_line    0x0000129f       0xd1 ./source/mtb.o
 .debug_line    0x00001370       0x5a ./source/semihost_hardfault.o
 .debug_line    0x000013ca     0x12b7 ./drivers/fsl_clock.o
 .debug_line    0x00002681     0x1372 ./drivers/fsl_i2c.o
 .debug_line    0x000039f3      0xd7e ./drivers/fsl_lpsci.o
 .debug_line    0x00004771      0xd89 ./drivers/fsl_uart.o
 .debug_line    0x000054fa      0x30e ./board/board.o
 .debug_line    0x00005808      0x382 ./board/clock_config.o
 .debug_line    0x00005b8a      0x408 ./board/peripherals.o
 .debug_line    0x00005f92      0x53b ./board/pin_mux.o
 .debug_line    0x000064cd      0x35b ./CMSIS/system_MKL46Z4.o

.debug_str      0x00000000    0x5143f
 .debug_str     0x00000000    0x4a962 ./utilities/fsl_debug_console.o
                              0x4ab6e (size before relaxing)
 .debug_str     0x0004a962      0xb9a ./utilities/fsl_io.o
                              0x4b295 (size before relaxing)
 .debug_str     0x0004b4fc      0x1d8 ./utilities/fsl_log.o
                              0x4a8fc (size before relaxing)
 .debug_str     0x0004b6d4      0x3e4 ./startup/startup_mkl46z4.o
                               0x31a4 (size before relaxing)
 .debug_str     0x0004bab8     0x16e7 ./source/Project1CSE325.o
                              0x4bf41 (size before relaxing)
 .debug_str     0x0004d19f      0x532 ./source/mtb.o
                               0x32b7 (size before relaxing)
 .debug_str     0x0004d6d1       0x1f ./source/semihost_hardfault.o
                               0x2da4 (size before relaxing)
 .debug_str     0x0004d6f0     0x156c ./drivers/fsl_clock.o
                              0x4c3c9 (size before relaxing)
 .debug_str     0x0004ec5c      0xdb8 ./drivers/fsl_i2c.o
                              0x4bb88 (size before relaxing)
 .debug_str     0x0004fa14      0x847 ./drivers/fsl_lpsci.o
                              0x4ba0b (size before relaxing)
 .debug_str     0x0005025b      0x777 ./drivers/fsl_uart.o
                              0x4ba28 (size before relaxing)
 .debug_str     0x000509d2       0x4c ./board/board.o
                              0x4b64d (size before relaxing)
 .debug_str     0x00050a1e      0x334 ./board/clock_config.o
                              0x4b29f (size before relaxing)
 .debug_str     0x00050d52      0x15d ./board/peripherals.o
                              0x4af72 (size before relaxing)
 .debug_str     0x00050eaf      0x532 ./board/pin_mux.o
                              0x4b3a5 (size before relaxing)
 .debug_str     0x000513e1       0x5e ./CMSIS/system_MKL46Z4.o
                              0x49837 (size before relaxing)

.comment        0x00000000       0x75
 .comment       0x00000000       0x75 ./utilities/fsl_debug_console.o
                                 0x76 (size before relaxing)
 .comment       0x00000075       0x76 ./utilities/fsl_io.o
 .comment       0x00000075       0x76 ./utilities/fsl_log.o
 .comment       0x00000075       0x76 ./startup/startup_mkl46z4.o
 .comment       0x00000075       0x76 ./source/Project1CSE325.o
 .comment       0x00000075       0x76 ./source/mtb.o
 .comment       0x00000075       0x76 ./source/semihost_hardfault.o
 .comment       0x00000075       0x76 ./drivers/fsl_clock.o
 .comment       0x00000075       0x76 ./drivers/fsl_i2c.o
 .comment       0x00000075       0x76 ./drivers/fsl_lpsci.o
 .comment       0x00000075       0x76 ./drivers/fsl_uart.o
 .comment       0x00000075       0x76 ./board/board.o
 .comment       0x00000075       0x76 ./board/clock_config.o
 .comment       0x00000075       0x76 ./board/peripherals.o
 .comment       0x00000075       0x76 ./board/pin_mux.o
 .comment       0x00000075       0x76 ./CMSIS/system_MKL46Z4.o
 .comment       0x00000075       0x76 e:/nxp/mcuxpressoide_11.0.0_2516/ide/plugins/com.nxp.mcuxpresso.tools.win32_11.0.0.201905131304/tools/bin/../lib/gcc/arm-none-eabi/8.2.1/../../../../arm-none-eabi/lib/thumb/v6-m/nofp\libcr_semihost_nf.a(_cr__main.o)
 .comment       0x00000075       0x76 e:/nxp/mcuxpressoide_11.0.0_2516/ide/plugins/com.nxp.mcuxpresso.tools.win32_11.0.0.201905131304/tools/bin/../lib/gcc/arm-none-eabi/8.2.1/../../../../arm-none-eabi/lib/thumb/v6-m/nofp\libcr_semihost_nf.a(_cr_assert.o)
 .comment       0x00000075       0x76 e:/nxp/mcuxpressoide_11.0.0_2516/ide/plugins/com.nxp.mcuxpresso.tools.win32_11.0.0.201905131304/tools/bin/../lib/gcc/arm-none-eabi/8.2.1/../../../../arm-none-eabi/lib/thumb/v6-m/nofp\libcr_semihost_nf.a(__ciob.o)
 .comment       0x00000075       0x76 e:/nxp/mcuxpressoide_11.0.0_2516/ide/plugins/com.nxp.mcuxpresso.tools.win32_11.0.0.201905131304/tools/bin/../lib/gcc/arm-none-eabi/8.2.1/../../../../arm-none-eabi/lib/thumb/v6-m/nofp\libcr_c.a(memset.o)
 .comment       0x00000075       0x76 e:/nxp/mcuxpressoide_11.0.0_2516/ide/plugins/com.nxp.mcuxpresso.tools.win32_11.0.0.201905131304/tools/bin/../lib/gcc/arm-none-eabi/8.2.1/../../../../arm-none-eabi/lib/thumb/v6-m/nofp\libcr_c.a(_deferredlazyseek.o)
 .comment       0x00000075       0x76 e:/nxp/mcuxpressoide_11.0.0_2516/ide/plugins/com.nxp.mcuxpresso.tools.win32_11.0.0.201905131304/tools/bin/../lib/gcc/arm-none-eabi/8.2.1/../../../../arm-none-eabi/lib/thumb/v6-m/nofp\libcr_c.a(_fflush.o)
 .comment       0x00000075       0x76 e:/nxp/mcuxpressoide_11.0.0_2516/ide/plugins/com.nxp.mcuxpresso.tools.win32_11.0.0.201905131304/tools/bin/../lib/gcc/arm-none-eabi/8.2.1/../../../../arm-none-eabi/lib/thumb/v6-m/nofp\libcr_c.a(_writebuf.o)
 .comment       0x00000075       0x76 e:/nxp/mcuxpressoide_11.0.0_2516/ide/plugins/com.nxp.mcuxpresso.tools.win32_11.0.0.201905131304/tools/bin/../lib/gcc/arm-none-eabi/8.2.1/../../../../arm-none-eabi/lib/thumb/v6-m/nofp\libcr_c.a(alloc.o)
 .comment       0x00000075       0x76 e:/nxp/mcuxpressoide_11.0.0_2516/ide/plugins/com.nxp.mcuxpresso.tools.win32_11.0.0.201905131304/tools/bin/../lib/gcc/arm-none-eabi/8.2.1/../../../../arm-none-eabi/lib/thumb/v6-m/nofp\libcr_c.a(fputs.o)
 .comment       0x00000075       0x76 e:/nxp/mcuxpressoide_11.0.0_2516/ide/plugins/com.nxp.mcuxpresso.tools.win32_11.0.0.201905131304/tools/bin/../lib/gcc/arm-none-eabi/8.2.1/../../../../arm-none-eabi/lib/thumb/v6-m/nofp\libcr_c.a(fseek.o)
 .comment       0x00000075       0x76 e:/nxp/mcuxpressoide_11.0.0_2516/ide/plugins/com.nxp.mcuxpresso.tools.win32_11.0.0.201905131304/tools/bin/../lib/gcc/arm-none-eabi/8.2.1/../../../../arm-none-eabi/lib/thumb/v6-m/nofp\libcr_c.a(ftell.o)
 .comment       0x00000075       0x76 e:/nxp/mcuxpressoide_11.0.0_2516/ide/plugins/com.nxp.mcuxpresso.tools.win32_11.0.0.201905131304/tools/bin/../lib/gcc/arm-none-eabi/8.2.1/../../../../arm-none-eabi/lib/thumb/v6-m/nofp\libcr_c.a(initio.o)
 .comment       0x00000075       0x76 e:/nxp/mcuxpressoide_11.0.0_2516/ide/plugins/com.nxp.mcuxpresso.tools.win32_11.0.0.201905131304/tools/bin/../lib/gcc/arm-none-eabi/8.2.1/../../../../arm-none-eabi/lib/thumb/v6-m/nofp\libcr_c.a(setvbuf.o)
 .comment       0x00000075       0x76 e:/nxp/mcuxpressoide_11.0.0_2516/ide/plugins/com.nxp.mcuxpresso.tools.win32_11.0.0.201905131304/tools/bin/../lib/gcc/arm-none-eabi/8.2.1/../../../../arm-none-eabi/lib/thumb/v6-m/nofp\libcr_c.a(strlen.o)
 .comment       0x00000075       0x76 e:/nxp/mcuxpressoide_11.0.0_2516/ide/plugins/com.nxp.mcuxpresso.tools.win32_11.0.0.201905131304/tools/bin/../lib/gcc/arm-none-eabi/8.2.1/../../../../arm-none-eabi/lib/thumb/v6-m/nofp\libcr_c.a(__init_alloc.o)
 .comment       0x00000075       0x76 e:/nxp/mcuxpressoide_11.0.0_2516/ide/plugins/com.nxp.mcuxpresso.tools.win32_11.0.0.201905131304/tools/bin/../lib/gcc/arm-none-eabi/8.2.1/../../../../arm-none-eabi/lib/thumb/v6-m/nofp\libcr_c.a(_cr_sbrk.o)
 .comment       0x00000075       0x76 e:/nxp/mcuxpressoide_11.0.0_2516/ide/plugins/com.nxp.mcuxpresso.tools.win32_11.0.0.201905131304/tools/bin/../lib/gcc/arm-none-eabi/8.2.1/../../../../arm-none-eabi/lib/thumb/v6-m/nofp\libcr_c.a(_fdopen.o)
 .comment       0x00000075       0x76 e:/nxp/mcuxpressoide_11.0.0_2516/ide/plugins/com.nxp.mcuxpresso.tools.win32_11.0.0.201905131304/tools/bin/../lib/gcc/arm-none-eabi/8.2.1/../../../../arm-none-eabi/lib/thumb/v6-m/nofp\libcr_c.a(errno.o)
 .comment       0x00000075       0x76 e:/nxp/mcuxpressoide_11.0.0_2516/ide/plugins/com.nxp.mcuxpresso.tools.win32_11.0.0.201905131304/tools/bin/../lib/gcc/arm-none-eabi/8.2.1/../../../../arm-none-eabi/lib/thumb/v6-m/nofp\libcr_c.a(fclose.o)
 .comment       0x00000075       0x76 e:/nxp/mcuxpressoide_11.0.0_2516/ide/plugins/com.nxp.mcuxpresso.tools.win32_11.0.0.201905131304/tools/bin/../lib/gcc/arm-none-eabi/8.2.1/../../../../arm-none-eabi/lib/thumb/v6-m/nofp\libcr_c.a(fflush.o)
 .comment       0x00000075       0x76 e:/nxp/mcuxpressoide_11.0.0_2516/ide/plugins/com.nxp.mcuxpresso.tools.win32_11.0.0.201905131304/tools/bin/../lib/gcc/arm-none-eabi/8.2.1/../../../../arm-none-eabi/lib/thumb/v6-m/nofp\libcr_c.a(remove.o)
 .comment       0x00000075       0x76 e:/nxp/mcuxpressoide_11.0.0_2516/ide/plugins/com.nxp.mcuxpresso.tools.win32_11.0.0.201905131304/tools/bin/../lib/gcc/arm-none-eabi/8.2.1/../../../../arm-none-eabi/lib/thumb/v6-m/nofp\libcr_c.a(_cr_check_heap.o)
 .comment       0x00000075       0x76 e:/nxp/mcuxpressoide_11.0.0_2516/ide/plugins/com.nxp.mcuxpresso.tools.win32_11.0.0.201905131304/tools/bin/../lib/gcc/arm-none-eabi/8.2.1/../../../../arm-none-eabi/lib/thumb/v6-m/nofp\libcr_c.a(_do_fflush.o)

.ARM.attributes
                0x00000000       0x2a
 .ARM.attributes
                0x00000000       0x2c ./utilities/fsl_debug_console.o
 .ARM.attributes
                0x0000002c       0x2c ./utilities/fsl_io.o
 .ARM.attributes
                0x00000058       0x2c ./utilities/fsl_log.o
 .ARM.attributes
                0x00000084       0x2c ./startup/startup_mkl46z4.o
 .ARM.attributes
                0x000000b0       0x2c ./source/Project1CSE325.o
 .ARM.attributes
                0x000000dc       0x32 ./source/mtb.o
 .ARM.attributes
                0x0000010e       0x2c ./source/semihost_hardfault.o
 .ARM.attributes
                0x0000013a       0x2c ./drivers/fsl_clock.o
 .ARM.attributes
                0x00000166       0x2c ./drivers/fsl_i2c.o
 .ARM.attributes
                0x00000192       0x2c ./drivers/fsl_lpsci.o
 .ARM.attributes
                0x000001be       0x2c ./drivers/fsl_uart.o
 .ARM.attributes
                0x000001ea       0x2c ./board/board.o
 .ARM.attributes
                0x00000216       0x2c ./board/clock_config.o
 .ARM.attributes
                0x00000242       0x2c ./board/peripherals.o
 .ARM.attributes
                0x0000026e       0x2c ./board/pin_mux.o
 .ARM.attributes
                0x0000029a       0x2c ./CMSIS/system_MKL46Z4.o
 .ARM.attributes
                0x000002c6       0x2c e:/nxp/mcuxpressoide_11.0.0_2516/ide/plugins/com.nxp.mcuxpresso.tools.win32_11.0.0.201905131304/tools/bin/../lib/gcc/arm-none-eabi/8.2.1/../../../../arm-none-eabi/lib/thumb/v6-m/nofp\libcr_semihost_nf.a(_cr__main.o)
 .ARM.attributes
                0x000002f2       0x2c e:/nxp/mcuxpressoide_11.0.0_2516/ide/plugins/com.nxp.mcuxpresso.tools.win32_11.0.0.201905131304/tools/bin/../lib/gcc/arm-none-eabi/8.2.1/../../../../arm-none-eabi/lib/thumb/v6-m/nofp\libcr_semihost_nf.a(_cr_assert.o)
 .ARM.attributes
                0x0000031e       0x31 e:/nxp/mcuxpressoide_11.0.0_2516/ide/plugins/com.nxp.mcuxpresso.tools.win32_11.0.0.201905131304/tools/bin/../lib/gcc/arm-none-eabi/8.2.1/../../../../arm-none-eabi/lib/thumb/v6-m/nofp\libcr_semihost_nf.a(__ciob.o)
 .ARM.attributes
                0x0000034f       0x1c e:/nxp/mcuxpressoide_11.0.0_2516/ide/plugins/com.nxp.mcuxpresso.tools.win32_11.0.0.201905131304/tools/bin/../lib/gcc/arm-none-eabi/8.2.1/../../../../arm-none-eabi/lib/thumb/v6-m/nofp\libcr_semihost_nf.a(__sys_appexit.o)
 .ARM.attributes
                0x0000036b       0x2c e:/nxp/mcuxpressoide_11.0.0_2516/ide/plugins/com.nxp.mcuxpresso.tools.win32_11.0.0.201905131304/tools/bin/../lib/gcc/arm-none-eabi/8.2.1/../../../../arm-none-eabi/lib/thumb/v6-m/nofp\libcr_c.a(memset.o)
 .ARM.attributes
                0x00000397       0x2c e:/nxp/mcuxpressoide_11.0.0_2516/ide/plugins/com.nxp.mcuxpresso.tools.win32_11.0.0.201905131304/tools/bin/../lib/gcc/arm-none-eabi/8.2.1/../../../../arm-none-eabi/lib/thumb/v6-m/nofp\libcr_c.a(_deferredlazyseek.o)
 .ARM.attributes
                0x000003c3       0x2c e:/nxp/mcuxpressoide_11.0.0_2516/ide/plugins/com.nxp.mcuxpresso.tools.win32_11.0.0.201905131304/tools/bin/../lib/gcc/arm-none-eabi/8.2.1/../../../../arm-none-eabi/lib/thumb/v6-m/nofp\libcr_c.a(_fflush.o)
 .ARM.attributes
                0x000003ef       0x2c e:/nxp/mcuxpressoide_11.0.0_2516/ide/plugins/com.nxp.mcuxpresso.tools.win32_11.0.0.201905131304/tools/bin/../lib/gcc/arm-none-eabi/8.2.1/../../../../arm-none-eabi/lib/thumb/v6-m/nofp\libcr_c.a(_writebuf.o)
 .ARM.attributes
                0x0000041b       0x2c e:/nxp/mcuxpressoide_11.0.0_2516/ide/plugins/com.nxp.mcuxpresso.tools.win32_11.0.0.201905131304/tools/bin/../lib/gcc/arm-none-eabi/8.2.1/../../../../arm-none-eabi/lib/thumb/v6-m/nofp\libcr_c.a(alloc.o)
 .ARM.attributes
                0x00000447       0x2c e:/nxp/mcuxpressoide_11.0.0_2516/ide/plugins/com.nxp.mcuxpresso.tools.win32_11.0.0.201905131304/tools/bin/../lib/gcc/arm-none-eabi/8.2.1/../../../../arm-none-eabi/lib/thumb/v6-m/nofp\libcr_c.a(fputs.o)
 .ARM.attributes
                0x00000473       0x2c e:/nxp/mcuxpressoide_11.0.0_2516/ide/plugins/com.nxp.mcuxpresso.tools.win32_11.0.0.201905131304/tools/bin/../lib/gcc/arm-none-eabi/8.2.1/../../../../arm-none-eabi/lib/thumb/v6-m/nofp\libcr_c.a(fseek.o)
 .ARM.attributes
                0x0000049f       0x2c e:/nxp/mcuxpressoide_11.0.0_2516/ide/plugins/com.nxp.mcuxpresso.tools.win32_11.0.0.201905131304/tools/bin/../lib/gcc/arm-none-eabi/8.2.1/../../../../arm-none-eabi/lib/thumb/v6-m/nofp\libcr_c.a(ftell.o)
 .ARM.attributes
                0x000004cb       0x2c e:/nxp/mcuxpressoide_11.0.0_2516/ide/plugins/com.nxp.mcuxpresso.tools.win32_11.0.0.201905131304/tools/bin/../lib/gcc/arm-none-eabi/8.2.1/../../../../arm-none-eabi/lib/thumb/v6-m/nofp\libcr_c.a(initio.o)
 .ARM.attributes
                0x000004f7       0x2c e:/nxp/mcuxpressoide_11.0.0_2516/ide/plugins/com.nxp.mcuxpresso.tools.win32_11.0.0.201905131304/tools/bin/../lib/gcc/arm-none-eabi/8.2.1/../../../../arm-none-eabi/lib/thumb/v6-m/nofp\libcr_c.a(setvbuf.o)
 .ARM.attributes
                0x00000523       0x2c e:/nxp/mcuxpressoide_11.0.0_2516/ide/plugins/com.nxp.mcuxpresso.tools.win32_11.0.0.201905131304/tools/bin/../lib/gcc/arm-none-eabi/8.2.1/../../../../arm-none-eabi/lib/thumb/v6-m/nofp\libcr_c.a(strlen.o)
 .ARM.attributes
                0x0000054f       0x2c e:/nxp/mcuxpressoide_11.0.0_2516/ide/plugins/com.nxp.mcuxpresso.tools.win32_11.0.0.201905131304/tools/bin/../lib/gcc/arm-none-eabi/8.2.1/../../../../arm-none-eabi/lib/thumb/v6-m/nofp\libcr_c.a(__init_alloc.o)
 .ARM.attributes
                0x0000057b       0x2c e:/nxp/mcuxpressoide_11.0.0_2516/ide/plugins/com.nxp.mcuxpresso.tools.win32_11.0.0.201905131304/tools/bin/../lib/gcc/arm-none-eabi/8.2.1/../../../../arm-none-eabi/lib/thumb/v6-m/nofp\libcr_c.a(_cr_sbrk.o)
 .ARM.attributes
                0x000005a7       0x2c e:/nxp/mcuxpressoide_11.0.0_2516/ide/plugins/com.nxp.mcuxpresso.tools.win32_11.0.0.201905131304/tools/bin/../lib/gcc/arm-none-eabi/8.2.1/../../../../arm-none-eabi/lib/thumb/v6-m/nofp\libcr_c.a(_fdopen.o)
 .ARM.attributes
                0x000005d3       0x31 e:/nxp/mcuxpressoide_11.0.0_2516/ide/plugins/com.nxp.mcuxpresso.tools.win32_11.0.0.201905131304/tools/bin/../lib/gcc/arm-none-eabi/8.2.1/../../../../arm-none-eabi/lib/thumb/v6-m/nofp\libcr_c.a(errno.o)
 .ARM.attributes
                0x00000604       0x2c e:/nxp/mcuxpressoide_11.0.0_2516/ide/plugins/com.nxp.mcuxpresso.tools.win32_11.0.0.201905131304/tools/bin/../lib/gcc/arm-none-eabi/8.2.1/../../../../arm-none-eabi/lib/thumb/v6-m/nofp\libcr_c.a(fclose.o)
 .ARM.attributes
                0x00000630       0x2c e:/nxp/mcuxpressoide_11.0.0_2516/ide/plugins/com.nxp.mcuxpresso.tools.win32_11.0.0.201905131304/tools/bin/../lib/gcc/arm-none-eabi/8.2.1/../../../../arm-none-eabi/lib/thumb/v6-m/nofp\libcr_c.a(fflush.o)
 .ARM.attributes
                0x0000065c       0x2c e:/nxp/mcuxpressoide_11.0.0_2516/ide/plugins/com.nxp.mcuxpresso.tools.win32_11.0.0.201905131304/tools/bin/../lib/gcc/arm-none-eabi/8.2.1/../../../../arm-none-eabi/lib/thumb/v6-m/nofp\libcr_c.a(remove.o)
 .ARM.attributes
                0x00000688       0x2c e:/nxp/mcuxpressoide_11.0.0_2516/ide/plugins/com.nxp.mcuxpresso.tools.win32_11.0.0.201905131304/tools/bin/../lib/gcc/arm-none-eabi/8.2.1/../../../../arm-none-eabi/lib/thumb/v6-m/nofp\libcr_c.a(_cr_check_heap.o)
 .ARM.attributes
                0x000006b4       0x2c e:/nxp/mcuxpressoide_11.0.0_2516/ide/plugins/com.nxp.mcuxpresso.tools.win32_11.0.0.201905131304/tools/bin/../lib/gcc/arm-none-eabi/8.2.1/../../../../arm-none-eabi/lib/thumb/v6-m/nofp\libcr_c.a(_do_fflush.o)
 .ARM.attributes
                0x000006e0       0x1c e:/nxp/mcuxpressoide_11.0.0_2516/ide/plugins/com.nxp.mcuxpresso.tools.win32_11.0.0.201905131304/tools/bin/../lib/gcc/arm-none-eabi/8.2.1/thumb/v6-m/nofp\libcr_eabihelpers.a(division_32.o)
 .ARM.attributes
                0x000006fc       0x1c e:/nxp/mcuxpressoide_11.0.0_2516/ide/plugins/com.nxp.mcuxpresso.tools.win32_11.0.0.201905131304/tools/bin/../lib/gcc/arm-none-eabi/8.2.1/thumb/v6-m/nofp\libcr_eabihelpers.a(division_idiv0.o)
 .ARM.attributes
                0x00000718       0x1c e:/nxp/mcuxpressoide_11.0.0_2516/ide/plugins/com.nxp.mcuxpresso.tools.win32_11.0.0.201905131304/tools/bin/../lib/gcc/arm-none-eabi/8.2.1/thumb/v6-m/nofp\libcr_eabihelpers.a(memcpy.o)
 .ARM.attributes
                0x00000734       0x1c e:/nxp/mcuxpressoide_11.0.0_2516/ide/plugins/com.nxp.mcuxpresso.tools.win32_11.0.0.201905131304/tools/bin/../lib/gcc/arm-none-eabi/8.2.1/../../../../arm-none-eabi/lib/thumb/v6-m/nofp\libcr_semihost_nf.a(__sys_close.o)
 .ARM.attributes
                0x00000750       0x1c e:/nxp/mcuxpressoide_11.0.0_2516/ide/plugins/com.nxp.mcuxpresso.tools.win32_11.0.0.201905131304/tools/bin/../lib/gcc/arm-none-eabi/8.2.1/../../../../arm-none-eabi/lib/thumb/v6-m/nofp\libcr_semihost_nf.a(__sys_flen.o)
 .ARM.attributes
                0x0000076c       0x1c e:/nxp/mcuxpressoide_11.0.0_2516/ide/plugins/com.nxp.mcuxpresso.tools.win32_11.0.0.201905131304/tools/bin/../lib/gcc/arm-none-eabi/8.2.1/../../../../arm-none-eabi/lib/thumb/v6-m/nofp\libcr_semihost_nf.a(__sys_istty.o)
 .ARM.attributes
                0x00000788       0x1c e:/nxp/mcuxpressoide_11.0.0_2516/ide/plugins/com.nxp.mcuxpresso.tools.win32_11.0.0.201905131304/tools/bin/../lib/gcc/arm-none-eabi/8.2.1/../../../../arm-none-eabi/lib/thumb/v6-m/nofp\libcr_semihost_nf.a(__sys_remove.o)
 .ARM.attributes
                0x000007a4       0x1c e:/nxp/mcuxpressoide_11.0.0_2516/ide/plugins/com.nxp.mcuxpresso.tools.win32_11.0.0.201905131304/tools/bin/../lib/gcc/arm-none-eabi/8.2.1/../../../../arm-none-eabi/lib/thumb/v6-m/nofp\libcr_semihost_nf.a(__sys_seek.o)
 .ARM.attributes
                0x000007c0       0x1c e:/nxp/mcuxpressoide_11.0.0_2516/ide/plugins/com.nxp.mcuxpresso.tools.win32_11.0.0.201905131304/tools/bin/../lib/gcc/arm-none-eabi/8.2.1/../../../../arm-none-eabi/lib/thumb/v6-m/nofp\libcr_semihost_nf.a(__sys_tmpnam.o)
 .ARM.attributes
                0x000007dc       0x1c e:/nxp/mcuxpressoide_11.0.0_2516/ide/plugins/com.nxp.mcuxpresso.tools.win32_11.0.0.201905131304/tools/bin/../lib/gcc/arm-none-eabi/8.2.1/../../../../arm-none-eabi/lib/thumb/v6-m/nofp\libcr_semihost_nf.a(__sys_write.o)

.debug_frame    0x00000000     0x2140
 .debug_frame   0x00000000       0x68 ./utilities/fsl_debug_console.o
 .debug_frame   0x00000068      0x108 ./utilities/fsl_io.o
 .debug_frame   0x00000170      0x108 ./utilities/fsl_log.o
 .debug_frame   0x00000278      0x3b0 ./startup/startup_mkl46z4.o
 .debug_frame   0x00000628       0xc4 ./source/Project1CSE325.o
 .debug_frame   0x000006ec       0x20 ./source/semihost_hardfault.o
 .debug_frame   0x0000070c      0x6e0 ./drivers/fsl_clock.o
 .debug_frame   0x00000dec      0x58c ./drivers/fsl_i2c.o
 .debug_frame   0x00001378      0x418 ./drivers/fsl_lpsci.o
 .debug_frame   0x00001790      0x468 ./drivers/fsl_uart.o
 .debug_frame   0x00001bf8       0x50 ./board/board.o
 .debug_frame   0x00001c48      0x100 ./board/clock_config.o
 .debug_frame   0x00001d48      0x1d0 ./board/peripherals.o
 .debug_frame   0x00001f18      0x1c0 ./board/pin_mux.o
 .debug_frame   0x000020d8       0x68 ./CMSIS/system_MKL46Z4.o

Cross Reference Table

Symbol                                            File
ADC0_DriverIRQHandler                             ./startup/startup_mkl46z4.o
ADC0_IRQHandler                                   ./startup/startup_mkl46z4.o
BOARD_ACCEL_I2C_config                            ./board/peripherals.o
BOARD_ACCEL_I2C_init                              ./board/peripherals.o
BOARD_BootClockRUN                                ./board/clock_config.o
BOARD_BootClockVLPR                               ./board/clock_config.o
BOARD_INT1_init                                   ./board/peripherals.o
BOARD_INT2_init                                   ./board/peripherals.o
BOARD_InitACCEL                                   ./board/pin_mux.o
BOARD_InitACCELPeripheral                         ./board/peripherals.o
BOARD_InitBootClocks                              ./board/clock_config.o
                                                  ./source/Project1CSE325.o
BOARD_InitBootPeripherals                         ./board/peripherals.o
                                                  ./source/Project1CSE325.o
BOARD_InitBootPins                                ./board/pin_mux.o
                                                  ./source/Project1CSE325.o
BOARD_InitButtons                                 ./board/pin_mux.o
BOARD_InitButtonsPeripheral                       ./board/peripherals.o
BOARD_InitDEBUG_UART                              ./board/pin_mux.o
BOARD_InitDEBUG_UARTPeripheral                    ./board/peripherals.o
BOARD_InitDebugConsole                            ./board/board.o
                                                  ./source/Project1CSE325.o
BOARD_InitLEDs                                    ./board/pin_mux.o
BOARD_InitLEDsPeripheral                          ./board/peripherals.o
BOARD_InitMAG                                     ./board/pin_mux.o
BOARD_InitMAGPeripheral                           ./board/peripherals.o
BOARD_InitOSC                                     ./board/pin_mux.o
BOARD_InitPeripherals                             ./board/peripherals.o
BOARD_InitPins                                    ./board/pin_mux.o
BOARD_InitSegment_LCD                             ./board/pin_mux.o
BOARD_InitTouch                                   ./board/pin_mux.o
BOARD_InitUSB                                     ./board/pin_mux.o
BOARD_LED_GREEN_init                              ./board/peripherals.o
BOARD_LED_RED_init                                ./board/peripherals.o
BOARD_LPSCI_1_init                                ./board/peripherals.o
BOARD_SW1_SW3_init                                ./board/peripherals.o
CLOCK_BootToBlpeMode                              ./drivers/fsl_clock.o
CLOCK_BootToBlpiMode                              ./drivers/fsl_clock.o
                                                  ./board/clock_config.o
CLOCK_BootToFeeMode                               ./drivers/fsl_clock.o
CLOCK_BootToFeiMode                               ./drivers/fsl_clock.o
CLOCK_BootToPeeMode                               ./drivers/fsl_clock.o
                                                  ./board/clock_config.o
CLOCK_CalcPllDiv                                  ./drivers/fsl_clock.o
CLOCK_ClearStatusFlags                            ./drivers/fsl_clock.o
CLOCK_DeinitOsc0                                  ./drivers/fsl_clock.o
CLOCK_EnablePll0                                  ./drivers/fsl_clock.o
CLOCK_EnableUsbfs0Clock                           ./drivers/fsl_clock.o
CLOCK_ExternalModeToFbeModeQuick                  ./drivers/fsl_clock.o
CLOCK_GetBusClkFreq                               ./drivers/fsl_clock.o
CLOCK_GetCoreSysClkFreq                           ./drivers/fsl_clock.o
CLOCK_GetEr32kClkFreq                             ./drivers/fsl_clock.o
CLOCK_GetFixedFreqClkFreq                         ./drivers/fsl_clock.o
CLOCK_GetFlashClkFreq                             ./drivers/fsl_clock.o
CLOCK_GetFllFreq                                  ./drivers/fsl_clock.o
CLOCK_GetFreq                                     ./drivers/fsl_clock.o
                                                  ./board/peripherals.o
CLOCK_GetInternalRefClkFreq                       ./drivers/fsl_clock.o
CLOCK_GetMode                                     ./drivers/fsl_clock.o
CLOCK_GetOsc0ErClkFreq                            ./drivers/fsl_clock.o
CLOCK_GetOutClkFreq                               ./drivers/fsl_clock.o
CLOCK_GetPlatClkFreq                              ./drivers/fsl_clock.o
CLOCK_GetPll0Freq                                 ./drivers/fsl_clock.o
CLOCK_GetPllFllSelClkFreq                         ./drivers/fsl_clock.o
                                                  ./board/board.o
CLOCK_GetStatusFlags                              ./drivers/fsl_clock.o
CLOCK_InitOsc0                                    ./drivers/fsl_clock.o
                                                  ./board/clock_config.o
CLOCK_InternalModeToFbiModeQuick                  ./drivers/fsl_clock.o
CLOCK_SetBlpeMode                                 ./drivers/fsl_clock.o
CLOCK_SetBlpiMode                                 ./drivers/fsl_clock.o
CLOCK_SetExternalRefClkConfig                     ./drivers/fsl_clock.o
CLOCK_SetFbeMode                                  ./drivers/fsl_clock.o
CLOCK_SetFbiMode                                  ./drivers/fsl_clock.o
CLOCK_SetFeeMode                                  ./drivers/fsl_clock.o
CLOCK_SetFeiMode                                  ./drivers/fsl_clock.o
CLOCK_SetInternalRefClkConfig                     ./drivers/fsl_clock.o
CLOCK_SetMcgConfig                                ./drivers/fsl_clock.o
CLOCK_SetOsc0MonitorMode                          ./drivers/fsl_clock.o
CLOCK_SetPbeMode                                  ./drivers/fsl_clock.o
CLOCK_SetPeeMode                                  ./drivers/fsl_clock.o
CLOCK_SetPll0MonitorMode                          ./drivers/fsl_clock.o
CLOCK_SetSimConfig                                ./drivers/fsl_clock.o
                                                  ./board/clock_config.o
CLOCK_TrimInternalRefClk                          ./drivers/fsl_clock.o
CMP0_DriverIRQHandler                             ./startup/startup_mkl46z4.o
CMP0_IRQHandler                                   ./startup/startup_mkl46z4.o
DAC0_DriverIRQHandler                             ./startup/startup_mkl46z4.o
DAC0_IRQHandler                                   ./startup/startup_mkl46z4.o
DMA0_DriverIRQHandler                             ./startup/startup_mkl46z4.o
DMA0_IRQHandler                                   ./startup/startup_mkl46z4.o
DMA1_DriverIRQHandler                             ./startup/startup_mkl46z4.o
DMA1_IRQHandler                                   ./startup/startup_mkl46z4.o
DMA2_DriverIRQHandler                             ./startup/startup_mkl46z4.o
DMA2_IRQHandler                                   ./startup/startup_mkl46z4.o
DMA3_DriverIRQHandler                             ./startup/startup_mkl46z4.o
DMA3_IRQHandler                                   ./startup/startup_mkl46z4.o
DbgConsole_Deinit                                 ./utilities/fsl_debug_console.o
DbgConsole_Flush                                  ./utilities/fsl_debug_console.o
DbgConsole_Init                                   ./utilities/fsl_debug_console.o
                                                  ./board/board.o
FGPIO_PinInit                                     ./drivers/fsl_gpio.o
FGPIO_PortClearInterruptFlags                     ./drivers/fsl_gpio.o
FGPIO_PortGetInterruptFlags                       ./drivers/fsl_gpio.o
FLASH_Erase                                       ./drivers/fsl_ftfx_flash.o
FLASH_EraseAll                                    ./drivers/fsl_ftfx_flash.o
FLASH_GetProperty                                 ./drivers/fsl_ftfx_flash.o
FLASH_GetSecurityState                            ./drivers/fsl_ftfx_flash.o
FLASH_Init                                        ./drivers/fsl_ftfx_flash.o
FLASH_IsExecuteOnly                               ./drivers/fsl_ftfx_flash.o
FLASH_IsProtected                                 ./drivers/fsl_ftfx_flash.o
FLASH_PflashGetProtection                         ./drivers/fsl_ftfx_flash.o
FLASH_PflashSetProtection                         ./drivers/fsl_ftfx_flash.o
FLASH_Program                                     ./drivers/fsl_ftfx_flash.o
FLASH_ReadResource                                ./drivers/fsl_ftfx_flash.o
FLASH_SecurityBypass                              ./drivers/fsl_ftfx_flash.o
FLASH_VerifyErase                                 ./drivers/fsl_ftfx_flash.o
FLASH_VerifyEraseAll                              ./drivers/fsl_ftfx_flash.o
FLASH_VerifyProgram                               ./drivers/fsl_ftfx_flash.o
FTFA_DriverIRQHandler                             ./startup/startup_mkl46z4.o
FTFA_IRQHandler                                   ./startup/startup_mkl46z4.o
FTFx_API_Init                                     ./drivers/fsl_ftfx_controller.o
                                                  ./drivers/fsl_ftfx_flash.o
FTFx_CACHE_ClearCachePrefetchSpeculation          ./drivers/fsl_ftfx_cache.o
FTFx_CACHE_Init                                   ./drivers/fsl_ftfx_cache.o
FTFx_CACHE_PflashGetPrefetchSpeculation           ./drivers/fsl_ftfx_cache.o
FTFx_CACHE_PflashSetPrefetchSpeculation           ./drivers/fsl_ftfx_cache.o
                                                  ./drivers/fsl_smc.o
FTFx_CMD_Erase                                    ./drivers/fsl_ftfx_controller.o
                                                  ./drivers/fsl_ftfx_flash.o
FTFx_CMD_EraseAll                                 ./drivers/fsl_ftfx_controller.o
                                                  ./drivers/fsl_ftfx_flash.o
FTFx_CMD_EraseAllExecuteOnlySegments              ./drivers/fsl_ftfx_controller.o
FTFx_CMD_Program                                  ./drivers/fsl_ftfx_controller.o
                                                  ./drivers/fsl_ftfx_flash.o
FTFx_CMD_ProgramOnce                              ./drivers/fsl_ftfx_controller.o
FTFx_CMD_ReadOnce                                 ./drivers/fsl_ftfx_controller.o
FTFx_CMD_ReadResource                             ./drivers/fsl_ftfx_controller.o
                                                  ./drivers/fsl_ftfx_flash.o
FTFx_CMD_SecurityBypass                           ./drivers/fsl_ftfx_controller.o
                                                  ./drivers/fsl_ftfx_flash.o
FTFx_CMD_VerifyErase                              ./drivers/fsl_ftfx_controller.o
                                                  ./drivers/fsl_ftfx_flash.o
FTFx_CMD_VerifyEraseAll                           ./drivers/fsl_ftfx_controller.o
                                                  ./drivers/fsl_ftfx_flash.o
FTFx_CMD_VerifyEraseAllExecuteOnlySegments        ./drivers/fsl_ftfx_controller.o
FTFx_CMD_VerifyProgram                            ./drivers/fsl_ftfx_controller.o
                                                  ./drivers/fsl_ftfx_flash.o
FTFx_REG_GetSecurityState                         ./drivers/fsl_ftfx_controller.o
                                                  ./drivers/fsl_ftfx_flash.o
Flash_Config                                      ./startup/startup_mkl46z4.o
GPIO_PinInit                                      ./drivers/fsl_gpio.o
                                                  ./board/pin_mux.o
GPIO_PortClearInterruptFlags                      ./drivers/fsl_gpio.o
GPIO_PortGetInterruptFlags                        ./drivers/fsl_gpio.o
HardFault_Handler                                 ./source/semihost_hardfault.o
                                                  ./startup/startup_mkl46z4.o
I2C0_DriverIRQHandler                             ./drivers/fsl_i2c.o
                                                  ./startup/startup_mkl46z4.o
I2C0_IRQHandler                                   ./startup/startup_mkl46z4.o
I2C1_DriverIRQHandler                             ./drivers/fsl_i2c.o
                                                  ./startup/startup_mkl46z4.o
I2C1_IRQHandler                                   ./startup/startup_mkl46z4.o
I2C_DisableInterrupts                             ./drivers/fsl_i2c.o
I2C_EnableInterrupts                              ./drivers/fsl_i2c.o
I2C_GetInstance                                   ./drivers/fsl_i2c.o
I2C_MasterDeinit                                  ./drivers/fsl_i2c.o
I2C_MasterGetDefaultConfig                        ./drivers/fsl_i2c.o
I2C_MasterGetStatusFlags                          ./drivers/fsl_i2c.o
I2C_MasterInit                                    ./drivers/fsl_i2c.o
                                                  ./board/peripherals.o
I2C_MasterReadBlocking                            ./drivers/fsl_i2c.o
I2C_MasterRepeatedStart                           ./drivers/fsl_i2c.o
I2C_MasterSetBaudRate                             ./drivers/fsl_i2c.o
I2C_MasterStart                                   ./drivers/fsl_i2c.o
I2C_MasterStop                                    ./drivers/fsl_i2c.o
I2C_MasterTransferAbort                           ./drivers/fsl_i2c.o
I2C_MasterTransferBlocking                        ./drivers/fsl_i2c.o
I2C_MasterTransferCreateHandle                    ./drivers/fsl_i2c.o
I2C_MasterTransferGetCount                        ./drivers/fsl_i2c.o
I2C_MasterTransferHandleIRQ                       ./drivers/fsl_i2c.o
I2C_MasterTransferNonBlocking                     ./drivers/fsl_i2c.o
I2C_MasterWriteBlocking                           ./drivers/fsl_i2c.o
I2C_SlaveDeinit                                   ./drivers/fsl_i2c.o
I2C_SlaveGetDefaultConfig                         ./drivers/fsl_i2c.o
I2C_SlaveInit                                     ./drivers/fsl_i2c.o
I2C_SlaveReadBlocking                             ./drivers/fsl_i2c.o
I2C_SlaveTransferAbort                            ./drivers/fsl_i2c.o
I2C_SlaveTransferCreateHandle                     ./drivers/fsl_i2c.o
I2C_SlaveTransferGetCount                         ./drivers/fsl_i2c.o
I2C_SlaveTransferHandleIRQ                        ./drivers/fsl_i2c.o
I2C_SlaveTransferNonBlocking                      ./drivers/fsl_i2c.o
I2C_SlaveWriteBlocking                            ./drivers/fsl_i2c.o
I2S0_DriverIRQHandler                             ./startup/startup_mkl46z4.o
I2S0_IRQHandler                                   ./startup/startup_mkl46z4.o
INT2_init                                         ./board/peripherals.o
IO_Deinit                                         ./utilities/fsl_io.o
                                                  ./utilities/fsl_log.o
IO_Init                                           ./utilities/fsl_io.o
                                                  ./utilities/fsl_log.o
IO_Transfer                                       ./utilities/fsl_io.o
                                                  ./utilities/fsl_log.o
IO_WaitIdle                                       ./utilities/fsl_io.o
                                                  ./utilities/fsl_log.o
IntDefaultHandler                                 ./startup/startup_mkl46z4.o
LCD_DriverIRQHandler                              ./startup/startup_mkl46z4.o
LCD_IRQHandler                                    ./startup/startup_mkl46z4.o
LLWU_DriverIRQHandler                             ./startup/startup_mkl46z4.o
LLWU_IRQHandler                                   ./startup/startup_mkl46z4.o
LOG_Deinit                                        ./utilities/fsl_log.o
                                                  ./utilities/fsl_debug_console.o
LOG_Init                                          ./utilities/fsl_log.o
                                                  ./utilities/fsl_debug_console.o
LOG_Pop                                           ./utilities/fsl_log.o
LOG_Push                                          ./utilities/fsl_log.o
LOG_ReadCharacter                                 ./utilities/fsl_log.o
LOG_ReadLine                                      ./utilities/fsl_log.o
LOG_WaitIdle                                      ./utilities/fsl_log.o
                                                  ./utilities/fsl_debug_console.o
LPSCI_ClearStatusFlags                            ./drivers/fsl_lpsci.o
LPSCI_Deinit                                      ./drivers/fsl_lpsci.o
                                                  ./utilities/fsl_io.o
LPSCI_DisableInterrupts                           ./drivers/fsl_lpsci.o
LPSCI_EnableInterrupts                            ./drivers/fsl_lpsci.o
LPSCI_GetDefaultConfig                            ./drivers/fsl_lpsci.o
                                                  ./utilities/fsl_io.o
LPSCI_GetEnabledInterrupts                        ./drivers/fsl_lpsci.o
LPSCI_GetInstance                                 ./drivers/fsl_lpsci.o
LPSCI_GetStatusFlags                              ./drivers/fsl_lpsci.o
                                                  ./utilities/fsl_io.o
LPSCI_Init                                        ./drivers/fsl_lpsci.o
                                                  ./utilities/fsl_io.o
LPSCI_ReadBlocking                                ./drivers/fsl_lpsci.o
                                                  ./utilities/fsl_io.o
LPSCI_SetBaudRate                                 ./drivers/fsl_lpsci.o
LPSCI_TransferAbortReceive                        ./drivers/fsl_lpsci.o
LPSCI_TransferAbortSend                           ./drivers/fsl_lpsci.o
LPSCI_TransferCreateHandle                        ./drivers/fsl_lpsci.o
LPSCI_TransferGetReceiveCount                     ./drivers/fsl_lpsci.o
LPSCI_TransferGetRxRingBufferLength               ./drivers/fsl_lpsci.o
LPSCI_TransferGetSendCount                        ./drivers/fsl_lpsci.o
LPSCI_TransferHandleErrorIRQ                      ./drivers/fsl_lpsci.o
LPSCI_TransferHandleIRQ                           ./drivers/fsl_lpsci.o
LPSCI_TransferReceiveNonBlocking                  ./drivers/fsl_lpsci.o
LPSCI_TransferSendNonBlocking                     ./drivers/fsl_lpsci.o
LPSCI_TransferStartRingBuffer                     ./drivers/fsl_lpsci.o
LPSCI_TransferStopRingBuffer                      ./drivers/fsl_lpsci.o
LPSCI_WriteBlocking                               ./drivers/fsl_lpsci.o
                                                  ./utilities/fsl_io.o
LPTMR0_DriverIRQHandler                           ./startup/startup_mkl46z4.o
LPTMR0_IRQHandler                                 ./startup/startup_mkl46z4.o
LVD_LVW_DriverIRQHandler                          ./startup/startup_mkl46z4.o
LVD_LVW_IRQHandler                                ./startup/startup_mkl46z4.o
MAG_I2C_config                                    ./board/peripherals.o
MAG_I2C_init                                      ./board/peripherals.o
MCG_DriverIRQHandler                              ./startup/startup_mkl46z4.o
MCG_IRQHandler                                    ./startup/startup_mkl46z4.o
NMI_Handler                                       ./startup/startup_mkl46z4.o
PIT_DriverIRQHandler                              ./startup/startup_mkl46z4.o
PIT_IRQHandler                                    ./startup/startup_mkl46z4.o
PORTA_DriverIRQHandler                            ./startup/startup_mkl46z4.o
PORTA_IRQHandler                                  ./startup/startup_mkl46z4.o
PORTC_PORTD_DriverIRQHandler                      ./startup/startup_mkl46z4.o
PORTC_PORTD_IRQHandler                            ./startup/startup_mkl46z4.o
PendSV_Handler                                    ./startup/startup_mkl46z4.o
RTC_DriverIRQHandler                              ./startup/startup_mkl46z4.o
RTC_IRQHandler                                    ./startup/startup_mkl46z4.o
RTC_Seconds_DriverIRQHandler                      ./startup/startup_mkl46z4.o
RTC_Seconds_IRQHandler                            ./startup/startup_mkl46z4.o
Reserved20_DriverIRQHandler                       ./startup/startup_mkl46z4.o
Reserved20_IRQHandler                             ./startup/startup_mkl46z4.o
ResetISR                                          ./startup/startup_mkl46z4.o
SDK_Free                                          ./drivers/fsl_common.o
SDK_Malloc                                        ./drivers/fsl_common.o
SMC_PostExitStopModes                             ./drivers/fsl_smc.o
SMC_PostExitWaitModes                             ./drivers/fsl_smc.o
SMC_PreEnterStopModes                             ./drivers/fsl_smc.o
SMC_PreEnterWaitModes                             ./drivers/fsl_smc.o
SMC_SetPowerModeLls                               ./drivers/fsl_smc.o
SMC_SetPowerModeRun                               ./drivers/fsl_smc.o
SMC_SetPowerModeStop                              ./drivers/fsl_smc.o
SMC_SetPowerModeVlls                              ./drivers/fsl_smc.o
SMC_SetPowerModeVlpr                              ./drivers/fsl_smc.o
                                                  ./board/clock_config.o
SMC_SetPowerModeVlps                              ./drivers/fsl_smc.o
SMC_SetPowerModeVlpw                              ./drivers/fsl_smc.o
SMC_SetPowerModeWait                              ./drivers/fsl_smc.o
SPI0_DriverIRQHandler                             ./startup/startup_mkl46z4.o
SPI0_IRQHandler                                   ./startup/startup_mkl46z4.o
SPI1_DriverIRQHandler                             ./startup/startup_mkl46z4.o
SPI1_IRQHandler                                   ./startup/startup_mkl46z4.o
SVC_Handler                                       ./startup/startup_mkl46z4.o
StrFormatPrintf                                   ./utilities/fsl_str.o
StrFormatScanf                                    ./utilities/fsl_str.o
SysTick_Handler                                   ./startup/startup_mkl46z4.o
SystemCoreClock                                   ./CMSIS/system_MKL46Z4.o
                                                  ./board/clock_config.o
SystemCoreClockUpdate                             ./CMSIS/system_MKL46Z4.o
SystemInit                                        ./CMSIS/system_MKL46Z4.o
                                                  ./startup/startup_mkl46z4.o
SystemInitHook                                    ./CMSIS/system_MKL46Z4.o
TPM0_DriverIRQHandler                             ./startup/startup_mkl46z4.o
TPM0_IRQHandler                                   ./startup/startup_mkl46z4.o
TPM1_DriverIRQHandler                             ./startup/startup_mkl46z4.o
TPM1_IRQHandler                                   ./startup/startup_mkl46z4.o
TPM2_DriverIRQHandler                             ./startup/startup_mkl46z4.o
TPM2_IRQHandler                                   ./startup/startup_mkl46z4.o
TSI0_DriverIRQHandler                             ./startup/startup_mkl46z4.o
TSI0_IRQHandler                                   ./startup/startup_mkl46z4.o
UART0_DriverIRQHandler                            ./drivers/fsl_lpsci.o
                                                  ./startup/startup_mkl46z4.o
UART0_IRQHandler                                  ./startup/startup_mkl46z4.o
UART1_DriverIRQHandler                            ./drivers/fsl_uart.o
                                                  ./startup/startup_mkl46z4.o
UART1_IRQHandler                                  ./startup/startup_mkl46z4.o
UART1_RX_TX_DriverIRQHandler                      ./drivers/fsl_uart.o
UART2_DriverIRQHandler                            ./drivers/fsl_uart.o
                                                  ./startup/startup_mkl46z4.o
UART2_IRQHandler                                  ./startup/startup_mkl46z4.o
UART2_RX_TX_DriverIRQHandler                      ./drivers/fsl_uart.o
UART_ClearStatusFlags                             ./drivers/fsl_uart.o
UART_Deinit                                       ./drivers/fsl_uart.o
                                                  ./utilities/fsl_io.o
UART_DisableInterrupts                            ./drivers/fsl_uart.o
UART_EnableInterrupts                             ./drivers/fsl_uart.o
UART_GetDefaultConfig                             ./drivers/fsl_uart.o
                                                  ./utilities/fsl_io.o
UART_GetEnabledInterrupts                         ./drivers/fsl_uart.o
UART_GetInstance                                  ./drivers/fsl_uart.o
UART_GetStatusFlags                               ./drivers/fsl_uart.o
                                                  ./utilities/fsl_io.o
UART_Init                                         ./drivers/fsl_uart.o
                                                  ./utilities/fsl_io.o
UART_ReadBlocking                                 ./drivers/fsl_uart.o
                                                  ./utilities/fsl_io.o
UART_SetBaudRate                                  ./drivers/fsl_uart.o
UART_TransferAbortReceive                         ./drivers/fsl_uart.o
UART_TransferAbortSend                            ./drivers/fsl_uart.o
UART_TransferCreateHandle                         ./drivers/fsl_uart.o
UART_TransferGetReceiveCount                      ./drivers/fsl_uart.o
UART_TransferGetRxRingBufferLength                ./drivers/fsl_uart.o
UART_TransferGetSendCount                         ./drivers/fsl_uart.o
UART_TransferHandleErrorIRQ                       ./drivers/fsl_uart.o
UART_TransferHandleIRQ                            ./drivers/fsl_uart.o
UART_TransferReceiveNonBlocking                   ./drivers/fsl_uart.o
UART_TransferSendNonBlocking                      ./drivers/fsl_uart.o
UART_TransferStartRingBuffer                      ./drivers/fsl_uart.o
UART_TransferStopRingBuffer                       ./drivers/fsl_uart.o
UART_WriteBlocking                                ./drivers/fsl_uart.o
                                                  ./utilities/fsl_io.o
USB0_DriverIRQHandler                             ./startup/startup_mkl46z4.o
USB0_IRQHandler                                   ./startup/startup_mkl46z4.o
_Csys_alloc                                       e:/nxp/mcuxpressoide_11.0.0_2516/ide/plugins/com.nxp.mcuxpresso.tools.win32_11.0.0.201905131304/tools/bin/../lib/gcc/arm-none-eabi/8.2.1/../../../../arm-none-eabi/lib/thumb/v6-m/nofp\libcr_c.a(alloc.o)
                                                  e:/nxp/mcuxpressoide_11.0.0_2516/ide/plugins/com.nxp.mcuxpresso.tools.win32_11.0.0.201905131304/tools/bin/../lib/gcc/arm-none-eabi/8.2.1/../../../../arm-none-eabi/lib/thumb/v6-m/nofp\libcr_c.a(_deferredlazyseek.o)
_Cwritebuf                                        e:/nxp/mcuxpressoide_11.0.0_2516/ide/plugins/com.nxp.mcuxpresso.tools.win32_11.0.0.201905131304/tools/bin/../lib/gcc/arm-none-eabi/8.2.1/../../../../arm-none-eabi/lib/thumb/v6-m/nofp\libcr_c.a(_writebuf.o)
                                                  e:/nxp/mcuxpressoide_11.0.0_2516/ide/plugins/com.nxp.mcuxpresso.tools.win32_11.0.0.201905131304/tools/bin/../lib/gcc/arm-none-eabi/8.2.1/../../../../arm-none-eabi/lib/thumb/v6-m/nofp\libcr_c.a(_fflush.o)
                                                  e:/nxp/mcuxpressoide_11.0.0_2516/ide/plugins/com.nxp.mcuxpresso.tools.win32_11.0.0.201905131304/tools/bin/../lib/gcc/arm-none-eabi/8.2.1/../../../../arm-none-eabi/lib/thumb/v6-m/nofp\libcr_c.a(_deferredlazyseek.o)
__CR_SEMIHOST                                     e:/nxp/mcuxpressoide_11.0.0_2516/ide/plugins/com.nxp.mcuxpresso.tools.win32_11.0.0.201905131304/tools/bin/../lib/gcc/arm-none-eabi/8.2.1/../../../../arm-none-eabi/lib/thumb/v6-m/nofp\libcr_semihost_nf.a(_cr__main.o)
__Ciob                                            e:/nxp/mcuxpressoide_11.0.0_2516/ide/plugins/com.nxp.mcuxpresso.tools.win32_11.0.0.201905131304/tools/bin/../lib/gcc/arm-none-eabi/8.2.1/../../../../arm-none-eabi/lib/thumb/v6-m/nofp\libcr_semihost_nf.a(__ciob.o)
                                                  e:/nxp/mcuxpressoide_11.0.0_2516/ide/plugins/com.nxp.mcuxpresso.tools.win32_11.0.0.201905131304/tools/bin/../lib/gcc/arm-none-eabi/8.2.1/../../../../arm-none-eabi/lib/thumb/v6-m/nofp\libcr_c.a(fflush.o)
                                                  e:/nxp/mcuxpressoide_11.0.0_2516/ide/plugins/com.nxp.mcuxpresso.tools.win32_11.0.0.201905131304/tools/bin/../lib/gcc/arm-none-eabi/8.2.1/../../../../arm-none-eabi/lib/thumb/v6-m/nofp\libcr_c.a(initio.o)
                                                  e:/nxp/mcuxpressoide_11.0.0_2516/ide/plugins/com.nxp.mcuxpresso.tools.win32_11.0.0.201905131304/tools/bin/../lib/gcc/arm-none-eabi/8.2.1/../../../../arm-none-eabi/lib/thumb/v6-m/nofp\libcr_semihost_nf.a(_cr_assert.o)
__Vectors                                         ./startup/startup_mkl46z4.o
__aeabi_idiv                                      e:/nxp/mcuxpressoide_11.0.0_2516/ide/plugins/com.nxp.mcuxpresso.tools.win32_11.0.0.201905131304/tools/bin/../lib/gcc/arm-none-eabi/8.2.1/thumb/v6-m/nofp\libcr_eabihelpers.a(division_32.o)
                                                  ./utilities/fsl_str.o